******************************************************************************
                  TI ARM Linker PC v20.2.3                     
******************************************************************************
>> Linked Wed Dec 16 19:35:04 2020

OUTPUT FILE NAME:   <tcp_client_v3.out>
ENTRY POINT SYMBOL: "_c_int00"  address: 0000f3c5


MEMORY CONFIGURATION

         name            origin    length      used     unused   attr    fill
----------------------  --------  ---------  --------  --------  ----  --------
  FLASH                 00000000   00100000  00016923  000e96dd  R  X
  SRAM                  20000000   00040000  0001013c  0002fec4  RW X


SEGMENT ALLOCATION MAP

run origin  load origin   length   init length attrs members
----------  ----------- ---------- ----------- ----- -------
00000000    00000000    00016930   00016930    r-x
  00000000    00000000    0000003c   0000003c    r-- .resetVecs
  00000040    00000040    00013bfa   00013bfa    r-x .text
  00013c3c    00013c3c    00002835   00002835    r-- .const
  00016478    00016478    000004b8   000004b8    r-- .cinit
20000000    20000000    00000360   00000000    rw-
  20000000    20000000    00000360   00000000    rw- .vecs
20000380    20000380    0000fde0   00000000    rw-
  20000380    20000380    0000ec44   00000000    rw- .bss
  2000efc4    2000efc4    00000998   00000000    rw- .data
  2000f960    2000f960    00000800   00000000    rw- .stack


SECTION ALLOCATION MAP

 output                                  attributes/
section   page    origin      length       input sections
--------  ----  ----------  ----------   ----------------
.text      0    00000040    00013bfa     
                  00000040    00000c68     stk.aem4f : tcpin.oem4f (.text:TcpInput)
                  00000ca8    000008b8               : tcpout.oem4f (.text:TcpOutput)
                  00001560    00000430     sysbios.aem4f : BIOS.obj (.text:ti_sysbios_family_arm_m3_Hwi_excDumpRegs__I)
                  00001990    00000408     stk.aem4f : ipout.oem4f (.text:IPTxPacket)
                  00001d98    00000384               : ipin.oem4f (.text:IPRxPacket)
                  0000211c    00000372     nettool_ipv4.aem4f : dnscomn.oem4f (.text:DNSResolveByName)
                  0000248e    00000002     hal_userled_stub.aem4f : llled.oem4f (.text:LED_TOGGLE)
                  00002490    00000350     httpget.obj (.text:httpTask)
                  000027e0    0000034c     ti.targets.arm.rtsarm.aem4f : System.oem4f (.text:xdc_runtime_System_doPrint__I)
                  00002b2c    000002fe     nettool_ipv4.aem4f : dnscomn.oem4f (.text:DNSResolveByAddr)
                  00002e2a    00000002     stk.aem4f : nat.oem4f (.text:NatMsg)
                  00002e2c    000002f8     nettool_ipv4.aem4f : inetaddr.oem4f (.text:getaddrinfo)
                  00003124    000002da                        : dnscomn.oem4f (.text:DNSResolveByNS)
                  000033fe    00000002     os.aem4f : task.oem4f (.text:_TaskInit)
                  00003400    00000284     stk.aem4f : sock.oem4f (.text:SockSet)
                  00003684    0000024c               : ipfrag.oem4f (.text:IPReasm)
                  000038d0    0000023c               : icmpin.oem4f (.text:ICMPInput)
                  00003b0c    00000238               : udp.oem4f (.text:UdpInput)
                  00003d44    00000204     Boot.aem4f : Boot_sysctl.oem4f (.text:ti_catalog_arm_cortexm4_tiva_ce_Boot_sysCtlClockFreqSetI__I)
                  00003f48    000001f4     stk.aem4f : sock.oem4f (.text:SockRecv)
                  0000413c    00000004               : bind.oem4f (.text:BindGetIF)
                  00004140    000001f4     sysbios.aem4f : BIOS.obj (.text:ti_sysbios_family_arm_m3_Hwi_excHandlerMax__I)
                  00004334    000001b8     drivers_tivaware.aem4f : EMACSnow.oem4f (.text:EMACSnow_NIMUInit)
                  000044ec    000001b0     stk.aem4f : lliout.oem4f (.text:LLITxIpPacket)
                  0000469c    000001ac               : lliin.oem4f (.text:LLIRxPacket)
                  00004848    0000019c     os.aem4f : mem.oem4f (.text:mmAlloc)
                  000049e4    0000019a     nettool_ipv4.aem4f : dnsclnt.oem4f (.text:DNSResolve)
                  00004b7e    00000002     os.aem4f : task.oem4f (.text:_TaskShutdown)
                  00004b80    00000198     stk.aem4f : igmp.oem4f (.text:IGMPInput)
                  00004d18    00000198     nettool_ipv4.aem4f : ipaddr.oem4f (.text:NtGetPublicHost)
                  00004eb0    00000190     stk.aem4f : sock.oem4f (.text:SockNew)
                  00005040    00000174     netctrl_min_ipv4.aem4f : netctrl.oem4f (.text:NC_NetStart)
                  000051b4    00000004     stk.aem4f : bind.oem4f (.text:BindGetNext)
                  000051b8    00000174     sysbios.aem4f : BIOS.obj (.text:ti_sysbios_family_arm_m3_Hwi_excBusFault__I)
                  0000532c    00000170     stk.aem4f : rtc.oem4f (.text:RTCReport)
                  0000549c    0000016c     nettool_ipv4.aem4f : dnscomn.oem4f (.text:DNSResolveExternal)
                  00005608    0000016a     stk.aem4f : sb.oem4f (.text:SBRead)
                  00005772    00000006     driverlib.lib : emac.obj (.text:EMACRxDMADescriptorListSet)
                  00005778    00000164     sysbios.aem4f : BIOS.obj (.text:ti_sysbios_family_arm_m3_Hwi_excUsageFault__I)
                  000058dc    00000160     stk.aem4f : sock.oem4f (.text:SockConnect)
                  00005a3c    00000158     nettool_ipv4.aem4f : dhcpmain.oem4f (.text:DHCPOpen)
                  00005b94    00000150     drivers_tivaware.aem4f : GPIOTiva.oem4f (.text:GPIO_setConfig)
                  00005ce4    00000004     http_ndk.aem4f : httpcli.oem4f (.text:HTTPCli_construct)
                  00005ce8    00000150     sysbios.aem4f : BIOS.obj (.text:ti_sysbios_knl_Task_Instance_finalize__E)
                  00005e38    00000148                   : BIOS.obj (.text:ti_sysbios_family_arm_m3_Hwi_excMemFault__I)
                  00005f80    00000144     stk.aem4f : bind.oem4f (.text:BindNew)
                  000060c4    00000140               : tcp.oem4f (.text:TcpTimeoutCheck)
                  00006204    0000013c     nettool_ipv4.aem4f : config.oem4f (.text:CfgAddEntry)
                  00006340    0000013c     stk.aem4f : sockint.oem4f (.text:SockNotify)
                  0000647c    0000013c               : sock.oem4f (.text:SockSend)
                  000065b8    00000138     sysbios.aem4f : BIOS.obj (.text:ti_sysbios_knl_Semaphore_pend__E)
                  000066f0    00000136     nettool_ipv4.aem4f : dnspkt.oem4f (.text:DNSGetReply)
                  00006826    00000002     hal_ser_stub.aem4f : llserstb.oem4f (.text:_llSerialServiceCheck)
                  00006828    00000134     stk.aem4f : icmp.oem4f (.text:ICMPGenPacket)
                  0000695c    00000132     nettool_ipv4.aem4f : dnspkt.oem4f (.text:DNSReadRecord)
                  00006a8e    00000130     driverlib.lib : gpio.obj (.text:GPIOPadConfigSet)
                  00006bbe    00000002     hal_ser_stub.aem4f : llserstb.oem4f (.text:_llSerialShutdown)
                  00006bc0    0000012c     EK_TM4C1294XL.obj (.text:EK_TM4C1294XL_initEMAC)
                  00006cec    00000128     http_ndk.aem4f : httpcli.oem4f (.text:contentHandler)
                  00006e14    00000124     stk.aem4f : sockpcb.oem4f (.text:SockPcbResolve)
                  00006f38    00000124               : udp.oem4f (.text:UdpOutput)
                  0000705c    00000124     httpget.obj (.text:sendData2Server)
                  00007180    00000120     httpget_pem4f.oem4f (.text:ti_ndk_config_Global_stackThread)
                  000072a0    00000118     http_ndk.aem4f : httpcli.oem4f (.text:HTTPCli_connect)
                  000073b8    00000118     stk.aem4f : tcpout.oem4f (.text:TcpGenPacket)
                  000074d0    00000118     ti.targets.arm.rtsarm.aem4f : Error.oem4f (.text:xdc_runtime_Error_policyDefault__E)
                  000075e8    00000114     stk.aem4f : nimu.oem4f (.text:NIMUIoctl)
                  000076fc    00000110               : node.oem4f (.text:NodeTreeFree)
                  0000780c    00000110               : raw.oem4f (.text:RawInput)
                  0000791c    00000110     rtsv7M4_T_le_v4SPD16_eabi.lib : strtoul.c.obj (.text:strtoul)
                  00007a2c    0000010c     stk.aem4f : rtable.oem4f (.text:RtFind)
                  00007b38    0000010a               : route.oem4f (.text:RtCreate)
                  00007c42    00000002     hal_userled_stub.aem4f : llled.oem4f (.text:_llUserLedInit)
                  00007c44    00000108     drivers_tivaware.aem4f : EMACSnow.oem4f (.text:EMACSnow_emacStart)
                  00007d4c    00000004     os.aem4f : ossys.oem4f (.text:NDK_vsprintf)
                  00007d50    00000108     sysbios.aem4f : BIOS.obj (.text:ti_sysbios_family_arm_lm4_Timer_start__E)
                  00007e58    00000106     http_ndk.aem4f : httpcli.oem4f (.text:HTTPCli_getResponseField)
                  00007f5e    00000002     hal_userled_stub.aem4f : llled.oem4f (.text:_llUserLedShutdown)
                  00007f60    00000104     os.aem4f : task.oem4f (.text:llEnter)
                  00008064    00000102     nettool_ipv4.aem4f : dhcppkt.oem4f (.text:dhcpPacketProcess)
                  00008166    00000102                        : inetaddr.oem4f (.text:inet_aton)
                  00008268    00000100     stk.aem4f : igmp.oem4f (.text:IGMPSendReply)
                  00008368    00000100     ti.targets.arm.rtsarm.aem4f : Core-mem.oem4f (.text:xdc_runtime_Core_createObject__I)
                  00008468    000000fc     netctrl_min_ipv4.aem4f : netctrl.oem4f (.text:NetScheduler)
                  00008564    000000f8     stk.aem4f : pipe.oem4f (.text:PipeRecv)
                  0000865c    000000f8     ti.targets.arm.rtsarm.aem4f : Startup.oem4f (.text:xdc_runtime_Startup_startMods__I)
                  00008754    000000f8     httpget_pem4f.oem4f (.text:xdc_runtime_System_printfExtend__I)
                  0000884c    000000f4     os.aem4f : task.oem4f (.text:TaskGetEnv)
                  00008940    000000f4     sysbios.aem4f : m3_Hwi_asm.obj (.text:ti_sysbios_family_arm_m3_Hwi_dispatch__I)
                  00008a34    00000004     stk.aem4f : node.oem4f (.text:NodeSetRt)
                  00008a38    000000f4     sysbios.aem4f : BIOS.obj (.text:ti_sysbios_knl_Task_Instance_init__E)
                  00008b2c    000000f2     http_ndk.aem4f : httpcli.oem4f (.text:bufferedRecv)
                  00008c1e    00000002     rtsv7M4_T_le_v4SPD16_eabi.lib : _lock.c.obj (.text:_nop)
                  00008c20    000000f0     stk.aem4f : lliout.oem4f (.text:LLIGenArpPacket)
                  00008d10    000000f0               : sock.oem4f (.text:SockClose)
                  00008e00    000000ee     nettool_ipv4.aem4f : dnspkt.oem4f (.text:DNSWriteRecord)
                  00008eee    00000002     hal_ser_stub.aem4f : llserstb.oem4f (.text:llSerialService)
                  00008ef0    000000ec     http_ndk.aem4f : httpcli.oem4f (.text:redirect)
                  00008fdc    00000004     stk.aem4f : rawethsock_prot.oem4f (.text:RawEthSockPrAttach)
                  00008fe0    000000ec     sysbios.aem4f : BIOS.obj (.text:ti_sysbios_knl_Task_postInit__I)
                  000090cc    000000e8     os.aem4f : task.oem4f (.text:TaskSetEnv)
                  000091b4    000000e6     nettool_ipv4.aem4f : dnspkt.oem4f (.text:DNSWriteName)
                  0000929a    00000002     rtsv7M4_T_le_v4SPD16_eabi.lib : div0.asm.obj (.text)
                  0000929c    000000e6     http_ndk.aem4f : httpcli.oem4f (.text:HTTPCli_initSockAddr)
                  00009382    00000002     httpget_pem4f.oem4f (.text:ti_ndk_config_Global_NetworkClose)
                  00009384    000000e0     stk.aem4f : tcptime.oem4f (.text:TcpTimeoutRexmt)
                  00009464    000000dc               : sb.oem4f (.text:SBWrite)
                  00009540    000000dc     nettool_ipv4.aem4f : dhcpsock.oem4f (.text:dhcpSocketOpen)
                  0000961c    000000dc                        : dhcpsm.oem4f (.text:dhcpState)
                  000096f8    000000d8     stk.aem4f : node.oem4f (.text:NodeAdd)
                  000097d0    000000d8               : tcpprot.oem4f (.text:TcpPrSetOption)
                  000098a8    000000d4     drivers_tivaware.aem4f : EMACSnow.oem4f (.text:EMACSnow_handleRx)
                  0000997c    000000d4     stk.aem4f : sockpcb.oem4f (.text:SockPcbBind)
                  00009a50    000000d4     sysbios.aem4f : BIOS.obj (.text:ti_sysbios_heaps_HeapMem_alloc__E)
                  00009b24    000000d1     stk.aem4f : nimu.oem4f (.text:NIMUReceivePacket)
                  00009bf5    00000001     --HOLE-- [fill = 0]
                  00009bf6    00000002     httpget_pem4f.oem4f (.text:ti_ndk_config_Global_NetworkOpen)
                  00009bf8    000000cc     stk.aem4f : icmp.oem4f (.text:ICMPSendRtAdv)
                  00009cc4    000000cc     nettool_ipv4.aem4f : dhcpbild.oem4f (.text:dhcpBuildHeader)
                  00009d90    000000cc                        : dhcpsm.oem4f (.text:dhcpIPAdd)
                  00009e5c    000000cc                        : dhcppkt.oem4f (.text:dhcpVerifyMessage)
                  00009f28    000000cc     ti.targets.arm.rtsarm.aem4f : Core-smem.oem4f (.text:xdc_runtime_Core_constructObject__I)
                  00009ff4    000000c8     stk.aem4f : rawethsock.oem4f (.text:RawEthSockNew)
                  0000a0bc    000000c8     netctrl_min_ipv4.aem4f : netsrv.oem4f (.text:SPIpNet)
                  0000a184    000000c8     httpget.obj (.text:netIPAddrHook)
                  0000a24c    00000004     stk.aem4f : rawethsock_prot.oem4f (.text:RawEthSockPrDetach)
                  0000a250    000000c8     sysbios.aem4f : BIOS.obj (.text:ti_sysbios_knl_Task_sleep__E)
                  0000a318    000000c4     drivers_tivaware.aem4f : EMACSnow.oem4f (.text:EMACSnow_InitDMADescriptors)
                  0000a3dc    000000c4     stk.aem4f : igmp.oem4f (.text:IGMPJoinHostGroup)
                  0000a4a0    000000c4     nettool_ipv4.aem4f : dhcpsm.oem4f (.text:StateBound)
                  0000a564    000000c4     http_ndk.aem4f : httpcli.oem4f (.text:getChunkedData)
                  0000a628    000000c2     nettool_ipv4.aem4f : dnspkt.oem4f (.text:DNSReadName)
                  0000a6ea    00000002     httpget_pem4f.oem4f (.text:ti_sysbios_BIOS_nullFunc__I)
                  0000a6ec    000000be     nettool_ipv4.aem4f : dnsclnt.oem4f (.text:DNSGetHostByName)
                  0000a7aa    000000bc     stk.aem4f : sockpcb.oem4f (.text:SockPcbFind)
                  0000a866    00000002     httpget_pem4f.oem4f (.text:xdc_runtime_Startup_reset__I)
                  0000a868    000000bc     stk.aem4f : vlan.oem4f (.text:VLANDeinit)
                  0000a924    00000004     os.aem4f : semaphore.oem4f (.text:SemPend)
                  0000a928    000000bc     sysbios.aem4f : BIOS.obj (.text:ti_sysbios_family_arm_m3_Hwi_excDebugMon__I)
                  0000a9e4    00000004     os.aem4f : semaphore.oem4f (.text:SemPost)
                  0000a9e8    000000bc     sysbios.aem4f : BIOS.obj (.text:ti_sysbios_family_arm_m3_Hwi_excHardFault__I)
                  0000aaa4    00000004     os.aem4f : semaphore.oem4f (.text:SemReset)
                  0000aaa8    000000bc     sysbios.aem4f : BIOS.obj (.text:ti_sysbios_knl_Task_exit__E)
                  0000ab64    000000b8     EK_TM4C1294XL.obj (.text:EK_TM4C1294XL_initGeneral)
                  0000ac1c    000000b8     stk.aem4f : icmpin.oem4f (.text:ICMPRevSrcRoute)
                  0000acd4    000000b8               : lli.oem4f (.text:_LLITimeoutCheck)
                  0000ad8c    000000b4               : tcptime.oem4f (.text:TcpTimeoutKeep)
                  0000ae40    000000b4     http_ndk.aem4f : httpcli.oem4f (.text:getStatus)
                  0000aef4    00000004     network_ndk.aem4f : ssock.oem4f (.text:Ssock_getSocket)
                  0000aef8    000000b4     sysbios.aem4f : BIOS.obj (.text:ti_sysbios_knl_Task_checkStacks__E)
                  0000afac    000000b1     nettool_ipv4.aem4f : inetaddr.oem4f (.text:createAddrInfo)
                  0000b05d    00000001     --HOLE-- [fill = 0]
                  0000b05e    000000b0     stk.aem4f : rawethsock.oem4f (.text:RawEthSockSet)
                  0000b10e    00000002     --HOLE-- [fill = 0]
                  0000b110    000000ac               : rtable.oem4f (.text:RtTimeoutCheck)
                  0000b1bc    000000ac     http_ndk.aem4f : httpcli.oem4f (.text:httpProxyTunnel)
                  0000b268    000000ac     sysbios.aem4f : BIOS.obj (.text:ti_sysbios_family_arm_lm4_Timer_enableTiva__I)
                  0000b314    000000aa     network_ndk.aem4f : ssock.oem4f (.text:Ssock_send)
                  0000b3be    00000002     --HOLE-- [fill = 0]
                  0000b3c0    000000a8     stk.aem4f : sockint.oem4f (.text:SockCreatePacket)
                  0000b468    000000a4     sysbios.aem4f : BIOS.obj (.text:ti_sysbios_knl_Task_setPri__E)
                  0000b50c    000000a0     stk.aem4f : ip.oem4f (.text:IPGetRoute)
                  0000b5ac    000000a0     auto_init.aem4f : auto_init.oem4f (.text)
                  0000b64c    000000a0     ti.targets.arm.rtsarm.aem4f : Text.oem4f (.text:xdc_runtime_Text_putMod__E)
                  0000b6ec    0000009e     stk.aem4f : nimu.oem4f (.text:NIMUAddEthernetHeader)
                  0000b78a    0000009e     nettool_ipv4.aem4f : dhcpbild.oem4f (.text:dhcpBuildRequest)
                  0000b828    0000009e     httpget.obj (.text:main)
                  0000b8c6    00000002     --HOLE-- [fill = 0]
                  0000b8c8    0000009c     stk.aem4f : exec.oem4f (.text:ExecOpen)
                  0000b964    0000009c     rtsv7M4_T_le_v4SPD16_eabi.lib : memcpy_t2.asm.obj (.text)
                  0000ba00    0000009a     ti.targets.arm.rtsarm.aem4f : Text.oem4f (.text:xdc_runtime_Text_putSite__E)
                  0000ba9a    00000002     --HOLE-- [fill = 0]
                  0000ba9c    00000098     netctrl_min_ipv4.aem4f : netctrl.oem4f (.text:NC_SystemOpen)
                  0000bb34    00000098                            : netsrv.oem4f (.text:ServiceScan)
                  0000bbcc    00000098     Boot.aem4f : Boot.oem4f (.text:ti_catalog_arm_cortexm4_tiva_ce_Boot_sysCtlClockFreqSet__E)
                  0000bc64    00000004     os.aem4f : task.oem4f (.text:TaskSelf)
                  0000bc68    00000098     sysbios.aem4f : BIOS.obj (.text:ti_sysbios_knl_Task_schedule__I)
                  0000bd00    00000094     nettool_ipv4.aem4f : config.oem4f (.text:CfgRemoveEntry)
                  0000bd94    00000004     os.aem4f : task.oem4f (.text:TaskSetPri)
                  0000bd98    00000094     sysbios.aem4f : BIOS.obj (.text:ti_sysbios_family_arm_m3_Hwi_Instance_init__E)
                  0000be2c    00000004     hal_ser_stub.aem4f : llserstb.oem4f (.text:_llSerialInit)
                  0000be30    00000094     sysbios.aem4f : BIOS.obj (.text:ti_sysbios_family_arm_m3_Hwi_initNVIC__E)
                  0000bec4    00000090     nettool_ipv4.aem4f : config.oem4f (.text:CfgExecute)
                  0000bf54    00000090     stk.aem4f : igmp.oem4f (.text:IGMPMsg)
                  0000bfe4    00000090     os.aem4f : mem.oem4f (.text:mmBulkAlloc)
                  0000c074    00000090     http_ndk.aem4f : httpcli.oem4f (.text:readLine)
                  0000c104    00000004     rtsv7M4_T_le_v4SPD16_eabi.lib : exit.c.obj (.text:abort:abort)
                  0000c108    00000090     sysbios.aem4f : BIOS.obj (.text:ti_sysbios_knl_Task_Module_startup__E)
                  0000c198    00000090                   : BIOS.obj (.text:ti_sysbios_knl_Task_startCore__E)
                  0000c228    0000008c     nettool_ipv4.aem4f : dnscomn.oem4f (.text:DNSResolveQuery)
                  0000c2b4    0000008c     drivers_tivaware.aem4f : GPIOTiva.oem4f (.text:GPIO_init)
                  0000c340    0000008c     stk.aem4f : ip.oem4f (.text:IPMsg)
                  0000c3cc    0000008c     os.aem4f : mem.oem4f (.text:_mmInit)
                  0000c458    0000008c              : mem.oem4f (.text:mmInitPage)
                  0000c4e4    0000008c     sysbios.aem4f : m3_TaskSupport_asm.obj (.text:ti_sysbios_family_arm_m3_TaskSupport_buildTaskStack)
                  0000c570    0000008a     netctrl_min_ipv4.aem4f : netsrv.oem4f (.text:SPRoute)
                  0000c5fa    00000002     --HOLE-- [fill = 0]
                  0000c5fc    00000088                            : netsrv.oem4f (.text:ServiceSpawn)
                  0000c684    00000088     stk.aem4f : sockpcb.oem4f (.text:SockPcbCtlError)
                  0000c70c    00000087     httpget_pem4f.oem4f (.text:ti_ndk_config_Global_NetworkIPAddr)
                  0000c793    00000001     --HOLE-- [fill = 0]
                  0000c794    00000086     nettool_ipv4.aem4f : dhcpsm.oem4f (.text:StateRequesting)
                  0000c81a    00000002     --HOLE-- [fill = 0]
                  0000c81c    00000084                        : config.oem4f (.text:CfgGetEntry)
                  0000c8a0    00000084     drivers_tivaware.aem4f : EMACSnow.oem4f (.text:EMACSnow_processPhyInterrupt)
                  0000c924    00000084     stk.aem4f : tcpprot.oem4f (.text:TcpPrAttach)
                  0000c9a8    00000084     os.aem4f : mem.oem4f (.text:mmBulkFree)
                  0000ca2c    00000084              : mem.oem4f (.text:mmFree)
                  0000cab0    00000084     sysbios.aem4f : BIOS.obj (.text:ti_sysbios_family_arm_m3_Hwi_postInit__I)
                  0000cb34    00000082     nettool_ipv4.aem4f : dhcpsm.oem4f (.text:StateRenewRebind)
                  0000cbb6    00000002     --HOLE-- [fill = 0]
                  0000cbb8    00000080     drivers_tivaware.aem4f : EMACSnow.oem4f (.text:EMACSnow_emacStop)
                  0000cc38    00000080                            : EMACSnow.oem4f (.text:EMACSnow_processPendingTx)
                  0000ccb8    00000080     stk.aem4f : lli.oem4f (.text:LLINew)
                  0000cd38    00000080     netctrl_min_ipv4.aem4f : netsrv.oem4f (.text:NS_BootTask)
                  0000cdb8    00000080     stk.aem4f : pbm.oem4f (.text:PBM_alloc)
                  0000ce38    00000080               : raw.oem4f (.text:RawOutput)
                  0000ceb8    0000007e               : fileuser.oem4f (.text:fdClose)
                  0000cf36    00000002     --HOLE-- [fill = 0]
                  0000cf38    0000007c     nettool_ipv4.aem4f : config.oem4f (.text:CfgGetNextEntry)
                  0000cfb4    0000007c     drivers_tivaware.aem4f : EMACSnow.oem4f (.text:EMACSnow_hwiIntFxn)
                  0000d030    0000007c     stk.aem4f : igmp.oem4f (.text:IGMPDoMCast)
                  0000d0ac    0000007c               : igmp.oem4f (.text:IGMPJoin)
                  0000d128    0000007c               : socket.oem4f (.text:NDK_setsockopt)
                  0000d1a4    0000007c               : nimu.oem4f (.text:NIMURegister)
                  0000d220    0000007c               : pbm.oem4f (.text:PBM_free)
                  0000d29c    0000007c     nettool_ipv4.aem4f : inetaddr.oem4f (.text:inet_pton)
                  0000d318    0000007c     sysbios.aem4f : BIOS.obj (.text:ti_sysbios_heaps_HeapMem_free__E)
                  0000d394    0000007a     rtsv7M4_T_le_v4SPD16_eabi.lib : memset_t2.asm.obj (.text)
                  0000d40e    00000002     --HOLE-- [fill = 0]
                  0000d410    00000078     driverlib.lib : emac.obj (.text:EMACInit)
                  0000d488    00000078     stk.aem4f : socket.oem4f (.text:NDK_sendto)
                  0000d500    00000078               : tcptime.oem4f (.text:TcpXmitTimer)
                  0000d578    00000078               : fileuser.oem4f (.text:fdOpenSession)
                  0000d5f0    00000078     os.aem4f : task.oem4f (.text:llExit)
                  0000d668    00000076     stk.aem4f : pipe.oem4f (.text:PipeSend)
                  0000d6de    00000002     --HOLE-- [fill = 0]
                  0000d6e0    00000075               : tcptime.oem4f (.text:TcpTimeoutSackRexmt)
                  0000d755    00000003     --HOLE-- [fill = 0]
                  0000d758    00000074               : igmp.oem4f (.text:IGMPLeaveHostGroup)
                  0000d7cc    00000074               : nimu.oem4f (.text:NIMUShutdown)
                  0000d840    00000074               : raweth.oem4f (.text:RawEthRxPacket)
                  0000d8b4    00000074               : sockpcb.oem4f (.text:SockPcbConnect)
                  0000d928    00000074     nettool_ipv4.aem4f : inetaddr.oem4f (.text:setAddrInfo)
                  0000d99c    00000072     os.aem4f : semaphore.oem4f (.text:SemCreateBinary)
                  0000da0e    00000002     --HOLE-- [fill = 0]
                  0000da10    00000070     http_ndk.aem4f : httpcli.oem4f (.text:HTTPCli_sendRequest)
                  0000da80    00000070     stk.aem4f : socket.oem4f (.text:NDK_send)
                  0000daf0    00000070               : rtable.oem4f (.text:RtFlush)
                  0000db60    00000070     netctrl_min_ipv4.aem4f : netsrv.oem4f (.text:SPConfig)
                  0000dbd0    00000070     stk.aem4f : sock.oem4f (.text:SockShutdown)
                  0000dc40    00000070     nettool_ipv4.aem4f : dhcptags.oem4f (.text:dhcpDecodeType)
                  0000dcb0    00000070     sysbios.aem4f : BIOS.obj (.text:ti_sysbios_knl_Clock_workFunc__E)
                  0000dd20    0000006e     stk.aem4f : socket.oem4f (.text:NDK_recv)
                  0000dd8e    00000002     --HOLE-- [fill = 0]
                  0000dd90    0000006e               : rtable.oem4f (.text:RtWalkNext)
                  0000ddfe    0000006e               : sockpcb.oem4f (.text:SockPcbFindRaw)
                  0000de6c    0000006d               : node.oem4f (.text:NodeNew)
                  0000ded9    00000003     --HOLE-- [fill = 0]
                  0000dedc    0000006d     ti.targets.arm.rtsarm.aem4f : System.oem4f (.text:xdc_runtime_System_formatNum__I)
                  0000df49    00000003     --HOLE-- [fill = 0]
                  0000df4c    0000006c     os.aem4f : ossys.oem4f (.text:DbgPrintf)
                  0000dfb8    0000006c     stk.aem4f : node.oem4f (.text:NodeTreeNew)
                  0000e024    0000006c               : raweth.oem4f (.text:RawEthTxPacket)
                  0000e090    0000006c               : udp.oem4f (.text:UdpChecksum)
                  0000e0fc    0000006c     http_ndk.aem4f : httpcli.oem4f (.text:checkContentField)
                  0000e168    0000006c     httpget_pem4f.oem4f (.text:ti_ndk_config_ip_init)
                  0000e1d4    00000004     stk.aem4f : listlib.oem4f (.text:list_get_head)
                  0000e1d8    0000006c     sysbios.aem4f : BIOS.obj (.text:ti_sysbios_knl_Swi_restoreHwi__E)
                  0000e244    0000006c     ti.targets.arm.rtsarm.aem4f : Error.oem4f (.text:xdc_runtime_Error_print__E)
                  0000e2b0    0000006c                                 : Memory.oem4f (.text:xdc_runtime_Memory_alloc__E)
                  0000e31c    0000006a     stk.aem4f : tcpprot.oem4f (.text:TcpPrInherit)
                  0000e386    00000068               : socket.oem4f (.text:NDK_socket)
                  0000e3ee    00000002     --HOLE-- [fill = 0]
                  0000e3f0    00000068               : pbm.oem4f (.text:PBM_open)
                  0000e458    00000068               : rtable.oem4f (.text:_RtNodeInsert)
                  0000e4c0    00000068     rtsv7M4_T_le_v4SPD16_eabi.lib : copy_decompress_lzss.c.obj (.text:decompress:lzss:__TI_decompress_lzss)
                  0000e528    00000066     ti.targets.arm.rtsarm.aem4f : Core-mem.oem4f (.text:xdc_runtime_Core_deleteObject__I)
                  0000e58e    00000002     --HOLE-- [fill = 0]
                  0000e590    00000064     nettool_ipv4.aem4f : config.oem4f (.text:CfgFree)
                  0000e5f4    00000064     drivers_tivaware.aem4f : GPIOTiva.oem4f (.text:GPIO_hwiIntFxn)
                  0000e658    00000064     stk.aem4f : pbm.oem4f (.text:PBMQ_enq)
                  0000e6bc    00000064               : sockint.oem4f (.text:SockSpawnAbort)
                  0000e720    00000064     hal_timer_bios.aem4f : lltimer.oem4f (.text:llTimerTick)
                  0000e784    00000004     stk.aem4f : listlib.oem4f (.text:list_get_next)
                  0000e788    00000064     sysbios.aem4f : BIOS.obj (.text:ti_sysbios_family_arm_lm4_Timer_Module_startup__E)
                  0000e7ec    00000064     httpget_pem4f.oem4f (.text:ti_sysbios_family_arm_m3_Hwi_create)
                  0000e850    00000064     sysbios.aem4f : BIOS.obj (.text:ti_sysbios_family_arm_m3_Hwi_dispatchC__I)
                  0000e8b4    00000004     http_ndk.aem4f : httpcli.oem4f (.text:threadExit)
                  0000e8b8    00000064     sysbios.aem4f : BIOS.obj (.text:ti_sysbios_knl_Semaphore_post__E)
                  0000e91c    00000064     stk.aem4f : lliin.oem4f (.text:updateRtTable)
                  0000e980    00000062               : ipin.oem4f (.text:IPRouteIP)
                  0000e9e2    00000002     --HOLE-- [fill = 0]
                  0000e9e4    00000062               : sb.oem4f (.text:SBNew)
                  0000ea46    00000002     --HOLE-- [fill = 0]
                  0000ea48    00000060     nettool_ipv4.aem4f : config.oem4f (.text:CfgGetEntryCnt)
                  0000eaa8    00000060     stk.aem4f : file.oem4f (.text:FdWaitEvent)
                  0000eb08    00000060               : nimu.oem4f (.text:NIMUUnregister)
                  0000eb68    00000060               : node.oem4f (.text:NodeFind)
                  0000ebc8    00000060               : rtc.oem4f (.text:RTCMsg)
                  0000ec28    00000060               : tcp.oem4f (.text:TcpChecksum)
                  0000ec88    00000060     nettool_ipv4.aem4f : dhcptags.oem4f (.text:dhcpBuildOptions)
                  0000ece8    00000060     httpget_pem4f.oem4f (.text:ti_ndk_config_Global_serviceReport)
                  0000ed48    0000005e     stk.aem4f : route.oem4f (.text:RtRemove)
                  0000eda6    0000005e     nettool_ipv4.aem4f : dhcpsm.oem4f (.text:StateSelecting)
                  0000ee04    0000005e     stk.aem4f : vlan.oem4f (.text:VLANReceivePacket)
                  0000ee62    00000002     --HOLE-- [fill = 0]
                  0000ee64    0000005c     nettool_ipv4.aem4f : config.oem4f (.text:CfgSetExecuteOrder)
                  0000eec0    0000005c     stk.aem4f : nimu.oem4f (.text:NIMUIoctlSpecialCmd)
                  0000ef1c    0000005c     netctrl_min_ipv4.aem4f : netsrv.oem4f (.text:SPService)
                  0000ef78    0000005c     httpget_pem4f.oem4f (.text:ti_sysbios_knl_Swi_create)
                  0000efd4    00000004     httpget_pem4f.oem4f (.text:ti_sysbios_BIOS_RtsGateProxy_enter__E)
                  0000efd8    0000005c     sysbios.aem4f : BIOS.obj (.text:ti_sysbios_knl_Swi_run__I)
                  0000f034    00000004     httpget_pem4f.oem4f (.text:ti_sysbios_BIOS_RtsGateProxy_leave__E)
                  0000f038    0000005c     sysbios.aem4f : BIOS.obj (.text:ti_sysbios_knl_Swi_schedule__I)
                  0000f094    0000005c     httpget_pem4f.oem4f (.text:ti_sysbios_knl_Task_create)
                  0000f0f0    0000005c     sysbios.aem4f : BIOS.obj (.text:ti_sysbios_knl_Task_unblockI__E)
                  0000f14c    0000005b     ti.targets.arm.rtsarm.aem4f : Text.oem4f (.text:xdc_runtime_Text_putLab__E)
                  0000f1a7    00000001     --HOLE-- [fill = 0]
                  0000f1a8    0000005a     stk.aem4f : route.oem4f (.text:RtRedirect)
                  0000f202    0000005a               : tcpprot.oem4f (.text:TcpValidateMetrics)
                  0000f25c    0000005a     nettool_ipv4.aem4f : dhcpbild.oem4f (.text:dhcpBuildDecline)
                  0000f2b6    0000005a     os.aem4f : mem.oem4f (.text:mmCopy)
                  0000f310    0000005a     httpget_pem4f.oem4f (.text:ti_ndk_config_tcp_init)
                  0000f36a    00000002     --HOLE-- [fill = 0]
                  0000f36c    00000058     stk.aem4f : bind.oem4f (.text:BindFree)
                  0000f3c4    00000058     boot.aem4f : boot.oem4f (.text)
                  0000f41c    00000058     driverlib.lib : emac.obj (.text:EMACPHYConfigSet)
                  0000f474    00000058     rtsv7M4_T_le_v4SPD16_eabi.lib : hostwrite.c.obj (.text:HOSTwrite)
                  0000f4cc    00000058     stk.aem4f : igmp.oem4f (.text:IGMPTimer)
                  0000f524    00000058     os.aem4f : semaphore.oem4f (.text:SemCreate)
                  0000f57c    00000058     sysbios.aem4f : m3_Hwi_asm_switch.obj (.text:ti_sysbios_family_arm_m3_Hwi_initStacks__E)
                  0000f5d4    00000056     driverlib.lib : gpio.obj (.text:GPIOIntTypeSet)
                  0000f62a    00000056     http_ndk.aem4f : httpcli.oem4f (.text:sprsend)
                  0000f680    00000054     nettool_ipv4.aem4f : config.oem4f (.text:CfgEntryDeRef)
                  0000f6d4    00000054     http_ndk.aem4f : httpcli.oem4f (.text:HTTPCli_sendField)
                  0000f728    00000054     stk.aem4f : igmp.oem4f (.text:IGMPLeave)
                  0000f77c    00000054               : rawethsock_pcb.oem4f (.text:RawEthSockPcbAttach)
                  0000f7d0    00000054               : sockpcb.oem4f (.text:SockCleanPcb)
                  0000f824    00000054               : tcptime.oem4f (.text:TcpTimeoutPersist)
                  0000f878    00000054     http_ndk.aem4f : httpcli.oem4f (.text:asyncThread)
                  0000f8cc    00000054     httpget.obj (.text:socketTask)
                  0000f920    00000054     sysbios.aem4f : BIOS.obj (.text:ti_sysbios_family_arm_lm4_Timer_initDevice__I)
                  0000f974    00000004                   : BIOS.obj (.text:ti_sysbios_family_arm_lm4_Timer_masterEnable__I)
                  0000f978    00000054                   : BIOS.obj (.text:ti_sysbios_knl_Swi_Instance_init__E)
                  0000f9cc    00000054     ti.targets.arm.rtsarm.aem4f : Assert.oem4f (.text:xdc_runtime_Assert_raise__I)
                  0000fa20    00000052     nettool_ipv4.aem4f : dnscomn.oem4f (.text:DNSReplyFree)
                  0000fa72    00000052     stk.aem4f : tcpprot.oem4f (.text:TcpPrDetach)
                  0000fac4    00000050     drivers_tivaware.aem4f : GPIOTiva.oem4f (.text:GPIO_setCallback)
                  0000fb14    00000050                            : GPIOTiva.oem4f (.text:GPIO_write)
                  0000fb64    00000050     stk.aem4f : socket.oem4f (.text:NDK_bind)
                  0000fbb4    00000050               : socket.oem4f (.text:NDK_connect)
                  0000fc04    00000050               : route.oem4f (.text:RtNew)
                  0000fc54    00000050     driverlib.lib : sysctl.obj (.text:SysCtlPeripheralReset)
                  0000fca4    00000050     Boot.aem4f : Boot_sysctl.oem4f (.text:_SysCtlFrequencyGet)
                  0000fcf4    00000004     httpget_pem4f.oem4f (.text:ti_sysbios_family_arm_m3_Hwi_delete)
                  0000fcf8    00000050     sysbios.aem4f : BIOS.obj (.text:ti_sysbios_family_arm_m3_Hwi_Module_startup__E)
                  0000fd48    00000050                   : BIOS.obj (.text:ti_sysbios_knl_Clock_Instance_init__E)
                  0000fd98    00000050     ti.targets.arm.rtsarm.aem4f : Startup.oem4f (.text:xdc_runtime_Startup_exec__E)
                  0000fde8    00000050                                 : Text.oem4f (.text:xdc_runtime_Text_visitRope2__I)
                  0000fe38    0000004e     stk.aem4f : node.oem4f (.text:NodeDeRef)
                  0000fe86    0000004e     nettool_ipv4.aem4f : config.oem4f (.text:_CfgEntryScan)
                  0000fed4    0000004c                        : ipaddr.oem4f (.text:NtAddNetwork)
                  0000ff20    0000004c     stk.aem4f : sockint.oem4f (.text:SockValidateRoute)
                  0000ff6c    0000004c     rtsv7M4_T_le_v4SPD16_eabi.lib : atoi.c.obj (.text:atoi)
                  0000ffb8    0000004c                                   : cpy_tbl.c.obj (.text:copy_in)
                  00010004    00000004     httpget_pem4f.oem4f (.text:ti_sysbios_family_arm_m3_TaskSupport_Module__startupDone__S)
                  00010008    0000004c     sysbios.aem4f : BIOS.obj (.text:ti_sysbios_heaps_HeapMem_getStats__E)
                  00010054    00000004     httpget_pem4f.oem4f (.text:ti_sysbios_heaps_HeapMem_Module_GateProxy_enter__E)
                  00010058    0000004c     sysbios.aem4f : BIOS.obj (.text:ti_sysbios_knl_Swi_runLoop__I)
                  000100a4    00000004     httpget_pem4f.oem4f (.text:ti_sysbios_heaps_HeapMem_Module_GateProxy_leave__E)
                  000100a8    0000004c     sysbios.aem4f : BIOS.obj (.text:ti_sysbios_knl_Task_allBlockedFunction__I)
                  000100f4    0000004a     netctrl_min_ipv4.aem4f : netsrv.oem4f (.text:ServiceKill)
                  0001013e    0000004a     stk.aem4f : sock.oem4f (.text:SockDisconnect)
                  00010188    0000004a               : timer.oem4f (.text:TimerNew)
                  000101d2    00000048     nettool_ipv4.aem4f : config.oem4f (.text:CfgNew)
                  0001021a    00000002     --HOLE-- [fill = 0]
                  0001021c    00000048     driverlib.lib : gpio.obj (.text:GPIOPinConfigure)
                  00010264    00000048     stk.aem4f : lli.oem4f (.text:LLIMsg)
                  000102ac    00000048               : node.oem4f (.text:NodeWalk)
                  000102f4    00000048               : rawethsock_pcb.oem4f (.text:RawEthSockPcbDetach)
                  0001033c    00000048               : sockpcb.oem4f (.text:SockPcbResolveChain)
                  00010384    00000048               : tcpprot.oem4f (.text:TcpDrop)
                  000103cc    00000048               : lli.oem4f (.text:_LLIExpListInsert)
                  00010414    00000048               : rtable.oem4f (.text:_RtExpListInsert)
                  0001045c    00000048               : file.oem4f (.text:fdint_lockfd)
                  000104a4    00000004     httpget_pem4f.oem4f (.text:ti_sysbios_knl_Clock_TimerProxy_getMaxTicks__E)
                  000104a8    00000048     sysbios.aem4f : BIOS.obj (.text:ti_sysbios_family_arm_lm4_Timer_enableTimers__I)
                  000104f0    00000048                   : BIOS.obj (.text:ti_sysbios_family_arm_m3_Hwi_disableInterrupt__E)
                  00010538    00000048                   : BIOS.obj (.text:ti_sysbios_family_arm_m3_Hwi_enableInterrupt__E)
                  00010580    00000048                   : BIOS.obj (.text:ti_sysbios_family_arm_m3_Hwi_excReserved__I)
                  000105c8    00000048                   : BIOS.obj (.text:ti_sysbios_knl_Task_deleteTerminatedTasksFunc__I)
                  00010610    00000046     nettool_ipv4.aem4f : ipaddr.oem4f (.text:NtIfIdx2Ip)
                  00010656    00000046     stk.aem4f : rawethsock.oem4f (.text:RawEthSockSend)
                  0001069c    00000046               : tcpprot.oem4f (.text:TcpPrCtlError)
                  000106e2    00000046     os.aem4f : mem.oem4f (.text:mmZeroInit)
                  00010728    00000046     ti.targets.arm.rtsarm.aem4f : Core-params.oem4f (.text:xdc_runtime_Core_assignParams__I)
                  0001076e    00000002     --HOLE-- [fill = 0]
                  00010770    00000044     drivers_tivaware.aem4f : EMACSnow.oem4f (.text:EMACSnow_processTransmitted)
                  000107b4    00000044     stk.aem4f : icmp.oem4f (.text:ICMPChecksum)
                  000107f8    00000044               : ipfrag.oem4f (.text:IPReasmFree)
                  0001083c    00000044               : lli.oem4f (.text:LLIGetValidTime)
                  00010880    00000044               : rtable.oem4f (.text:RouteMsg)
                  000108c4    00000044               : rtable.oem4f (.text:RtWalkEnd)
                  00010908    00000044               : sockpcb.oem4f (.text:SockPcbDetach)
                  0001094c    00000044               : timer.oem4f (.text:TimerListInsert)
                  00010990    00000044     hal_timer_bios.aem4f : lltimer.oem4f (.text:llTimerGetTime)
                  000109d4    00000004     httpget_pem4f.oem4f (.text:ti_sysbios_knl_Queue_destruct)
                  000109d8    00000044     sysbios.aem4f : BIOS.obj (.text:ti_sysbios_family_arm_lm4_Timer_isrStub__E)
                  00010a1c    00000004     httpget_pem4f.oem4f (.text:ti_sysbios_knl_Semaphore_delete)
                  00010a20    00000044     sysbios.aem4f : BIOS.obj (.text:ti_sysbios_family_arm_m3_Hwi_getStackInfo__E)
                  00010a64    00000004     httpget_pem4f.oem4f (.text:ti_sysbios_knl_Semaphore_destruct)
                  00010a68    00000044     sysbios.aem4f : BIOS.obj (.text:ti_sysbios_knl_Swi_post__E)
                  00010aac    00000044     ti.targets.arm.rtsarm.aem4f : Error.oem4f (.text:xdc_runtime_Error_setX__E)
                  00010af0    00000044                                 : SysMin.oem4f (.text:xdc_runtime_SysMin_flush__E)
                  00010b34    00000044                                 : Text.oem4f (.text:xdc_runtime_Text_xprintf__I)
                  00010b78    00000042     stk.aem4f : tcpprot.oem4f (.text:TcpPrSendOOB)
                  00010bba    00000042               : fileuser.oem4f (.text:fdCloseSession)
                  00010bfc    00000040     nettool_ipv4.aem4f : dnspkt.oem4f (.text:DNSBuildRequest)
                  00010c3c    00000040     http_ndk.aem4f : httpcli.oem4f (.text:HTTPCli_readResponseBody)
                  00010c7c    00000040     stk.aem4f : lliin.oem4f (.text:LLIValidateRoute)
                  00010cbc    00000040               : pbm.oem4f (.text:PBM_copy)
                  00010cfc    00000040               : sockpcb.oem4f (.text:SockPcbRtChange)
                  00010d3c    00000040               : tcpprot.oem4f (.text:TcpPrSend)
                  00010d7c    00000040     rtsv7M4_T_le_v4SPD16_eabi.lib : u_divt2.asm.obj (.text)
                  00010dbc    00000040     http_ndk.aem4f : httpcli.oem4f (.text:threadCreate)
                  00010dfc    00000004     httpget_pem4f.oem4f (.text:ti_sysbios_knl_Swi_delete)
                  00010e00    00000040     sysbios.aem4f : BIOS.obj (.text:ti_sysbios_family_arm_lm4_Timer_startup__E)
                  00010e40    00000040                   : BIOS.obj (.text:ti_sysbios_heaps_HeapMem_Instance_init__E)
                  00010e80    0000003e     nettool_ipv4.aem4f : dhcpmain.oem4f (.text:DHCPClose)
                  00010ebe    00000002     --HOLE-- [fill = 0]
                  00010ec0    0000003e     stk.aem4f : nimu.oem4f (.text:NIMUAllocateName)
                  00010efe    0000003e     os.aem4f : task.oem4f (.text:TaskCreate)
                  00010f3c    0000003e     stk.aem4f : tcpprot.oem4f (.text:TcpPrDisconnect)
                  00010f7a    0000003e               : file.oem4f (.text:fdint_unlockfd)
                  00010fb8    0000003c     nettool_ipv4.aem4f : config.oem4f (.text:CfgEntryGetData)
                  00010ff4    0000003c     driverlib.lib : emac.obj (.text:EMACIntDisable)
                  00011030    0000003c     stk.aem4f : node.oem4f (.text:NodeUpdatePL)
                  0001106c    0000003c               : rtable.oem4f (.text:RtWalkBegin)
                  000110a8    0000003c               : tcpprot.oem4f (.text:TcpPrConnect)
                  000110e4    0000003c               : tcptime.oem4f (.text:TcpSetPersist)
                  00011120    0000003c               : rtc.oem4f (.text:_RTCSendRtAdv)
                  0001115c    0000003c               : rtable.oem4f (.text:_RtNodeRemove)
                  00011198    0000003c     hal_timer_bios.aem4f : lltimer.oem4f (.text:_llTimerInit)
                  000111d4    0000003c     rtsv7M4_T_le_v4SPD16_eabi.lib : strncasecmp.c.obj (.text:strncasecmp)
                  00011210    0000003c     sysbios.aem4f : BIOS.obj (.text:ti_sysbios_family_arm_m3_Hwi_excSvCall__I)
                  0001124c    00000004     httpget_pem4f.oem4f (.text:ti_sysbios_knl_Task_delete)
                  00011250    0000003c     sysbios.aem4f : BIOS.obj (.text:ti_sysbios_heaps_HeapMem_init__I)
                  0001128c    00000004     ti.targets.arm.rtsarm.aem4f : Error.oem4f (.text:xdc_runtime_Error_getMsg__E)
                  00011290    0000003c     sysbios.aem4f : BIOS.obj (.text:ti_sysbios_knl_Swi_restore__E)
                  000112cc    0000003a     driverlib.lib : emac.obj (.text:EMACIntEnable)
                  00011306    00000002     --HOLE-- [fill = 0]
                  00011308    00000038                   : emac.obj (.text:EMACConfigGet)
                  00011340    00000038     stk.aem4f : ipfrag.oem4f (.text:IPReasmTimeout)
                  00011378    00000038               : node.oem4f (.text:NodeGetRt)
                  000113b0    00000038     driverlib.lib : sysctl.obj (.text:SysCtlPeripheralReady)
                  000113e8    00000038     stk.aem4f : tcpprot.oem4f (.text:TcpClose)
                  00011420    00000038               : timer.oem4f (.text:TimerHSTick)
                  00011458    00000038     rtsv7M4_T_le_v4SPD16_eabi.lib : trgmsg.c.obj (.text:__TI_writemsg)
                  00011490    00000038     nettool_ipv4.aem4f : dhcpbild.oem4f (.text:dhcpBuildDiscover)
                  000114c8    00000038                        : dhcptags.oem4f (.text:dhcpOptionsClear)
                  00011500    00000038     stk.aem4f : file.oem4f (.text:fdint_waitevent)
                  00011538    00000038     sysbios.aem4f : BIOS.obj (.text:ti_sysbios_family_arm_m3_Hwi_excNoIsr__I)
                  00011570    00000038     httpget_pem4f.oem4f (.text:ti_sysbios_knl_Clock_create)
                  000115a8    00000038     sysbios.aem4f : BIOS.obj (.text:ti_sysbios_knl_Task_processVitalTaskFlag__I)
                  000115e0    00000038     ti.targets.arm.rtsarm.aem4f : SysMin.oem4f (.text:xdc_runtime_SysMin_putch__E)
                  00011618    00000038                                 : System.oem4f (.text:xdc_runtime_System_atexit__E)
                  00011650    00000036     stk.aem4f : ip.oem4f (.text:IPChecksum)
                  00011686    00000036     network_ndk.aem4f : ssock.oem4f (.text:Ssock_recv)
                  000116bc    00000036     rtsv7M4_T_le_v4SPD16_eabi.lib : strncpy.c.obj (.text:strncpy)
                  000116f2    00000002     --HOLE-- [fill = 0]
                  000116f4    00000035     httpget.obj (.text:printError)
                  00011729    00000003     --HOLE-- [fill = 0]
                  0001172c    00000034     nettool_ipv4.aem4f : config.oem4f (.text:CfgSetService)
                  00011760    00000034     driverlib.lib : emac.obj (.text:EMACConfigSet)
                  00011794    00000034                   : emac.obj (.text:EMACIntClear)
                  000117c8    00000034     drivers_tivaware.aem4f : EMACSnow.oem4f (.text:EMACSnow_emacPoll)
                  000117fc    00000034                            : EMACSnow.oem4f (.text:EMACSnow_isLinkUp)
                  00011830    00000034                            : EMAC.oem4f (.text:EMAC_init)
                  00011864    00000034     stk.aem4f : exec.oem4f (.text:ExecClose)
                  00011898    00000034               : nimu.oem4f (.text:NIMUFindByName)
                  000118cc    00000034               : nimu.oem4f (.text:NIMUInit)
                  00011900    00000034               : rawethsock.oem4f (.text:RawEthSockNotify)
                  00011934    00000034               : sockprot.oem4f (.text:SockPrCtlError)
                  00011968    00000034     driverlib.lib : sysctl.obj (.text:SysCtlPeripheralEnable)
                  0001199c    00000034     rtsv7M4_T_le_v4SPD16_eabi.lib : trgmsg.c.obj (.text:__TI_readmsg)
                  000119d0    00000034     os.aem4f : mem.oem4f (.text:mmUnInitPage)
                  00011a04    00000034              : ossys.oem4f (.text:stricmp)
                  00011a38    00000034     rtsv7M4_T_le_v4SPD16_eabi.lib : strstr.c.obj (.text:strstr)
                  00011a6c    00000004     ti.targets.arm.rtsarm.aem4f : Error.oem4f (.text:xdc_runtime_Error_getSite__E)
                  00011a70    00000034     sysbios.aem4f : BIOS.obj (.text:ti_sysbios_family_arm_m3_Hwi_Instance_finalize__E)
                  00011aa4    00000004     httpget_pem4f.oem4f (.text:xdc_runtime_System_Module_GateProxy_enter__E)
                  00011aa8    00000034     sysbios.aem4f : BIOS.obj (.text:ti_sysbios_family_arm_m3_Hwi_excNmi__I)
                  00011adc    00000004     httpget_pem4f.oem4f (.text:xdc_runtime_System_Module_GateProxy_leave__E)
                  00011ae0    00000034     sysbios.aem4f : BIOS.obj (.text:ti_sysbios_hal_Hwi_checkStack)
                  00011b14    00000034     httpget_pem4f.oem4f (.text:ti_sysbios_knl_Semaphore_create)
                  00011b48    00000034     ti.targets.arm.rtsarm.aem4f : Core-label.oem4f (.text:xdc_runtime_Core_assignLabel__I)
                  00011b7c    00000033                                 : Text.oem4f (.text:xdc_runtime_Text_printVisFxn__I)
                  00011baf    00000001     --HOLE-- [fill = 0]
                  00011bb0    00000032     nettool_ipv4.aem4f : config.oem4f (.text:CfgGetImmediate)
                  00011be2    00000032     stk.aem4f : route.oem4f (.text:RtDeRef)
                  00011c14    00000032               : route.oem4f (.text:RtSetFailure)
                  00011c46    00000032               : sb.oem4f (.text:SBFlush)
                  00011c78    00000032               : sb.oem4f (.text:SBSetMax)
                  00011caa    00000032               : sock.oem4f (.text:SockIntAbort)
                  00011cdc    00000032     nettool_ipv4.aem4f : config.oem4f (.text:_CfgAcquire)
                  00011d0e    00000032                        : dhcpsm.oem4f (.text:dhcpIPRemove)
                  00011d40    00000032     sysbios.aem4f : BIOS.obj (.text:ti_sysbios_hal_Hwi_initStack)
                  00011d72    00000006     driverlib.lib : emac.obj (.text:EMACTxDMADescriptorListSet)
                  00011d78    00000032     sysbios.aem4f : BIOS.obj (.text:ti_sysbios_knl_Semaphore_pendTimeout__I)
                  00011daa    00000030     driverlib.lib : emac.obj (.text:EMACAddrSet)
                  00011dda    00000002     --HOLE-- [fill = 0]
                  00011ddc    00000030     drivers_tivaware.aem4f : EMACSnow.oem4f (.text:EMACSnow_handlePackets)
                  00011e0c    00000030     netctrl_min_ipv4.aem4f : netsrv.oem4f (.text:NS_PreBoot)
                  00011e3c    00000030     stk.aem4f : sock.oem4f (.text:SockBind)
                  00011e6c    00000030     nettool_ipv4.aem4f : dhcpsock.oem4f (.text:dhcpPacketSend)
                  00011e9c    00000030     stk.aem4f : listlib.oem4f (.text:list_remove_node)
                  00011ecc    00000030     http_ndk.aem4f : httpcli.oem4f (.text:skipLine)
                  00011efc    00000030     httpget_pem4f.oem4f (.text:ti_sysbios_BIOS_atExitFunc__I)
                  00011f2c    00000004     ti.targets.arm.rtsarm.aem4f : System.oem4f (.text:xdc_runtime_System_aprintf_va__F)
                  00011f30    00000030     sysbios.aem4f : BIOS.obj (.text:ti_sysbios_family_arm_lm4_Timer_stop__E)
                  00011f60    00000030                   : BIOS.obj (.text:ti_sysbios_family_arm_m3_TaskSupport_start__E)
                  00011f90    00000030     httpget_pem4f.oem4f (.text:ti_sysbios_gates_GateHwi_Object__create__S)
                  00011fc0    00000030     httpget_pem4f.oem4f (.text:ti_sysbios_gates_GateMutex_Object__create__S)
                  00011ff0    00000030     sysbios.aem4f : BIOS.obj (.text:ti_sysbios_gates_GateMutex_enter__E)
                  00012020    00000030     httpget_pem4f.oem4f (.text:ti_sysbios_heaps_HeapMem_Object__create__S)
                  00012050    00000030     httpget_pem4f.oem4f (.text:ti_sysbios_knl_Semaphore_construct)
                  00012080    00000030     ti.targets.arm.rtsarm.aem4f : SysMin.oem4f (.text:xdc_runtime_SysMin_abort__E)
                  000120b0    00000030                                 : System.oem4f (.text:xdc_runtime_System_processAtExit__E)
                  000120e0    0000002e     stk.aem4f : sb.oem4f (.text:SBFree)
                  0001210e    0000002e     httpget_pem4f.oem4f (.text:malloc)
                  0001213c    0000002e     rtsv7M4_T_le_v4SPD16_eabi.lib : strcasecmp.c.obj (.text:strcasecmp)
                  0001216a    0000002c     driverlib.lib : emac.obj (.text:EMACIntStatus)
                  00012196    0000002c     stk.aem4f : file.oem4f (.text:FdSignalEvent)
                  000121c2    00000002     --HOLE-- [fill = 0]
                  000121c4    0000002c               : igmp.oem4f (.text:IGMPTestGroup)
                  000121f0    0000002c     os.aem4f : task.oem4f (.text:NDK_hookCreate)
                  0001221c    0000002c     stk.aem4f : nimu.oem4f (.text:NIMUAllocateIndex)
                  00012248    0000002c               : nimu.oem4f (.text:NIMUPacketServiceCheck)
                  00012274    0000002c               : pipe.oem4f (.text:PipeClose)
                  000122a0    0000002c               : sockpcb.oem4f (.text:SockPcbAttach)
                  000122cc    0000002c               : lli.oem4f (.text:_LLIExpListRemove)
                  000122f8    0000002c               : lli.oem4f (.text:_LLITimeoutFlush)
                  00012324    0000002c               : rtable.oem4f (.text:_RtExpListRemove)
                  00012350    0000002c     http_ndk.aem4f : httpcli.oem4f (.text:lookUpResponseFields)
                  0001237c    0000002c     rtsv7M4_T_le_v4SPD16_eabi.lib : strncmp.c.obj (.text:strncmp)
                  000123a8    0000002c     httpget_pem4f.oem4f (.text:ti_sysbios_knl_Clock_doTick__I)
                  000123d4    0000002c     httpget_pem4f.oem4f (.text:ti_sysbios_knl_Queue_construct)
                  00012400    0000002c     sysbios.aem4f : BIOS.obj (.text:ti_sysbios_knl_Task_restore__E)
                  0001242c    0000002c     ti.targets.arm.rtsarm.aem4f : Text.oem4f (.text:xdc_runtime_Text_cordText__E)
                  00012458    0000002a     driverlib.lib : gpio.obj (.text:GPIODirModeSet)
                  00012482    0000002a     stk.aem4f : pbm.oem4f (.text:PBMQ_deq)
                  000124ac    0000002a     netctrl_min_ipv4.aem4f : netsrv.oem4f (.text:ServiceCallback)
                  000124d6    0000002a     nettool_ipv4.aem4f : config.oem4f (.text:_CfgRelease)
                  00012500    0000002a                        : inetaddr.oem4f (.text:mergeLists)
                  0001252a    0000002a     ti.targets.arm.rtsarm.aem4f : System.oem4f (.text:xdc_runtime_System_putchar__I)
                  00012554    00000028     stk.aem4f : bind.oem4f (.text:BindFindByNet)
                  0001257c    00000028               : lli.oem4f (.text:LLIFree)
                  000125a4    00000028     netctrl_min_ipv4.aem4f : netctrl.oem4f (.text:NC_SystemClose)
                  000125cc    00000028     stk.aem4f : nimu.oem4f (.text:NIMUCreatePacket)
                  000125f4    00000028               : nimu.oem4f (.text:NIMUPacketService)
                  0001261c    00000028               : tcpin.oem4f (.text:TcpEnterTimeWait)
                  00012644    00000028               : timer.oem4f (.text:TimerListRemove)
                  0001266c    00000028               : vlan.oem4f (.text:VLANFindSourceInterface)
                  00012694    00000028               : vlan.oem4f (.text:VLANInit)
                  000126bc    00000028     nettool_ipv4.aem4f : dhcpsock.oem4f (.text:dhcpPacketReceive)
                  000126e4    00000028     drivers_tivaware.aem4f : EMACSnow.oem4f (.text:signalLinkChange)
                  0001270c    00000004     ti.targets.arm.rtsarm.aem4f : System.oem4f (.text:xdc_runtime_System_printf_va__F)
                  00012710    00000028     sysbios.aem4f : BIOS.obj (.text:ti_sysbios_knl_Clock_addI__E)
                  00012738    00000028                   : BIOS.obj (.text:ti_sysbios_knl_Swi_Module_startup__E)
                  00012760    00000026     nettool_ipv4.aem4f : config.oem4f (.text:CfgEntryInfo)
                  00012786    00000026     driverlib.lib : emac.obj (.text:EMACPHYRead)
                  000127ac    00000026                   : emac.obj (.text:EMACPHYWrite)
                  000127d2    00000026     stk.aem4f : rawethsock.oem4f (.text:RawEthSockClose)
                  000127f8    00000026     sysbios.aem4f : m3_Hwi_asm.obj (.text:ti_sysbios_family_arm_m3_Hwi_pendSV__I)
                  0001281e    00000026     ti.targets.arm.rtsarm.aem4f : System.oem4f (.text:xdc_runtime_System_avprintf__E)
                  00012844    00000024     stk.aem4f : bind.oem4f (.text:BindFindByHost)
                  00012868    00000024               : bind.oem4f (.text:BindGetIFByDBCast)
                  0001288c    00000024     drivers_tivaware.aem4f : EMACSnow.oem4f (.text:EMACSnow_pkt_service)
                  000128b0    00000024                            : EMACSnow.oem4f (.text:EMACSnow_primeRx)
                  000128d4    00000024     stk.aem4f : exec.oem4f (.text:ExecTimer)
                  000128f8    00000024     http_ndk.aem4f : httpcli.oem4f (.text:HTTPCli_disconnect)
                  0001291c    00000024     stk.aem4f : nimu.oem4f (.text:NIMUFindByIndex)
                  00012940    00000024               : rtc.oem4f (.text:RTCAddHook)
                  00012964    00000024               : rawethsock_pcb.oem4f (.text:RawEthSockPcbFind)
                  00012988    00000024               : route.oem4f (.text:RtFree)
                  000129ac    00000024               : route.oem4f (.text:RtSetTimeout)
                  000129d0    00000024               : sockpcb.oem4f (.text:SockPcbCleanup)
                  000129f4    00000024               : tcptime.oem4f (.text:TcpTimeoutWait2)
                  00012a18    00000024     nettool_ipv4.aem4f : config.oem4f (.text:_CfgEntryProcess)
                  00012a3c    00000024     http_ndk.aem4f : httpcli.oem4f (.text:getRequestFieldValue)
                  00012a60    00000024     httpget_pem4f.oem4f (.text:ti_sysbios_BIOS_errorRaiseHook__I)
                  00012a84    00000024     httpget_pem4f.oem4f (.text:ti_sysbios_BIOS_registerRTSLock__I)
                  00012aa8    00000024     httpget_pem4f.oem4f (.text:ti_sysbios_BIOS_removeRTSLock__I)
                  00012acc    00000024     httpget_pem4f.oem4f (.text:ti_sysbios_BIOS_startFunc__I)
                  00012af0    00000024     httpget_pem4f.oem4f (.text:ti_sysbios_gates_GateMutex_Object__delete__S)
                  00012b14    00000004     --HOLE-- [fill = 0]
                  00012b18    00000024     sysbios.aem4f : BIOS.obj (.text:ti_sysbios_knl_Clock_Module_startup__E)
                  00012b3c    00000004     --HOLE-- [fill = 0]
                  00012b40    00000024                   : BIOS.obj (.text:ti_sysbios_knl_Semaphore_Instance_init__E)
                  00012b64    00000024     httpget_pem4f.oem4f (.text:ti_sysbios_knl_Semaphore_Object__delete__S)
                  00012b88    00000024     sysbios.aem4f : BIOS.obj (.text:ti_sysbios_knl_Task_restoreHwi__E)
                  00012bac    00000024     ti.targets.arm.rtsarm.aem4f : System.oem4f (.text:xdc_runtime_System_vprintf__E)
                  00012bd0    00000022     nettool_ipv4.aem4f : config.oem4f (.text:CfgEntryRef)
                  00012bf2    00000022     stk.aem4f : vlan.oem4f (.text:VLANFindNode)
                  00012c14    00000004     --HOLE-- [fill = 0]
                  00012c18    00000022     sysbios.aem4f : BIOS.obj (.text:ti_sysbios_family_arm_lm4_Timer_write__I)
                  00012c3a    00000022     httpget_pem4f.oem4f (.text:xdc_runtime_SysMin_output__I)
                  00012c5c    00000020     netctrl_min_ipv4.aem4f : netctrl.oem4f (.text:NC_BootComplete)
                  00012c7c    00000020     stk.aem4f : nimu.oem4f (.text:NIMUGetNumOfObject)
                  00012c9c    00000020               : rtc.oem4f (.text:RTCRemoveHook)
                  00012cbc    00000020               : tcp.oem4f (.text:TcpTimeoutRemove)
                  00012cdc    00000020     Boot.aem4f : Boot_sysctl.oem4f (.text:_SysCtlMemTimingGet)
                  00012cfc    00000020     httpget_pem4f.oem4f (.text:ti_sysbios_BIOS_rtsLock__I)
                  00012d1c    00000020     httpget_pem4f.oem4f (.text:ti_sysbios_family_arm_m3_Hwi_Object__delete__S)
                  00012d3c    00000020     sysbios.aem4f : m3_Hwi_asm.obj (.text:ti_sysbios_family_arm_m3_Hwi_excHandlerAsm__I)
                  00012d5c    00000004     --HOLE-- [fill = 0]
                  00012d60    00000020                   : BIOS.obj (.text:ti_sysbios_family_arm_m3_Hwi_excHandler__I)
                  00012d80    00000020     httpget_pem4f.oem4f (.text:ti_sysbios_gates_GateHwi_Object__delete__S)
                  00012da0    00000020     httpget_pem4f.oem4f (.text:ti_sysbios_heaps_HeapMem_Object__delete__S)
                  00012dc0    00000020     sysbios.aem4f : BIOS.obj (.text:ti_sysbios_knl_Idle_run__E)
                  00012de0    00000020     httpget_pem4f.oem4f (.text:ti_sysbios_knl_Semaphore_Object__destruct__S)
                  00012e00    00000020     httpget_pem4f.oem4f (.text:ti_sysbios_knl_Swi_Object__delete__S)
                  00012e20    00000020     httpget_pem4f.oem4f (.text:ti_sysbios_knl_Task_Object__delete__S)
                  00012e40    00000020     ti.targets.arm.rtsarm.aem4f : Registry.oem4f (.text:xdc_runtime_Registry_findById__E)
                  00012e60    00000020                                 : SysMin.oem4f (.text:xdc_runtime_SysMin_Module_startup__E)
                  00012e80    0000001e     stk.aem4f : fileuser.oem4f (.text:fdError)
                  00012e9e    0000001e               : listlib.oem4f (.text:list_remove)
                  00012ebc    0000001e     httpget.obj (.text:send)
                  00012eda    0000001e     rtsv7M4_T_le_v4SPD16_eabi.lib : strcat.c.obj (.text:strcat)
                  00012ef8    0000001e     sysbios.aem4f : m3_Hwi_asm_switch.obj (.text:ti_sysbios_family_xxx_Hwi_switchAndRunFunc)
                  00012f16    00000002     --HOLE-- [fill = 0]
                  00012f18    0000001c     stk.aem4f : bind.oem4f (.text:BindFindByIF)
                  00012f34    0000001c               : exec.oem4f (.text:ExecBroadcast)
                  00012f50    0000001c     os.aem4f : ossys.oem4f (.text:NDK_sprintf)
                  00012f6c    0000001c     stk.aem4f : nimu.oem4f (.text:NIMUAddHeader)
                  00012f88    0000001c               : sockprot.oem4f (.text:SockPrDetach)
                  00012fa4    0000001c     network_ndk.aem4f : ssock.oem4f (.text:Ssock_destruct)
                  00012fc0    0000001c     os.aem4f : task.oem4f (.text:TaskDestroy)
                  00012fdc    0000001c     drivers_tivaware.aem4f : GPIOTiva.oem4f (.text:getGpioIntIndex)
                  00012ff8    0000001c     httpget_pem4f.oem4f (.text:ti_ndk_config_global_taskCreateHook)
                  00013014    00000004     --HOLE-- [fill = 0]
                  00013018    0000001c     sysbios.aem4f : BIOS.obj (.text:ti_sysbios_gates_GateMutex_Instance_init__E)
                  00013034    0000001c     httpget_pem4f.oem4f (.text:ti_sysbios_knl_Queue_Object__destruct__S)
                  00013050    0000001c     sysbios.aem4f : BIOS.obj (.text:ti_sysbios_knl_Queue_put__E)
                  0001306c    00000004     --HOLE-- [fill = 0]
                  00013070    0000001c                   : BIOS.obj (.text:ti_sysbios_knl_Task_enter__I)
                  0001308c    0000001c     ti.targets.arm.rtsarm.aem4f : Error.oem4f (.text:xdc_runtime_Error_raiseX__E)
                  000130a8    0000001c                                 : Memory.oem4f (.text:xdc_runtime_Memory_valloc__E)
                  000130c4    0000001c                                 : SysMin.oem4f (.text:xdc_runtime_SysMin_exit__E)
                  000130e0    0000001c                                 : System.oem4f (.text:xdc_runtime_System_abort__E)
                  000130fc    0000001a     stk.aem4f : bind.oem4f (.text:BindGetIP)
                  00013116    0000001a               : sockint.oem4f (.text:SockSetOOBMark)
                  00013130    0000001a               : file.oem4f (.text:fdint_getfdt)
                  0001314a    0000001a     httpget_pem4f.oem4f (.text:free)
                  00013164    0000001a     httpget_pem4f.oem4f (.text:ti_sysbios_family_arm_m3_Hwi_Handle__label__S)
                  0001317e    0000001a     httpget_pem4f.oem4f (.text:ti_sysbios_gates_GateHwi_Handle__label__S)
                  00013198    0000001a     httpget_pem4f.oem4f (.text:ti_sysbios_gates_GateMutex_Handle__label__S)
                  000131b2    0000001a     httpget_pem4f.oem4f (.text:ti_sysbios_heaps_HeapMem_Handle__label__S)
                  000131cc    0000001a     httpget_pem4f.oem4f (.text:ti_sysbios_knl_Swi_Handle__label__S)
                  000131e6    0000001a     httpget_pem4f.oem4f (.text:ti_sysbios_knl_Task_Handle__label__S)
                  00013200    0000001a     sysbios.aem4f : BIOS.obj (.text:ti_sysbios_knl_Task_sleepTimeout__I)
                  0001321a    0000001a     httpget_pem4f.oem4f (.text:xdc_runtime_System_aprintf__E)
                  00013234    0000001a     httpget_pem4f.oem4f (.text:xdc_runtime_System_printf__E)
                  0001324e    00000002     --HOLE-- [fill = 0]
                  00013250    00000018     drivers_tivaware.aem4f : EMACSnow.oem4f (.text:EMACSnow_emacSend)
                  00013268    00000018     stk.aem4f : ip.oem4f (.text:IPRtChange)
                  00013280    00000018               : rawethsock_pcb.oem4f (.text:RawEthSockPcbCleanup)
                  00013298    00000018     nettool_ipv4.aem4f : ipaddr.oem4f (.text:RouteHook)
                  000132b0    00000018     stk.aem4f : tcpin.oem4f (.text:SEQ_GEQ)
                  000132c8    00000018               : tcpout.oem4f (.text:SEQ_GEQ)
                  000132e0    00000018               : tcpin.oem4f (.text:SEQ_GT)
                  000132f8    00000018               : tcpout.oem4f (.text:SEQ_GT)
                  00013310    00000018               : tcpin.oem4f (.text:SEQ_LEQ)
                  00013328    00000018               : tcpout.oem4f (.text:SEQ_LEQ)
                  00013340    00000018               : tcpin.oem4f (.text:SEQ_LT)
                  00013358    00000018               : tcpout.oem4f (.text:SEQ_LT)
                  00013370    00000018               : tcp.oem4f (.text:TcpTimeoutAdd)
                  00013388    00000018     rtsv7M4_T_le_v4SPD16_eabi.lib : args_main.c.obj (.text:_args_main)
                  000133a0    00000018     nettool_ipv4.aem4f : dhcpsock.oem4f (.text:dhcpSocketClose)
                  000133b8    00000018                        : inetaddr.oem4f (.text:freeaddrinfo)
                  000133d0    00000018     stk.aem4f : listlib.oem4f (.text:list_add)
                  000133e8    00000018     rtsv7M4_T_le_v4SPD16_eabi.lib : strcmp.c.obj (.text:strcmp)
                  00013400    00000018     httpget_pem4f.oem4f (.text:ti_sysbios_BIOS_rtsUnlock__I)
                  00013418    00000018     httpget_pem4f.oem4f (.text:ti_sysbios_family_arm_lm4_Timer_Module__startupDone__F)
                  00013430    00000018     httpget_pem4f.oem4f (.text:ti_sysbios_family_arm_m3_Hwi_Module__startupDone__F)
                  00013448    00000018     sysbios.aem4f : m3_TaskSupport_asm.obj (.text:ti_sysbios_family_arm_m3_TaskSupport_swap__E)
                  00013460    00000018                   : BIOS.obj (.text:ti_sysbios_gates_GateMutex_leave__E)
                  00013478    00000018     ti.targets.arm.rtsarm.aem4f : Error.oem4f (.text:xdc_runtime_Error_check__E)
                  00013490    00000018                                 : System.oem4f (.text:xdc_runtime_System_exit__E)
                  000134a8    00000018                                 : Text.oem4f (.text:xdc_runtime_Text_ropeText__E)
                  000134c0    00000016     driverlib.lib : emac.obj (.text:EMACReset)
                  000134d6    00000016                   : emac.obj (.text:EMACRxEnable)
                  000134ec    00000016                   : emac.obj (.text:EMACTxEnable)
                  00013502    00000016     http_ndk.aem4f : httpcli.oem4f (.text:HTTPCli_destruct)
                  00013518    00000016                    : httpcli.oem4f (.text:HTTPCli_readRawResponseBody)
                  0001352e    00000016     stk.aem4f : file.oem4f (.text:fdint_freefdt)
                  00013544    00000016     rtsv7M4_T_le_v4SPD16_eabi.lib : strchr.c.obj (.text:strchr)
                  0001355a    00000016     httpget_pem4f.oem4f (.text:ti_sysbios_BIOS_exitFunc__I)
                  00013570    00000016     httpget.obj (.text:ti_sysbios_knl_Task_Params_init)
                  00013586    00000016     ti.targets.arm.rtsarm.aem4f : System.oem4f (.text:xdc_runtime_System_vsprintf__E)
                  0001359c    00000014     stk.aem4f : bind.oem4f (.text:BindIPHost2IF)
                  000135b0    00000014     driverlib.lib : flash.obj (.text:FlashUserGet)
                  000135c4    00000014     http_ndk.aem4f : httpcli.oem4f (.text:HTTPCli_getResponseStatus)
                  000135d8    00000014     netctrl_min_ipv4.aem4f : netctrl.oem4f (.text:NC_NetStop)
                  000135ec    00000014     os.aem4f : task.oem4f (.text:NDK_hookExit)
                  00013600    00000014     stk.aem4f : nimu.oem4f (.text:NIMUSendPacket)
                  00013614    00000014     nettool_ipv4.aem4f : ipaddr.oem4f (.text:NtRemoveNetwork)
                  00013628    00000014     stk.aem4f : rawethsock_pcb.oem4f (.text:RawEthSockPcbInit)
                  0001363c    00000014     network_ndk.aem4f : ssock.oem4f (.text:Ssock_construct)
                  00013650    00000014     stk.aem4f : timer.oem4f (.text:TimerFree)
                  00013664    00000014     httpget.obj (.text:connect)
                  00013678    00000014     httpget.obj (.text:socket)
                  0001368c    00000014     rtsv7M4_T_le_v4SPD16_eabi.lib : strcpy.c.obj (.text:strcpy)
                  000136a0    00000014                                   : strlen.c.obj (.text:strlen)
                  000136b4    00000014     httpget_pem4f.oem4f (.text:ti_ndk_config_global_taskExitHook)
                  000136c8    00000014     httpget_pem4f.oem4f (.text:ti_sysbios_family_arm_m3_Hwi_Object__get__S)
                  000136dc    00000004     --HOLE-- [fill = 0]
                  000136e0    00000014     sysbios.aem4f : BIOS.obj (.text:ti_sysbios_family_arm_m3_Hwi_switchFromBootStack__E)
                  000136f4    00000014     httpget_pem4f.oem4f (.text:ti_sysbios_heaps_HeapMem_Object__get__S)
                  00013708    00000014     httpget_pem4f.oem4f (.text:ti_sysbios_knl_Swi_Object__get__S)
                  0001371c    00000014     httpget_pem4f.oem4f (.text:ti_sysbios_knl_Task_Object__first__S)
                  00013730    00000014     httpget_pem4f.oem4f (.text:ti_sysbios_knl_Task_Object__next__S)
                  00013744    00000012     driverlib.lib : gpio.obj (.text:GPIOPinTypeEthernetLED)
                  00013756    00000012     stk.aem4f : sockprot.oem4f (.text:SockPrAttach)
                  00013768    00000012               : sockint.oem4f (.text:SockSetOOBData)
                  0001377a    00000012     nettool_ipv4.aem4f : inetaddr.oem4f (.text:inet_addr)
                  0001378c    00000004     --HOLE-- [fill = 0]
                  00013790    00000012     sysbios.aem4f : BIOS.obj (.text:ti_sysbios_hal_Hwi_Module_startup__E)
                  000137a2    00000006     driverlib.lib : gpio.obj (.text:GPIOIntClear)
                  000137a8    00000012     sysbios.aem4f : BIOS.obj (.text:ti_sysbios_knl_Semaphore_reset__E)
                  000137ba    00000012     httpget_pem4f.oem4f (.text:xdc_runtime_Startup_exec__I)
                  000137cc    00000010     httpget_pem4f.oem4f (.text:.bootCodeSection:ti_catalog_arm_cortexm4_tiva_ce_Boot_init__I)
                  000137dc    00000010     stk.aem4f : bind.oem4f (.text:BindIF2IPHost)
                  000137ec    00000010               : bind.oem4f (.text:BindIFNet2IPHost)
                  000137fc    00000010     driverlib.lib : emac.obj (.text:EMACFrameFilterSet)
                  0001380c    00000010     stk.aem4f : exec.oem4f (.text:ExecHRef)
                  0001381c    00000010     netctrl_min_ipv4.aem4f : netctrl.oem4f (.text:NC_IPUpdate)
                  0001382c    00000010     stk.aem4f : nimu.oem4f (.text:NIMUGetRsvdSizeInfo)
                  0001383c    00000004     --HOLE-- [fill = 0]
                  00013840    00000010     sysbios.aem4f : BIOS.obj (.text:ti_sysbios_BIOS_exit__E)
                  00013850    00000010                   : BIOS.obj (.text:ti_sysbios_BIOS_getCpuFreq__E)
                  00013860    00000010                   : BIOS.obj (.text:ti_sysbios_BIOS_setThreadType__E)
                  00013870    00000010                   : BIOS.obj (.text:ti_sysbios_BIOS_start__E)
                  00013880    00000010                   : m3_TaskSupport_asm.obj (.text:ti_sysbios_family_arm_m3_TaskSupport_glue)
                  00013890    00000010                   : BIOS.obj (.text:ti_sysbios_gates_GateMutex_Instance_finalize__E)
                  000138a0    00000010                   : BIOS.obj (.text:ti_sysbios_knl_Semaphore_Instance_finalize__E)
                  000138b0    00000010                   : BIOS.obj (.text:ti_sysbios_knl_Swi_disable__E)
                  000138c0    00000010     httpget_pem4f.oem4f (.text:ti_sysbios_knl_Task_Object__get__S)
                  000138d0    00000010     sysbios.aem4f : BIOS.obj (.text:ti_sysbios_knl_Task_disable__E)
                  000138e0    00000010     ti.targets.arm.rtsarm.aem4f : Gate.oem4f (.text:xdc_runtime_Gate_leaveSystem__E)
                  000138f0    00000010                                 : Memory.oem4f (.text:xdc_runtime_Memory_free__E)
                  00013900    00000010                                 : SysMin.oem4f (.text:xdc_runtime_SysMin_ready__E)
                  00013910    00000010                                 : System.oem4f (.text:xdc_runtime_System_vsnprintf__E)
                  00013920    00000010     httpget_pem4f.oem4f (.text:xdc_runtime_Text_visitRope__I)
                  00013930    0000000e     drivers_tivaware.aem4f : EMACSnow.oem4f (.text:EMACSnow_emacioctl)
                  0001393e    0000000e     stk.aem4f : exec.oem4f (.text:ExecLowResource)
                  0001394c    0000000e     driverlib.lib : gpio.obj (.text:GPIOIntStatus)
                  0001395a    0000000e     rtsv7M4_T_le_v4SPD16_eabi.lib : copy_decompress_none.c.obj (.text:decompress:none:__TI_decompress_none)
                  00013968    0000000e     http_ndk.aem4f : httpcli.oem4f (.text:isValidSocket)
                  00013976    00000002     --HOLE-- [fill = 0]
                  00013978    0000000e     sysbios.aem4f : BIOS.obj (.text:ti_sysbios_knl_Idle_loop__E)
                  00013986    00000002     --HOLE-- [fill = 0]
                  00013988    0000000e                   : BIOS.obj (.text:ti_sysbios_knl_Queue_empty__E)
                  00013996    00000002     --HOLE-- [fill = 0]
                  00013998    0000000c     stk.aem4f : bind.oem4f (.text:BindGetFirst)
                  000139a4    0000000c     nettool_ipv4.aem4f : config.oem4f (.text:CfgSetDefault)
                  000139b0    0000000c     drivers_tivaware.aem4f : EMACSnow.oem4f (.text:EMACSnow_init)
                  000139bc    0000000c     os.aem4f : task.oem4f (.text:NDK_hookInit)
                  000139c8    0000000c     stk.aem4f : nimu.oem4f (.text:NIMUSetRsvdSizeInfo)
                  000139d4    0000000c     os.aem4f : task.oem4f (.text:NotifyLowResource)
                  000139e0    0000000c     stk.aem4f : pbm.oem4f (.text:PBM_close)
                  000139ec    0000000c     os.aem4f : semaphore.oem4f (.text:SemDelete)
                  000139f8    0000000c     hal_timer_bios.aem4f : lltimer.oem4f (.text:_llTimerShutdown)
                  00013a04    0000000c     rtsv7M4_T_le_v4SPD16_eabi.lib : _lock.c.obj (.text:_register_lock)
                  00013a10    0000000c                                   : _lock.c.obj (.text:_register_unlock)
                  00013a1c    0000000c     httpget.obj (.text:close)
                  00013a28    0000000c     rtsv7M4_T_le_v4SPD16_eabi.lib : copy_zero_init.c.obj (.text:decompress:ZI:__TI_zero_init)
                  00013a34    0000000c     hal_timer_bios.aem4f : lltimer.oem4f (.text:llTimerGetStartTime)
                  00013a40    0000000c     sysbios.aem4f : BIOS.obj (.text:ti_sysbios_BIOS_getThreadType__E)
                  00013a4c    00000004     --HOLE-- [fill = 0]
                  00013a50    0000000c                   : BIOS.obj (.text:ti_sysbios_family_arm_lm4_Timer_getMaxTicks__E)
                  00013a5c    0000000c     httpget_pem4f.oem4f (.text:ti_sysbios_family_arm_m3_Hwi_Params__init__S)
                  00013a68    0000000c     sysbios.aem4f : BIOS.obj (.text:ti_sysbios_family_arm_m3_Hwi_disableFxn__E)
                  00013a74    00000004     --HOLE-- [fill = 0]
                  00013a78    0000000c                   : BIOS.obj (.text:ti_sysbios_family_arm_m3_TaskSupport_checkStack__E)
                  00013a84    00000004     --HOLE-- [fill = 0]
                  00013a88    0000000c                   : BIOS.obj (.text:ti_sysbios_family_arm_m3_TaskSupport_getStackAlignment__E)
                  00013a94    00000004     --HOLE-- [fill = 0]
                  00013a98    0000000c                   : BIOS.obj (.text:ti_sysbios_gates_GateHwi_enter__E)
                  00013aa4    0000000c     httpget_pem4f.oem4f (.text:ti_sysbios_knl_Clock_Params__init__S)
                  00013ab0    0000000c     sysbios.aem4f : BIOS.obj (.text:ti_sysbios_knl_Clock_getTicks__E)
                  00013abc    0000000c     httpget_pem4f.oem4f (.text:ti_sysbios_knl_Queue_Object__get__S)
                  00013ac8    0000000c     httpget_pem4f.oem4f (.text:ti_sysbios_knl_Semaphore_Params__init__S)
                  00013ad4    0000000c     httpget_pem4f.oem4f (.text:ti_sysbios_knl_Task_Params__init__S)
                  00013ae0    0000000c     sysbios.aem4f : BIOS.obj (.text:ti_sysbios_knl_Task_getIdleTask__E)
                  00013aec    00000004     --HOLE-- [fill = 0]
                  00013af0    0000000c                   : BIOS.obj (.text:ti_sysbios_knl_Task_self__E)
                  00013afc    0000000c     ti.targets.arm.rtsarm.aem4f : Error.oem4f (.text:xdc_runtime_Error_init__E)
                  00013b08    0000000c                                 : Gate.oem4f (.text:xdc_runtime_Gate_enterSystem__E)
                  00013b14    0000000c                                 : Memory.oem4f (.text:xdc_runtime_Memory_calloc__E)
                  00013b20    0000000c                                 : Memory.oem4f (.text:xdc_runtime_Memory_getMaxDefaultTypeAlign__E)
[...]
000163ac  ti_sysbios_knl_Task_Module_State_inactiveQ__O                        
000163b0  ti_sysbios_knl_Task_Module_State_terminatedQ__O                      
000163b4  ti_sysbios_knl_Task_Object__count__C                                 
000163b8  ti_sysbios_knl_Task_Object__heap__C                                  
000163bc  ti_sysbios_knl_Task_allBlockedFunc__C                                
000163c0  ti_sysbios_knl_Task_defaultStackHeap__C                              
000163c4  ti_sysbios_knl_Task_defaultStackSize__C                              
000163c8  ti_sysbios_knl_Task_numConstructedTasks__C                           
000163cc  xdc_runtime_Assert_E_assertFailed__C                                 
000163d0  xdc_runtime_Core_A_initializedParams__C                              
000163d4  xdc_runtime_Core_Module__diagsEnabled__C                             
000163d8  xdc_runtime_Core_Module__diagsIncluded__C                            
000163dc  xdc_runtime_Core_Module__diagsMask__C                                
000163e0  xdc_runtime_Error_E_memory__C                                        
000163e4  xdc_runtime_Error_Module__diagsEnabled__C                            
000163e8  xdc_runtime_Error_Module__diagsIncluded__C                           
000163ec  xdc_runtime_Error_Module__diagsMask__C                               
000163f0  xdc_runtime_Error_Module__loggerFxn8__C                              
000163f4  xdc_runtime_Error_Module__loggerObj__C                               
000163f8  xdc_runtime_Error_policyFxn__C                                       
000163fc  xdc_runtime_Error_raiseHook__C                                       
00016400  xdc_runtime_IGateProvider_Interface__BASE__C                         
00016404  xdc_runtime_IHeap_Interface__BASE__C                                 
00016408  xdc_runtime_IModule_Interface__BASE__C                               
0001640c  xdc_runtime_Log_L_error__C                                           
00016410  xdc_runtime_Memory_defaultHeapInstance__C                            
00016414  xdc_runtime_Startup_execImpl__C                                      
00016418  xdc_runtime_Startup_maxPasses__C                                     
0001641c  xdc_runtime_Startup_sfxnRts__C                                       
00016420  xdc_runtime_Startup_sfxnTab__C                                       
00016424  xdc_runtime_SysMin_bufSize__C                                        
00016428  xdc_runtime_SysMin_outputFunc__C                                     
0001642c  xdc_runtime_System_Module__gateObj__C                                
00016430  xdc_runtime_System_abortFxn__C                                       
00016434  xdc_runtime_System_exitFxn__C                                        
00016438  xdc_runtime_System_extendFxn__C                                      
0001643c  xdc_runtime_System_maxAtexitHandlers__C                              
00016440  xdc_runtime_Text_charTab__C                                          
00016444  xdc_runtime_Text_nameEmpty__C                                        
00016448  xdc_runtime_Text_nameStatic__C                                       
0001644c  xdc_runtime_Text_nameUnknown__C                                      
00016450  xdc_runtime_Text_nodeTab__C                                          
00016454  xdc_runtime_Text_visitRopeFxn__C                                     
00016458  ti_sysbios_hal_Hwi_Module__id__C                                     
0001645a  ti_sysbios_heaps_HeapMem_Module__id__C                               
0001645c  ti_sysbios_knl_Task_Module__id__C                                    
0001645e  xdc_runtime_Core_Module__id__C                                       
00016460  xdc_runtime_Error_Module__loggerDefined__C                           
00016462  xdc_runtime_Error_maxDepth__C                                        
00016464  xdc_runtime_Memory_Module__id__C                                     
00016466  xdc_runtime_SysMin_flushAtExit__C                                    
00016468  xdc_runtime_Text_charCnt__C                                          
0001646a  xdc_runtime_Text_isLoaded__C                                         
0001646c  xdc_runtime_Text_registryModsLastId__C                               
0001646e  xdc_runtime_Text_unnamedModsLastId__C                                
00016470  xdc_runtime_Error_policy__C                                          
00016478  __TI_static_base__                                                   
000168fc  __TI_Handler_Table_Base                                              
00016908  __TI_Handler_Table_Limit                                             
00016918  __TI_CINIT_Base                                                      
00016930  __TI_CINIT_Limit                                                     
20000000  __start___llvm_prf_cnts                                              
20000000  __stop___llvm_prf_cnts                                               
20000000  ti_sysbios_family_arm_m3_Hwi_ramVectors                              
20000380  ti_sysbios_heaps_HeapMem_Instance_State_0_buf__A                     
20005380  ti_ndk_config_Global_pit                                             
20005428  ti_ndk_config_Global_pitBuffer                                       
20009c28  _ICMPIn                                                              
20009c74  PBMQ_free                                                            
20009c80  ti_ndk_config_Global_pBufMem                                         
2000d880  ti_ndk_config_Global_pHdrMem                                         
2000db78  ti_sysbios_knl_Task_Instance_State_0_stack__A                        
2000e178  ti_sysbios_knl_Task_Instance_State_1_stack__A                        
2000e378  ti_sysbios_family_arm_m3_Hwi_dispatchTable                           
2000e6d8  __CIOBUF_                                                            
2000e8f8  tcps                                                                 
2000ec14  xdc_runtime_SysMin_Module_State_0_outbuf__A                          
2000ec94  ips                                                                  
2000ecfc  nimu_mcb                                                             
2000ed60  _ICMPOut                                                             
2000edec  vlan_mcb                                                             
2000ee38  udps                                                                 
2000ee5c  BlockCount                                                           
2000ee78  BlockMax                                                             
2000ee94  PageCount                                                            
2000eeb0  PageMax                                                              
2000eecc  stkEvent                                                             
2000eef8  tempstr                                                              
2000ef1c  raweths                                                              
2000ef2c  raws                                                                 
2000ef3c  tpseudo                                                              
2000ef48  upseudo                                                              
2000ef5c  emacObjects                                                          
2000ef64  parmbuf                                                              
2000ef90  _IGMPInDiscard                                                       
2000ef94  _IGMPInQuery                                                         
2000ef98  _IGMPInQueryGroup                                                    
2000ef9c  _IGMPInResponse                                                      
2000efa0  _IGMPOutResponse                                                     
2000efa4  g_ulStatus                                                           
2000efb8  raweth_pcb                                                           
2000efbc  ti_sysbios_knl_Task_Instance_State_0_hookEnv__A                      
2000efc0  ti_sysbios_knl_Task_Instance_State_1_hookEnv__A                      
2000efc4  HTTPStd_VER                                                          
2000efc8  HTTPStd_GET                                                          
2000efcc  HTTPStd_POST                                                         
2000efd0  HTTPStd_HEAD                                                         
2000efd4  HTTPStd_OPTIONS                                                      
2000efd8  HTTPStd_PUT                                                          
2000efdc  HTTPStd_DELETE                                                       
2000efe0  HTTPStd_CONNECT                                                      
2000efe4  HTTPStd_PATCH                                                        
2000efe8  HTTPStd_CONTENT_TYPE_APPLET                                          
2000efec  HTTPStd_CONTENT_TYPE_AU                                              
2000eff0  HTTPStd_CONTENT_TYPE_CSS                                             
2000eff4  HTTPStd_CONTENT_TYPE_DOC                                             
2000eff8  HTTPStd_CONTENT_TYPE_GIF                                             
2000effc  HTTPStd_CONTENT_TYPE_HTML                                            
2000f000  HTTPStd_CONTENT_TYPE_JPG                                             
2000f004  HTTPStd_CONTENT_TYPE_MPEG                                            
2000f008  HTTPStd_CONTENT_TYPE_PDF                                             
2000f00c  HTTPStd_CONTENT_TYPE_WAV                                             
2000f010  HTTPStd_CONTENT_TYPE_ZIP                                             
2000f014  HTTPStd_CONTENT_TYPE_PLAIN                                           
2000f018  HTTPStd_FIELD_NAME_ACCEPT                                            
2000f01c  HTTPStd_FIELD_NAME_ACCEPT_CHARSET                                    
2000f020  HTTPStd_FIELD_NAME_ACCEPT_ENCODING                                   
2000f024  HTTPStd_FIELD_NAME_ACCEPT_LANGUAGE                                   
2000f028  HTTPStd_FIELD_NAME_ACCEPT_RANGES                                     
2000f02c  HTTPStd_FIELD_NAME_AGE                                               
2000f030  HTTPStd_FIELD_NAME_ALLOW                                             
2000f034  HTTPStd_FIELD_NAME_AUTHORIZATION                                     
2000f038  HTTPStd_FIELD_NAME_CACHE_CONTROL                                     
2000f03c  HTTPStd_FIELD_NAME_CONNECTION                                        
2000f040  HTTPStd_FIELD_NAME_CONTENT_ENCODING                                  
2000f044  HTTPStd_FIELD_NAME_CONTENT_LANGUAGE                                  
2000f048  HTTPStd_FIELD_NAME_CONTENT_LENGTH                                    
2000f04c  HTTPStd_FIELD_NAME_CONTENT_LOCATION                                  
2000f050  HTTPStd_FIELD_NAME_CONTENT_MD5                                       
2000f054  HTTPStd_FIELD_NAME_CONTENT_RANGE                                     
2000f058  HTTPStd_FIELD_NAME_CONTENT_TYPE                                      
2000f05c  HTTPStd_FIELD_NAME_COOKIE                                            
2000f060  HTTPStd_FIELD_NAME_DATE                                              
2000f064  HTTPStd_FIELD_NAME_ETAG                                              
2000f068  HTTPStd_FIELD_NAME_EXPECT                                            
2000f06c  HTTPStd_FIELD_NAME_EXPIRES                                           
2000f070  HTTPStd_FIELD_NAME_FROM                                              
2000f074  HTTPStd_FIELD_NAME_HOST                                              
2000f078  HTTPStd_FIELD_NAME_IF_MATCH                                          
2000f07c  HTTPStd_FIELD_NAME_IF_MODIFIED_SINCE                                 
2000f080  HTTPStd_FIELD_NAME_IF_NONE_MATCH                                     
2000f084  HTTPStd_FIELD_NAME_IF_RANGE                                          
2000f088  HTTPStd_FIELD_NAME_IF_UNMODIFIED_SINCE                               
2000f08c  HTTPStd_FIELD_NAME_LAST_MODIFIED                                     
2000f090  HTTPStd_FIELD_NAME_LOCATION                                          
2000f094  HTTPStd_FIELD_NAME_MAX_FORWARDS                                      
2000f098  HTTPStd_FIELD_NAME_ORIGIN                                            
2000f09c  HTTPStd_FIELD_NAME_PRAGMA                                            
2000f0a0  HTTPStd_FIELD_NAME_PROXY_AUTHENTICATE                                
2000f0a4  HTTPStd_FIELD_NAME_PROXY_AUTHORIZATION                               
2000f0a8  HTTPStd_FIELD_NAME_RANGE                                             
2000f0ac  HTTPStd_FIELD_NAME_REFERER                                           
2000f0b0  HTTPStd_FIELD_NAME_RETRY_AFTER                                       
2000f0b4  HTTPStd_FIELD_NAME_SERVER                                            
2000f0b8  HTTPStd_FIELD_NAME_TE                                                
2000f0bc  HTTPStd_FIELD_NAME_TRAILER                                           
2000f0c0  HTTPStd_FIELD_NAME_TRANSFER_ENCODING                                 
2000f0c4  HTTPStd_FIELD_NAME_UPGRADE                                           
2000f0c8  HTTPStd_FIELD_NAME_USER_AGENT                                        
2000f0cc  HTTPStd_FIELD_NAME_VARY                                              
2000f0d0  HTTPStd_FIELD_NAME_VIA                                               
2000f0d4  HTTPStd_FIELD_NAME_WWW_AUTHENTICATE                                  
2000f0d8  HTTPStd_FIELD_NAME_WARNING                                           
2000f0dc  HTTPStd_FIELD_NAME_X_FORWARDED_FOR                                   
2000f0e0  _ipcfg                                                               
2000f194  ti_sysbios_knl_Task_Object__table__V                                 
2000f22c  ti_sysbios_knl_Swi_Module_State_0_readyQ__A                          
2000f2ac  ti_sysbios_knl_Task_Module_State_0_readyQ__A                         
2000f37c  ti_sysbios_knl_Task_Module__state__V                                 
2000f440  ti_sysbios_family_arm_lm4_Timer_Module_State_0_device__A             
2000f480  ti_sysbios_family_arm_lm4_Timer_Object__table__V                     
2000f4c0  ti_sysbios_gates_GateMutex_Object__table__V                          
2000f52c  ti_sysbios_family_arm_m3_Hwi_Module__state__V                        
2000f560  enablePrefetch                                                       
2000f564  phyCounter                                                           
2000f592  ti_sysbios_family_arm_m3_Hwi_Module_State_0_excActive__A             
2000f5c4  ti_sysbios_knl_Swi_Object__table__V                                  
2000f5f4  ti_sysbios_knl_Clock_Module__state__V                                
2000f620  pstrMsgName                                                          
2000f648  _oscfg                                                               
2000f66c  PITCount                                                             
2000f670  PITUsed                                                              
2000f674  PITHigh                                                              
2000f690  ti_sysbios_BIOS_Module__state__V                                     
2000f6b4  ti_sysbios_family_arm_lm4_Timer_Module_State_0_handles__A            
2000f6f0  ti_ndk_config_Global_Id2Size                                         
2000f70c  ti_sysbios_knl_Swi_Module__state__V                                  
2000f770  ti_sysbios_family_arm_m3_Hwi_Object__table__V                        
2000f788  ti_sysbios_heaps_HeapMem_Object__table__V                            
2000f7dc  ti_sysbios_knl_Semaphore_Object__table__V                            
2000f7f0  gpioPinConfigs                                                       
2000f818  _IGMPForceVersion1                                                   
2000f820  ti_sysbios_family_arm_lm4_Timer_Module__state__V                     
2000f82c  xdc_runtime_SysMin_Module__state__V                                  
2000f844  _lock                                                                
2000f848  _unlock                                                              
2000f84c  NIMUDeviceTable                                                      
2000f854  gpioCallbackFunctions                                                
2000f85c  ti_ndk_config_Global_HostName                                        
2000f860  __xdc__init__addr                                                    
2000f874  _ICMPInErrors                                                        
2000f878  _ICMPOutErrors                                                       
2000f87c  _IPExecuting                                                         
2000f894  tcp_iss                                                              
2000f898  ptTimeFirst                                                          
2000f8a4  ti_sysbios_family_arm_m3_Hwi_Module__root__V                         
2000f8ac  ti_sysbios_gates_GateHwi_Module__root__V                             
2000f8b4  ti_sysbios_gates_GateMutex_Module__root__V                           
2000f8bc  ti_sysbios_heaps_HeapMem_Module__root__V                             
2000f8c4  ti_sysbios_knl_Clock_Module__root__V                                 
2000f8cc  ti_sysbios_knl_Queue_Module__root__V                                 
2000f8d4  ti_sysbios_knl_Semaphore_Module__root__V                             
2000f8dc  ti_sysbios_knl_Swi_Module__root__V                                   
2000f8e4  ti_sysbios_knl_Task_Module__root__V                                  
2000f8ec  xdc_runtime_Registry_Module__state__V                                
2000f8f4  xdc_runtime_Startup_Module__state__V                                 
2000f8fc  xdc_runtime_System_Module_State_0_atexitHandlers__A                  
2000f904  xdc_runtime_System_Module__state__V                                  
2000f90c  macAddress                                                           
2000f91e  xdc_runtime_Error_Module__state__V                                   
2000f92c  errno                                                                
2000f930  main_func_sp                                                         
2000f938  _IPReasmPtr                                                          
2000f948  ti_sysbios_family_arm_m3_Hwi_Module_State_0_excContext__A            
2000f94c  ti_sysbios_family_arm_m3_Hwi_Module_State_0_excStack__A              
2000f950  ti_sysbios_gates_GateHwi_Object__table__V                            
2000f954  ti_sysbios_knl_Task_Module_State_0_idleTask__A                       
2000f958  xdc_runtime_Memory_Module__state__V                                  
2000f960  __stack                                                              
20010160  __STACK_END                                                          
e000e000  ti_sysbios_family_arm_m3_Hwi_nvic                                    
ffffffff  __TI_pprof_out_hndl                                                  
ffffffff  __TI_prof_data_size                                                  
ffffffff  __TI_prof_data_start                                                 
ffffffff  __binit__                                                            
ffffffff  __c_args__                                                           
ffffffff  binit                                                                
UNDEFED   SHT$$INIT_ARRAY$$Base                                                
UNDEFED   SHT$$INIT_ARRAY$$Limit                                               

[1093 symbols]
