******************************************************************************
                  TI ARM Linker PC v20.2.3                     
******************************************************************************
>> Linked Sun Jan 24 23:03:28 2021

OUTPUT FILE NAME:   <tcp_client_v4.out>
ENTRY POINT SYMBOL: "_c_int00"  address: 0000f93d


MEMORY CONFIGURATION

         name            origin    length      used     unused   attr    fill
----------------------  --------  ---------  --------  --------  ----  --------
  FLASH                 00000000   00100000  00016ed9  000e9127  R  X
  SRAM                  20000000   00040000  0001b419  00024be7  RW X


SEGMENT ALLOCATION MAP

run origin  load origin   length   init length attrs members
----------  ----------- ---------- ----------- ----- -------
00000000    00000000    00016ee0   00016ee0    r-x
  00000000    00000000    0000003c   0000003c    r-- .resetVecs
  00000040    00000040    000143da   000143da    r-x .text
  0001441c    0001441c    0000266b   0000266b    r-- .const
  00016a88    00016a88    00000458   00000458    r-- .cinit
20000000    20000000    00000360   00000000    rw-
  20000000    20000000    00000360   00000000    rw- .vecs
20000380    20000380    0001b0c0   00000000    rw-
  20000380    20000380    00019ed9   00000000    rw- .bss
  2001a25c    2001a25c    000009e0   00000000    rw- .data
  2001ac40    2001ac40    00000800   00000000    rw- .stack


SECTION ALLOCATION MAP

 output                                  attributes/
section   page    origin      length       input sections
--------  ----  ----------  ----------   ----------------
.text      0    00000040    000143da     
                  00000040    00000c68     stk.aem4f : tcpin.oem4f (.text:TcpInput)
                  00000ca8    00000a4e     rtsv7M4_T_le_v4SPD16_eabi.lib : _printfi.c.obj (.text:__TI_printfi)
                  000016f6    00000002     hal_userled_stub.aem4f : llled.oem4f (.text:LED_TOGGLE)
                  000016f8    000008b8     stk.aem4f : tcpout.oem4f (.text:TcpOutput)
                  00001fb0    00000430     sysbios.aem4f : BIOS.obj (.text:ti_sysbios_family_arm_m3_Hwi_excDumpRegs__I)
                  000023e0    00000408     stk.aem4f : ipout.oem4f (.text:IPTxPacket)
                  000027e8    00000384               : ipin.oem4f (.text:IPRxPacket)
                  00002b6c    00000378     httpget.obj (.text:serverSocketTask)
                  00002ee4    0000034c     ti.targets.arm.rtsarm.aem4f : System.oem4f (.text:xdc_runtime_System_doPrint__I)
                  00003230    000002a0     rtsv7M4_T_le_v4SPD16_eabi.lib : mktime.c.obj (.text:__mktime32)
                  000034d0    00000284     stk.aem4f : sock.oem4f (.text:SockSet)
                  00003754    00000270     rtsv7M4_T_le_v4SPD16_eabi.lib : _printfi.c.obj (.text:_pconv_a)
                  000039c4    0000024c     stk.aem4f : ipfrag.oem4f (.text:IPReasm)
                  00003c10    0000023c               : icmpin.oem4f (.text:ICMPInput)
                  00003e4c    00000238               : udp.oem4f (.text:UdpInput)
                  00004084    00000218     httpget.obj (.text:taskFxn)
                  0000429c    00000204     Boot.aem4f : Boot_sysctl.oem4f (.text:ti_catalog_arm_cortexm4_tiva_ce_Boot_sysCtlClockFreqSetI__I)
                  000044a0    000001f4     stk.aem4f : sock.oem4f (.text:SockRecv)
                  00004694    00000004               : bind.oem4f (.text:BindGetIF)
                  00004698    000001f4     sysbios.aem4f : BIOS.obj (.text:ti_sysbios_family_arm_m3_Hwi_excHandlerMax__I)
                  0000488c    000001d0     rtsv7M4_T_le_v4SPD16_eabi.lib : _printfi.c.obj (.text:_pconv_g)
                  00004a5c    000001b8     drivers_tivaware.aem4f : EMACSnow.oem4f (.text:EMACSnow_NIMUInit)
                  00004c14    000001b6     rtsv7M4_T_le_v4SPD16_eabi.lib : fd_add_t2.asm.obj (.text)
                  00004dca    00000002     stk.aem4f : nat.oem4f (.text:NatMsg)
                  00004dcc    000001b0               : lliout.oem4f (.text:LLITxIpPacket)
                  00004f7c    000001ac               : lliin.oem4f (.text:LLIRxPacket)
                  00005128    0000019c     os.aem4f : mem.oem4f (.text:mmAlloc)
                  000052c4    00000198     stk.aem4f : igmp.oem4f (.text:IGMPInput)
                  0000545c    00000190               : sock.oem4f (.text:SockNew)
                  000055ec    00000174     netctrl_min_ipv4.aem4f : netctrl.oem4f (.text:NC_NetStart)
                  00005760    00000174     sysbios.aem4f : BIOS.obj (.text:ti_sysbios_family_arm_m3_Hwi_excBusFault__I)
                  000058d4    00000170     stk.aem4f : rtc.oem4f (.text:RTCReport)
                  00005a44    0000016a               : sb.oem4f (.text:SBRead)
                  00005bae    00000002     os.aem4f : task.oem4f (.text:_TaskInit)
                  00005bb0    00000164     sysbios.aem4f : BIOS.obj (.text:ti_sysbios_family_arm_m3_Hwi_excUsageFault__I)
                  00005d14    00000160     stk.aem4f : sock.oem4f (.text:SockConnect)
                  00005e74    0000015c     httpget.obj (.text:recvTimeStamptFromNTP)
                  00005fd0    00000158     nettool_ipv4.aem4f : dhcpmain.oem4f (.text:DHCPOpen)
                  00006128    00000150     drivers_tivaware.aem4f : GPIOTiva.oem4f (.text:GPIO_setConfig)
                  00006278    00000148     sysbios.aem4f : BIOS.obj (.text:ti_sysbios_family_arm_m3_Hwi_excMemFault__I)
                  000063c0    00000148                   : BIOS.obj (.text:ti_sysbios_knl_Task_Instance_finalize__E)
                  00006508    00000144     stk.aem4f : bind.oem4f (.text:BindNew)
                  0000664c    00000140               : tcp.oem4f (.text:TcpTimeoutCheck)
                  0000678c    0000013c     nettool_ipv4.aem4f : config.oem4f (.text:CfgAddEntry)
                  000068c8    0000013c     stk.aem4f : sockint.oem4f (.text:SockNotify)
                  00006a04    0000013c               : sock.oem4f (.text:SockSend)
                  00006b40    0000013c     rtsv7M4_T_le_v4SPD16_eabi.lib : _printfi.c.obj (.text:_pconv_e)
                  00006c7c    0000013c     httpget.obj (.text:createTasks)
                  00006db8    00000136     rtsv7M4_T_le_v4SPD16_eabi.lib : fd_div_t2.asm.obj (.text)
                  00006eee    00000002     os.aem4f : task.oem4f (.text:_TaskShutdown)
                  00006ef0    00000134     stk.aem4f : icmp.oem4f (.text:ICMPGenPacket)
                  00007024    00000134     rtsv7M4_T_le_v4SPD16_eabi.lib : localtim.c.obj (.text:__localtime32)
                  00007158    00000131     httpget.obj (.text:sendData2Server)
                  00007289    00000001     --HOLE-- [fill = 0]
                  0000728a    00000130     driverlib.lib : gpio.obj (.text:GPIOPadConfigSet)
                  000073ba    00000002     hal_ser_stub.aem4f : llserstb.oem4f (.text:_llSerialServiceCheck)
                  000073bc    0000012c     EK_TM4C1294XL.obj (.text:EK_TM4C1294XL_initEMAC)
                  000074e8    00000128     sysbios.aem4f : BIOS.obj (.text:ti_sysbios_knl_Semaphore_pend__E)
                  00007610    00000124     stk.aem4f : sockpcb.oem4f (.text:SockPcbResolve)
                  00007734    00000124               : udp.oem4f (.text:UdpOutput)
                  00007858    00000124     rtsv7M4_T_le_v4SPD16_eabi.lib : _printfi.c.obj (.text:fcvt)
                  0000797c    00000120     httpget_pem4f.oem4f (.text:ti_ndk_config_Global_stackThread)
                  00007a9c    00000118     stk.aem4f : tcpout.oem4f (.text:TcpGenPacket)
                  00007bb4    00000118     ti.targets.arm.rtsarm.aem4f : Error.oem4f (.text:xdc_runtime_Error_policyDefault__E)
                  00007ccc    00000114     stk.aem4f : nimu.oem4f (.text:NIMUIoctl)
                  00007de0    00000110               : node.oem4f (.text:NodeTreeFree)
                  00007ef0    00000110               : raw.oem4f (.text:RawInput)
                  00008000    00000110     rtsv7M4_T_le_v4SPD16_eabi.lib : s_scalbn.c.obj (.text:scalbn)
                  00008110    0000010c     stk.aem4f : rtable.oem4f (.text:RtFind)
                  0000821c    0000010a               : route.oem4f (.text:RtCreate)
                  00008326    00000002     hal_ser_stub.aem4f : llserstb.oem4f (.text:_llSerialShutdown)
                  00008328    00000108     drivers_tivaware.aem4f : EMACSnow.oem4f (.text:EMACSnow_emacStart)
                  00008430    00000108     sysbios.aem4f : BIOS.obj (.text:ti_sysbios_family_arm_lm4_Timer_start__E)
                  00008538    00000104     os.aem4f : task.oem4f (.text:llEnter)
                  0000863c    00000102     nettool_ipv4.aem4f : dhcppkt.oem4f (.text:dhcpPacketProcess)
                  0000873e    00000102                        : inetaddr.oem4f (.text:inet_aton)
                  00008840    00000100     stk.aem4f : igmp.oem4f (.text:IGMPSendReply)
                  00008940    00000100     ti.targets.arm.rtsarm.aem4f : Core-mem.oem4f (.text:xdc_runtime_Core_createObject__I)
                  00008a40    000000fc     netctrl_min_ipv4.aem4f : netctrl.oem4f (.text:NetScheduler)
                  00008b3c    000000fc     rtsv7M4_T_le_v4SPD16_eabi.lib : fd_mul_t2.asm.obj (.text)
                  00008c38    000000f8     stk.aem4f : pipe.oem4f (.text:PipeRecv)
                  00008d30    000000f8     ti.targets.arm.rtsarm.aem4f : Startup.oem4f (.text:xdc_runtime_Startup_startMods__I)
                  00008e28    000000f8     httpget_pem4f.oem4f (.text:xdc_runtime_System_printfExtend__I)
                  00008f20    000000f4     os.aem4f : task.oem4f (.text:TaskGetEnv)
                  00009014    000000f4     sysbios.aem4f : m3_Hwi_asm.obj (.text:ti_sysbios_family_arm_m3_Hwi_dispatch__I)
                  00009108    000000f4                   : BIOS.obj (.text:ti_sysbios_knl_Task_Instance_init__E)
                  000091fc    000000f0     stk.aem4f : lliout.oem4f (.text:LLIGenArpPacket)
                  000092ec    000000f0               : sock.oem4f (.text:SockClose)
                  000093dc    000000e8     os.aem4f : task.oem4f (.text:TaskSetEnv)
                  000094c4    00000004     stk.aem4f : bind.oem4f (.text:BindGetNext)
                  000094c8    000000e4     sysbios.aem4f : BIOS.obj (.text:ti_sysbios_knl_Task_postInit__I)
                  000095ac    000000e0     drivers_tivaware.aem4f : I2CTiva.oem4f (.text:I2CTiva_open)
                  0000968c    000000e0     stk.aem4f : tcptime.oem4f (.text:TcpTimeoutRexmt)
                  0000976c    000000dc               : sb.oem4f (.text:SBWrite)
                  00009848    000000dc     nettool_ipv4.aem4f : dhcpsock.oem4f (.text:dhcpSocketOpen)
                  00009924    000000dc                        : dhcpsm.oem4f (.text:dhcpState)
                  00009a00    000000d8     stk.aem4f : node.oem4f (.text:NodeAdd)
                  00009ad8    000000d8               : tcpprot.oem4f (.text:TcpPrSetOption)
                  00009bb0    000000d6     drivers_tivaware.aem4f : I2CTiva.oem4f (.text:I2CTiva_hwiFxn)
                  00009c86    00000002     hal_userled_stub.aem4f : llled.oem4f (.text:_llUserLedInit)
                  00009c88    000000d4     drivers_tivaware.aem4f : EMACSnow.oem4f (.text:EMACSnow_handleRx)
                  00009d5c    000000d4     stk.aem4f : sockpcb.oem4f (.text:SockPcbBind)
                  00009e30    000000d4     sysbios.aem4f : BIOS.obj (.text:ti_sysbios_heaps_HeapMem_alloc__E)
                  00009f04    000000d1     stk.aem4f : nimu.oem4f (.text:NIMUReceivePacket)
                  00009fd5    00000001     --HOLE-- [fill = 0]
                  00009fd6    00000002     hal_userled_stub.aem4f : llled.oem4f (.text:_llUserLedShutdown)
                  00009fd8    000000cc     stk.aem4f : icmp.oem4f (.text:ICMPSendRtAdv)
                  0000a0a4    000000cc     nettool_ipv4.aem4f : dhcpbild.oem4f (.text:dhcpBuildHeader)
                  0000a170    000000cc                        : dhcpsm.oem4f (.text:dhcpIPAdd)
                  0000a23c    000000cc                        : dhcppkt.oem4f (.text:dhcpVerifyMessage)
                  0000a308    000000cc     ti.targets.arm.rtsarm.aem4f : Core-smem.oem4f (.text:xdc_runtime_Core_constructObject__I)
                  0000a3d4    000000c8     stk.aem4f : rawethsock.oem4f (.text:RawEthSockNew)
                  0000a49c    000000c8     netctrl_min_ipv4.aem4f : netsrv.oem4f (.text:SPIpNet)
                  0000a564    000000c4     drivers_tivaware.aem4f : EMACSnow.oem4f (.text:EMACSnow_InitDMADescriptors)
                  0000a628    000000c4     stk.aem4f : igmp.oem4f (.text:IGMPJoinHostGroup)
                  0000a6ec    000000c4     nettool_ipv4.aem4f : dhcpsm.oem4f (.text:StateBound)
                  0000a7b0    000000c0     sysbios.aem4f : BIOS.obj (.text:ti_sysbios_knl_Task_sleep__E)
                  0000a870    000000bc     stk.aem4f : sockpcb.oem4f (.text:SockPcbFind)
                  0000a92c    000000bc               : vlan.oem4f (.text:VLANDeinit)
                  0000a9e8    000000bc     sysbios.aem4f : BIOS.obj (.text:ti_sysbios_family_arm_m3_Hwi_excDebugMon__I)
                  0000aaa4    00000004     driverlib.lib : i2c.obj (.text:I2CMasterControl)
                  0000aaa8    000000bc     sysbios.aem4f : BIOS.obj (.text:ti_sysbios_family_arm_m3_Hwi_excHardFault__I)
                  0000ab64    00000004     driverlib.lib : i2c.obj (.text:I2CMasterDataGet)
                  0000ab68    000000bc     sysbios.aem4f : BIOS.obj (.text:ti_sysbios_knl_Task_exit__E)
                  0000ac24    000000b8     EK_TM4C1294XL.obj (.text:EK_TM4C1294XL_initGeneral)
                  0000acdc    000000b8     stk.aem4f : icmpin.oem4f (.text:ICMPRevSrcRoute)
                  0000ad94    000000b8               : lli.oem4f (.text:_LLITimeoutCheck)
                  0000ae4c    000000b4               : tcptime.oem4f (.text:TcpTimeoutKeep)
                  0000af00    000000b4     sysbios.aem4f : BIOS.obj (.text:ti_sysbios_knl_Task_checkStacks__E)
                  0000afb4    000000b1     rtsv7M4_T_le_v4SPD16_eabi.lib : _printfi.c.obj (.text:_ltostr)
                  0000b065    00000001     --HOLE-- [fill = 0]
                  0000b066    000000b0     stk.aem4f : rawethsock.oem4f (.text:RawEthSockSet)
                  0000b116    00000002     rtsv7M4_T_le_v4SPD16_eabi.lib : _lock.c.obj (.text:_nop)
                  0000b118    000000ac     stk.aem4f : rtable.oem4f (.text:RtTimeoutCheck)
                  0000b1c4    00000004     driverlib.lib : i2c.obj (.text:I2CMasterDataPut)
                  0000b1c8    000000ac     sysbios.aem4f : BIOS.obj (.text:ti_sysbios_family_arm_lm4_Timer_enableTiva__I)
                  0000b274    000000a8     stk.aem4f : sockint.oem4f (.text:SockCreatePacket)
                  0000b31c    00000004     os.aem4f : ossys.oem4f (.text:NDK_vsprintf)
                  0000b320    000000a4     sysbios.aem4f : BIOS.obj (.text:ti_sysbios_knl_Task_setPri__E)
                  0000b3c4    000000a2     httpget.obj (.text:main)
                  0000b466    00000002     hal_ser_stub.aem4f : llserstb.oem4f (.text:llSerialService)
                  0000b468    000000a0     stk.aem4f : ip.oem4f (.text:IPGetRoute)
                  0000b508    000000a0     auto_init.aem4f : auto_init.oem4f (.text)
                  0000b5a8    000000a0     ti.targets.arm.rtsarm.aem4f : Text.oem4f (.text:xdc_runtime_Text_putMod__E)
                  0000b648    0000009e     stk.aem4f : nimu.oem4f (.text:NIMUAddEthernetHeader)
                  0000b6e6    0000009e     nettool_ipv4.aem4f : dhcpbild.oem4f (.text:dhcpBuildRequest)
                  0000b784    0000009c     stk.aem4f : exec.oem4f (.text:ExecOpen)
                  0000b820    0000009c     rtsv7M4_T_le_v4SPD16_eabi.lib : memcpy_t2.asm.obj (.text)
                  0000b8bc    0000009a     ti.targets.arm.rtsarm.aem4f : Text.oem4f (.text:xdc_runtime_Text_putSite__E)
                  0000b956    00000002     rtsv7M4_T_le_v4SPD16_eabi.lib : div0.asm.obj (.text)
                  0000b958    00000098     netctrl_min_ipv4.aem4f : netctrl.oem4f (.text:NC_SystemOpen)
                  0000b9f0    00000098     httpget.obj (.text:SWI_ISR)
                  0000ba88    00000098     netctrl_min_ipv4.aem4f : netsrv.oem4f (.text:ServiceScan)
                  0000bb20    00000098     Boot.aem4f : Boot.oem4f (.text:ti_catalog_arm_cortexm4_tiva_ce_Boot_sysCtlClockFreqSet__E)
                  0000bbb8    00000098     sysbios.aem4f : BIOS.obj (.text:ti_sysbios_knl_Task_schedule__I)
                  0000bc50    00000096     rtsv7M4_T_le_v4SPD16_eabi.lib : ull_div_t2.asm.obj (.text)
                  0000bce6    00000002     httpget_pem4f.oem4f (.text:ti_ndk_config_Global_NetworkClose)
                  0000bce8    00000094     nettool_ipv4.aem4f : config.oem4f (.text:CfgRemoveEntry)
                  0000bd7c    00000094     httpget.obj (.text:IIC_writeReg)
                  0000be10    00000094     httpget.obj (.text:clientSocketTask)
                  0000bea4    00000004     stk.aem4f : node.oem4f (.text:NodeSetRt)
                  0000bea8    00000094     sysbios.aem4f : BIOS.obj (.text:ti_sysbios_family_arm_m3_Hwi_Instance_init__E)
                  0000bf3c    00000004     stk.aem4f : rawethsock_prot.oem4f (.text:RawEthSockPrAttach)
                  0000bf40    00000094     sysbios.aem4f : BIOS.obj (.text:ti_sysbios_family_arm_m3_Hwi_initNVIC__E)
                  0000bfd4    00000090     nettool_ipv4.aem4f : config.oem4f (.text:CfgExecute)
                  0000c064    00000090     stk.aem4f : igmp.oem4f (.text:IGMPMsg)
                  0000c0f4    00000090     os.aem4f : mem.oem4f (.text:mmBulkAlloc)
                  0000c184    00000004     stk.aem4f : rawethsock_prot.oem4f (.text:RawEthSockPrDetach)
                  0000c188    00000090     sysbios.aem4f : BIOS.obj (.text:ti_sysbios_knl_Task_Module_startup__E)
                  0000c218    00000090                   : BIOS.obj (.text:ti_sysbios_knl_Task_startCore__E)
                  0000c2a8    0000008c     drivers_tivaware.aem4f : GPIOTiva.oem4f (.text:GPIO_init)
                  0000c334    0000008c     httpget.obj (.text:IIC_readReg)
                  0000c3c0    0000008c     stk.aem4f : ip.oem4f (.text:IPMsg)
                  0000c44c    0000008c     os.aem4f : mem.oem4f (.text:_mmInit)
                  0000c4d8    0000008c              : mem.oem4f (.text:mmInitPage)
                  0000c564    0000008c     sysbios.aem4f : m3_TaskSupport_asm.obj (.text:ti_sysbios_family_arm_m3_TaskSupport_buildTaskStack)
                  0000c5f0    0000008a     netctrl_min_ipv4.aem4f : netsrv.oem4f (.text:SPRoute)
                  0000c67a    00000002     httpget_pem4f.oem4f (.text:ti_ndk_config_Global_NetworkOpen)
                  0000c67c    00000088     netctrl_min_ipv4.aem4f : netsrv.oem4f (.text:ServiceSpawn)
                  0000c704    00000088     stk.aem4f : sockpcb.oem4f (.text:SockPcbCtlError)
                  0000c78c    00000004     os.aem4f : semaphore.oem4f (.text:SemPend)
                  0000c790    00000088     sysbios.aem4f : BIOS.obj (.text:ti_sysbios_knl_Mailbox_post__E)
                  0000c818    00000087     httpget_pem4f.oem4f (.text:ti_ndk_config_Global_NetworkIPAddr)
                  0000c89f    00000001     --HOLE-- [fill = 0]
                  0000c8a0    00000086     nettool_ipv4.aem4f : dhcpsm.oem4f (.text:StateRequesting)
                  0000c926    00000086     rtsv7M4_T_le_v4SPD16_eabi.lib : fd_cmp_t2.asm.obj (.text:__aeabi_cdcmple)
                  0000c9ac    00000086                                   : fd_cmp_t2.asm.obj (.text:__aeabi_cdrcmple)
                  0000ca32    00000002     httpget_pem4f.oem4f (.text:ti_sysbios_BIOS_nullFunc__I)
                  0000ca34    00000084     nettool_ipv4.aem4f : config.oem4f (.text:CfgGetEntry)
                  0000cab8    00000084     drivers_tivaware.aem4f : EMACSnow.oem4f (.text:EMACSnow_processPhyInterrupt)
                  0000cb3c    00000084     stk.aem4f : tcpprot.oem4f (.text:TcpPrAttach)
                  0000cbc0    00000084     os.aem4f : mem.oem4f (.text:mmBulkFree)
                  0000cc44    00000084              : mem.oem4f (.text:mmFree)
                  0000ccc8    00000084     sysbios.aem4f : BIOS.obj (.text:ti_sysbios_family_arm_m3_Hwi_postInit__I)
                  0000cd4c    00000082     nettool_ipv4.aem4f : dhcpsm.oem4f (.text:StateRenewRebind)
                  0000cdce    00000002     httpget_pem4f.oem4f (.text:xdc_runtime_Startup_reset__I)
                  0000cdd0    00000080     drivers_tivaware.aem4f : EMACSnow.oem4f (.text:EMACSnow_emacStop)
                  0000ce50    00000080                            : EMACSnow.oem4f (.text:EMACSnow_processPendingTx)
                  0000ced0    00000080     stk.aem4f : lli.oem4f (.text:LLINew)
                  0000cf50    00000080     netctrl_min_ipv4.aem4f : netsrv.oem4f (.text:NS_BootTask)
                  0000cfd0    00000080     stk.aem4f : pbm.oem4f (.text:PBM_alloc)
                  0000d050    00000080               : raw.oem4f (.text:RawOutput)
                  0000d0d0    0000007e     drivers_tivaware.aem4f : I2CTiva.oem4f (.text:I2CTiva_transfer)
                  0000d14e    0000007e     stk.aem4f : fileuser.oem4f (.text:fdClose)
                  0000d1cc    0000007c     nettool_ipv4.aem4f : config.oem4f (.text:CfgGetNextEntry)
                  0000d248    0000007c     drivers_tivaware.aem4f : EMACSnow.oem4f (.text:EMACSnow_hwiIntFxn)
                  0000d2c4    0000007c     stk.aem4f : igmp.oem4f (.text:IGMPDoMCast)
                  0000d340    0000007c               : igmp.oem4f (.text:IGMPJoin)
                  0000d3bc    0000007c               : socket.oem4f (.text:NDK_setsockopt)
                  0000d438    0000007c               : nimu.oem4f (.text:NIMURegister)
                  0000d4b4    0000007c               : pbm.oem4f (.text:PBM_free)
                  0000d530    0000007c     nettool_ipv4.aem4f : inetaddr.oem4f (.text:inet_pton)
                  0000d5ac    00000004     os.aem4f : semaphore.oem4f (.text:SemPost)
                  0000d5b0    0000007c     sysbios.aem4f : BIOS.obj (.text:ti_sysbios_heaps_HeapMem_free__E)
                  0000d62c    0000007a     stk.aem4f : sock.oem4f (.text:SockAccept)
                  0000d6a6    0000007a     rtsv7M4_T_le_v4SPD16_eabi.lib : memset_t2.asm.obj (.text)
                  0000d720    00000078     driverlib.lib : emac.obj (.text:EMACInit)
                  0000d798    00000078     stk.aem4f : socket.oem4f (.text:NDK_sendto)
                  0000d810    00000078               : tcptime.oem4f (.text:TcpXmitTimer)
                  0000d888    00000078               : fileuser.oem4f (.text:fdOpenSession)
                  0000d900    00000078     os.aem4f : task.oem4f (.text:llExit)
                  0000d978    00000076     stk.aem4f : pipe.oem4f (.text:PipeSend)
                  0000d9ee    00000002     --HOLE-- [fill = 0]
                  0000d9f0    00000075               : tcptime.oem4f (.text:TcpTimeoutSackRexmt)
                  0000da65    00000003     --HOLE-- [fill = 0]
                  0000da68    00000074               : igmp.oem4f (.text:IGMPLeaveHostGroup)
                  0000dadc    00000074               : nimu.oem4f (.text:NIMUShutdown)
                  0000db50    00000074               : raweth.oem4f (.text:RawEthRxPacket)
                  0000dbc4    00000074               : sockpcb.oem4f (.text:SockPcbConnect)
                  0000dc38    00000074     sysbios.aem4f : BIOS.obj (.text:ti_sysbios_knl_Mailbox_pend__E)
                  0000dcac    00000072     os.aem4f : semaphore.oem4f (.text:SemCreateBinary)
                  0000dd1e    00000070     stk.aem4f : socket.oem4f (.text:NDK_accept)
                  0000dd8e    00000070               : socket.oem4f (.text:NDK_send)
                  0000ddfe    00000002     --HOLE-- [fill = 0]
                  0000de00    00000070               : rtable.oem4f (.text:RtFlush)
                  0000de70    00000070     netctrl_min_ipv4.aem4f : netsrv.oem4f (.text:SPConfig)
                  0000dee0    00000070     stk.aem4f : sock.oem4f (.text:SockShutdown)
                  0000df50    00000070     nettool_ipv4.aem4f : dhcptags.oem4f (.text:dhcpDecodeType)
                  0000dfc0    00000070     sysbios.aem4f : BIOS.obj (.text:ti_sysbios_knl_Clock_workFunc__E)
                  0000e030    0000006e     stk.aem4f : socket.oem4f (.text:NDK_recv)
                  0000e09e    00000002     --HOLE-- [fill = 0]
                  0000e0a0    0000006e               : rtable.oem4f (.text:RtWalkNext)
                  0000e10e    0000006e               : sockpcb.oem4f (.text:SockPcbFindRaw)
                  0000e17c    0000006e     rtsv7M4_T_le_v4SPD16_eabi.lib : _printfi.c.obj (.text:_mcpy)
                  0000e1ea    0000006e                                   : ll_div_t2.asm.obj (.text)
                  0000e258    0000006d     stk.aem4f : node.oem4f (.text:NodeNew)
                  0000e2c5    00000003     --HOLE-- [fill = 0]
                  0000e2c8    0000006d     ti.targets.arm.rtsarm.aem4f : System.oem4f (.text:xdc_runtime_System_formatNum__I)
                  0000e335    00000003     --HOLE-- [fill = 0]
                  0000e338    0000006c     os.aem4f : ossys.oem4f (.text:DbgPrintf)
                  0000e3a4    0000006c     stk.aem4f : node.oem4f (.text:NodeTreeNew)
                  0000e410    0000006c               : raweth.oem4f (.text:RawEthTxPacket)
                  0000e47c    0000006c               : udp.oem4f (.text:UdpChecksum)
                  0000e4e8    0000006c     rtsv7M4_T_le_v4SPD16_eabi.lib : asctime.c.obj (.text:asctime)
                  0000e554    0000006c     httpget_pem4f.oem4f (.text:ti_ndk_config_ip_init)
                  0000e5c0    0000006c     sysbios.aem4f : BIOS.obj (.text:ti_sysbios_knl_Swi_restoreHwi__E)
                  0000e62c    0000006c     ti.targets.arm.rtsarm.aem4f : Error.oem4f (.text:xdc_runtime_Error_print__E)
                  0000e698    0000006c                                 : Memory.oem4f (.text:xdc_runtime_Memory_alloc__E)
                  0000e704    0000006a     stk.aem4f : tcpprot.oem4f (.text:TcpPrInherit)
                  0000e76e    00000002     --HOLE-- [fill = 0]
                  0000e770    00000068     EK_TM4C1294XL.obj (.text:EK_TM4C1294XL_initI2C)
                  0000e7d8    00000068     stk.aem4f : socket.oem4f (.text:NDK_socket)
                  0000e840    00000068               : pbm.oem4f (.text:PBM_open)
                  0000e8a8    00000068               : sock.oem4f (.text:SockListen)
                  0000e910    00000068               : rtable.oem4f (.text:_RtNodeInsert)
                  0000e978    00000068     rtsv7M4_T_le_v4SPD16_eabi.lib : copy_decompress_lzss.c.obj (.text:decompress:lzss:__TI_decompress_lzss)
                  0000e9e0    00000066     ti.targets.arm.rtsarm.aem4f : Core-mem.oem4f (.text:xdc_runtime_Core_deleteObject__I)
                  0000ea46    00000002     --HOLE-- [fill = 0]
                  0000ea48    00000064     nettool_ipv4.aem4f : config.oem4f (.text:CfgFree)
                  0000eaac    00000064     drivers_tivaware.aem4f : GPIOTiva.oem4f (.text:GPIO_hwiIntFxn)
                  0000eb10    00000064     httpget.obj (.text:IIC_OpenComm)
                  0000eb74    00000064     stk.aem4f : pbm.oem4f (.text:PBMQ_enq)
                  0000ebd8    00000064               : sockint.oem4f (.text:SockSpawnAbort)
                  0000ec3c    00000064     rtsv7M4_T_le_v4SPD16_eabi.lib : s_frexp.c.obj (.text:frexp)
                  0000eca0    00000064     hal_timer_bios.aem4f : lltimer.oem4f (.text:llTimerTick)
                  0000ed04    00000064     httpget_pem4f.oem4f (.text:ti_sysbios_family_arm_m3_Hwi_create)
                  0000ed68    00000064     sysbios.aem4f : BIOS.obj (.text:ti_sysbios_family_arm_m3_Hwi_dispatchC__I)
                  0000edcc    00000004     os.aem4f : semaphore.oem4f (.text:SemReset)
                  0000edd0    00000064     sysbios.aem4f : BIOS.obj (.text:ti_sysbios_knl_Semaphore_post__E)
                  0000ee34    00000064     stk.aem4f : lliin.oem4f (.text:updateRtTable)
                  0000ee98    00000062     drivers_tivaware.aem4f : I2CTiva.oem4f (.text:I2CTiva_primeTransfer)
                  0000eefa    00000062     stk.aem4f : ipin.oem4f (.text:IPRouteIP)
                  0000ef5c    00000062               : sb.oem4f (.text:SBNew)
                  0000efbe    00000002     --HOLE-- [fill = 0]
                  0000efc0    00000060     nettool_ipv4.aem4f : config.oem4f (.text:CfgGetEntryCnt)
                  0000f020    00000060     stk.aem4f : file.oem4f (.text:FdWaitEvent)
                  0000f080    00000060               : nimu.oem4f (.text:NIMUUnregister)
                  0000f0e0    00000060               : node.oem4f (.text:NodeFind)
                  0000f140    00000060               : rtc.oem4f (.text:RTCMsg)
                  0000f1a0    00000060               : tcp.oem4f (.text:TcpChecksum)
                  0000f200    00000060     nettool_ipv4.aem4f : dhcptags.oem4f (.text:dhcpBuildOptions)
                  0000f260    00000060     httpget_pem4f.oem4f (.text:ti_ndk_config_Global_serviceReport)
                  0000f2c0    0000005e     stk.aem4f : route.oem4f (.text:RtRemove)
                  0000f31e    0000005e     nettool_ipv4.aem4f : dhcpsm.oem4f (.text:StateSelecting)
                  0000f37c    0000005e     stk.aem4f : vlan.oem4f (.text:VLANReceivePacket)
                  0000f3da    00000002     --HOLE-- [fill = 0]
                  0000f3dc    0000005c     nettool_ipv4.aem4f : config.oem4f (.text:CfgSetExecuteOrder)
                  0000f438    0000005c     stk.aem4f : nimu.oem4f (.text:NIMUIoctlSpecialCmd)
                  0000f494    0000005c     netctrl_min_ipv4.aem4f : netsrv.oem4f (.text:SPService)
                  0000f4f0    0000005c     httpget_pem4f.oem4f (.text:ti_sysbios_knl_Swi_create)
                  0000f54c    00000004     os.aem4f : task.oem4f (.text:TaskSelf)
                  0000f550    0000005c     sysbios.aem4f : BIOS.obj (.text:ti_sysbios_knl_Swi_run__I)
                  0000f5ac    00000004     os.aem4f : task.oem4f (.text:TaskSetPri)
                  0000f5b0    0000005c     sysbios.aem4f : BIOS.obj (.text:ti_sysbios_knl_Swi_schedule__I)
                  0000f60c    0000005c     httpget_pem4f.oem4f (.text:ti_sysbios_knl_Task_create)
                  0000f668    0000005c     sysbios.aem4f : BIOS.obj (.text:ti_sysbios_knl_Task_unblockI__E)
                  0000f6c4    0000005b     ti.targets.arm.rtsarm.aem4f : Text.oem4f (.text:xdc_runtime_Text_putLab__E)
                  0000f71f    00000001     --HOLE-- [fill = 0]
                  0000f720    0000005a     stk.aem4f : route.oem4f (.text:RtRedirect)
                  0000f77a    0000005a               : tcpprot.oem4f (.text:TcpValidateMetrics)
                  0000f7d4    0000005a     nettool_ipv4.aem4f : dhcpbild.oem4f (.text:dhcpBuildDecline)
                  0000f82e    0000005a     os.aem4f : mem.oem4f (.text:mmCopy)
                  0000f888    0000005a     httpget_pem4f.oem4f (.text:ti_ndk_config_tcp_init)
                  0000f8e2    00000002     --HOLE-- [fill = 0]
                  0000f8e4    00000058     stk.aem4f : bind.oem4f (.text:BindFree)
                  0000f93c    00000058     boot.aem4f : boot.oem4f (.text)
                  0000f994    00000058     driverlib.lib : emac.obj (.text:EMACPHYConfigSet)
                  0000f9ec    00000058     rtsv7M4_T_le_v4SPD16_eabi.lib : hostwrite.c.obj (.text:HOSTwrite)
                  0000fa44    00000058     stk.aem4f : igmp.oem4f (.text:IGMPTimer)
                  0000fa9c    00000058     os.aem4f : semaphore.oem4f (.text:SemCreate)
                  0000faf4    00000058     httpget_pem4f.oem4f (.text:ti_sysbios_family_arm_m3_Hwi_construct)
                  0000fb4c    00000058     sysbios.aem4f : m3_Hwi_asm_switch.obj (.text:ti_sysbios_family_arm_m3_Hwi_initStacks__E)
                  0000fba4    00000056     driverlib.lib : gpio.obj (.text:GPIOIntTypeSet)
                  0000fbfa    00000056     rtsv7M4_T_le_v4SPD16_eabi.lib : _printfi.c.obj (.text:_pconv_f)
                  0000fc50    00000054     nettool_ipv4.aem4f : config.oem4f (.text:CfgEntryDeRef)
                  0000fca4    00000054     stk.aem4f : igmp.oem4f (.text:IGMPLeave)
                  0000fcf8    00000054               : rawethsock_pcb.oem4f (.text:RawEthSockPcbAttach)
                  0000fd4c    00000054               : sockpcb.oem4f (.text:SockCleanPcb)
                  0000fda0    00000054               : tcptime.oem4f (.text:TcpTimeoutPersist)
                  0000fdf4    00000054     rtsv7M4_T_le_v4SPD16_eabi.lib : _ltoa.c.obj (.text:__TI_ltoa)
                  0000fe48    00000054     httpget.obj (.text:socketTask)
                  0000fe9c    00000004     hal_ser_stub.aem4f : llserstb.oem4f (.text:_llSerialInit)
                  0000fea0    00000054     sysbios.aem4f : BIOS.obj (.text:ti_sysbios_family_arm_lm4_Timer_initDevice__I)
                  0000fef4    00000004     rtsv7M4_T_le_v4SPD16_eabi.lib : exit.c.obj (.text:abort:abort)
                  0000fef8    00000054     sysbios.aem4f : BIOS.obj (.text:ti_sysbios_knl_Swi_Instance_init__E)
                  0000ff4c    00000054     ti.targets.arm.rtsarm.aem4f : Assert.oem4f (.text:xdc_runtime_Assert_raise__I)
                  0000ffa0    00000052     stk.aem4f : tcpprot.oem4f (.text:TcpPrDetach)
                  0000fff2    00000052     rtsv7M4_T_le_v4SPD16_eabi.lib : _printfi.c.obj (.text:_ecpy)
                  00010044    00000050     drivers_tivaware.aem4f : GPIOTiva.oem4f (.text:GPIO_setCallback)
                  00010094    00000050                            : GPIOTiva.oem4f (.text:GPIO_write)
                  000100e4    00000050     stk.aem4f : socket.oem4f (.text:NDK_bind)
                  00010134    00000050               : socket.oem4f (.text:NDK_connect)
                  00010184    00000050               : route.oem4f (.text:RtNew)
                  000101d4    00000050     driverlib.lib : sysctl.obj (.text:SysCtlPeripheralReset)
                  00010224    00000050     Boot.aem4f : Boot_sysctl.oem4f (.text:_SysCtlFrequencyGet)
                  00010274    00000004     stk.aem4f : listlib.oem4f (.text:list_get_head)
                  00010278    00000050     sysbios.aem4f : BIOS.obj (.text:ti_sysbios_family_arm_m3_Hwi_Module_startup__E)
                  000102c8    00000050     ti.targets.arm.rtsarm.aem4f : Startup.oem4f (.text:xdc_runtime_Startup_exec__E)
                  00010318    00000050                                 : Text.oem4f (.text:xdc_runtime_Text_visitRope2__I)
                  00010368    0000004e     stk.aem4f : node.oem4f (.text:NodeDeRef)
                  000103b6    0000004e     nettool_ipv4.aem4f : config.oem4f (.text:_CfgEntryScan)
                  00010404    0000004c                        : ipaddr.oem4f (.text:NtAddNetwork)
                  00010450    0000004c     stk.aem4f : sockint.oem4f (.text:SockValidateRoute)
                  0001049c    0000004c     rtsv7M4_T_le_v4SPD16_eabi.lib : atoi.c.obj (.text:atoi)
                  000104e8    0000004c                                   : cpy_tbl.c.obj (.text:copy_in)
                  00010534    0000004c                                   : snprintf.c.obj (.text:snprintf)
                  00010580    0000004c     sysbios.aem4f : BIOS.obj (.text:ti_sysbios_heaps_HeapMem_getStats__E)
                  000105cc    00000004     stk.aem4f : listlib.oem4f (.text:list_get_next)
                  000105d0    0000004c     sysbios.aem4f : BIOS.obj (.text:ti_sysbios_knl_Swi_runLoop__I)
                  0001061c    00000004     httpget_pem4f.oem4f (.text:ti_sysbios_BIOS_RtsGateProxy_enter__E)
                  00010620    0000004c     sysbios.aem4f : BIOS.obj (.text:ti_sysbios_knl_Task_allBlockedFunction__I)
                  0001066c    0000004a     netctrl_min_ipv4.aem4f : netsrv.oem4f (.text:ServiceKill)
                  000106b6    0000004a     stk.aem4f : sock.oem4f (.text:SockDisconnect)
                  00010700    0000004a               : timer.oem4f (.text:TimerNew)
                  0001074a    00000048     nettool_ipv4.aem4f : config.oem4f (.text:CfgNew)
                  00010792    00000002     --HOLE-- [fill = 0]
                  00010794    00000048     driverlib.lib : gpio.obj (.text:GPIOPinConfigure)
                  000107dc    00000048                   : i2c.obj (.text:I2CMasterInitExpClk)
                  00010824    00000048     stk.aem4f : lli.oem4f (.text:LLIMsg)
                  0001086c    00000048               : node.oem4f (.text:NodeWalk)
                  000108b4    00000048               : rawethsock_pcb.oem4f (.text:RawEthSockPcbDetach)
                  000108fc    00000048               : sockpcb.oem4f (.text:SockPcbResolveChain)
                  00010944    00000048               : tcpprot.oem4f (.text:TcpDrop)
                  0001098c    00000048               : lli.oem4f (.text:_LLIExpListInsert)
                  000109d4    00000048               : rtable.oem4f (.text:_RtExpListInsert)
                  00010a1c    00000048               : file.oem4f (.text:fdint_lockfd)
                  00010a64    00000048     rtsv7M4_T_le_v4SPD16_eabi.lib : fd_toi_t2.asm.obj (.text)
                  00010aac    00000004     httpget_pem4f.oem4f (.text:ti_sysbios_BIOS_RtsGateProxy_leave__E)
                  00010ab0    00000048     sysbios.aem4f : BIOS.obj (.text:ti_sysbios_family_arm_lm4_Timer_enableTimers__I)
                  00010af8    00000048                   : BIOS.obj (.text:ti_sysbios_family_arm_m3_Hwi_disableInterrupt__E)
                  00010b40    00000048                   : BIOS.obj (.text:ti_sysbios_family_arm_m3_Hwi_enableInterrupt__E)
                  00010b88    00000048                   : BIOS.obj (.text:ti_sysbios_family_arm_m3_Hwi_excReserved__I)
                  00010bd0    00000048                   : BIOS.obj (.text:ti_sysbios_knl_Mailbox_Module_startup__E)
                  00010c18    00000048                   : BIOS.obj (.text:ti_sysbios_knl_Task_deleteTerminatedTasksFunc__I)
                  00010c60    00000046     nettool_ipv4.aem4f : ipaddr.oem4f (.text:NtIfIdx2Ip)
                  00010ca6    00000046     stk.aem4f : rawethsock.oem4f (.text:RawEthSockSend)
                  00010cec    00000046               : tcpprot.oem4f (.text:TcpPrCtlError)
                  00010d32    00000046     os.aem4f : mem.oem4f (.text:mmZeroInit)
                  00010d78    00000046     ti.targets.arm.rtsarm.aem4f : Core-params.oem4f (.text:xdc_runtime_Core_assignParams__I)
                  00010dbe    00000002     --HOLE-- [fill = 0]
                  00010dc0    00000044     drivers_tivaware.aem4f : EMACSnow.oem4f (.text:EMACSnow_processTransmitted)
                  00010e04    00000044     stk.aem4f : icmp.oem4f (.text:ICMPChecksum)
                  00010e48    00000044               : ipfrag.oem4f (.text:IPReasmFree)
                  00010e8c    00000044               : lli.oem4f (.text:LLIGetValidTime)
                  00010ed0    00000044               : rtable.oem4f (.text:RouteMsg)
                  00010f14    00000044               : rtable.oem4f (.text:RtWalkEnd)
                  00010f58    00000044               : sockpcb.oem4f (.text:SockPcbDetach)
                  00010f9c    00000044               : timer.oem4f (.text:TimerListInsert)
                  00010fe0    00000044     hal_timer_bios.aem4f : lltimer.oem4f (.text:llTimerGetTime)
                  00011024    00000004     sysbios.aem4f : BIOS.obj (.text:ti_sysbios_family_arm_lm4_Timer_masterEnable__I)
                  00011028    00000044                   : BIOS.obj (.text:ti_sysbios_family_arm_lm4_Timer_isrStub__E)
                  0001106c    00000004     httpget_pem4f.oem4f (.text:ti_sysbios_family_arm_m3_Hwi_delete)
                  00011070    00000044     sysbios.aem4f : BIOS.obj (.text:ti_sysbios_family_arm_m3_Hwi_getStackInfo__E)
                  000110b4    00000004     httpget_pem4f.oem4f (.text:ti_sysbios_family_arm_m3_Hwi_destruct)
                  000110b8    00000044     sysbios.aem4f : BIOS.obj (.text:ti_sysbios_knl_Swi_post__E)
                  000110fc    00000044     ti.targets.arm.rtsarm.aem4f : Error.oem4f (.text:xdc_runtime_Error_setX__E)
                  00011140    00000044                                 : SysMin.oem4f (.text:xdc_runtime_SysMin_flush__E)
                  00011184    00000044                                 : Text.oem4f (.text:xdc_runtime_Text_xprintf__I)
                  000111c8    00000042     stk.aem4f : socket.oem4f (.text:NDK_listen)
                  0001120a    00000042               : tcpprot.oem4f (.text:TcpPrSendOOB)
                  0001124c    00000042               : fileuser.oem4f (.text:fdCloseSession)
                  0001128e    00000002     --HOLE-- [fill = 0]
                  00011290    00000040               : lliin.oem4f (.text:LLIValidateRoute)
                  000112d0    00000040               : pbm.oem4f (.text:PBM_copy)
                  00011310    00000040               : sockpcb.oem4f (.text:SockPcbRtChange)
                  00011350    00000040               : tcpprot.oem4f (.text:TcpPrSend)
                  00011390    00000040     rtsv7M4_T_le_v4SPD16_eabi.lib : u_divt2.asm.obj (.text)
                  000113d0    00000040                                   : sprintf.c.obj (.text:sprintf)
                  00011410    00000040     sysbios.aem4f : BIOS.obj (.text:ti_sysbios_family_arm_lm4_Timer_Module_startup__E)
                  00011450    00000040                   : BIOS.obj (.text:ti_sysbios_family_arm_lm4_Timer_startup__E)
                  00011490    00000040                   : BIOS.obj (.text:ti_sysbios_heaps_HeapMem_Instance_init__E)
                  000114d0    0000003e     nettool_ipv4.aem4f : dhcpmain.oem4f (.text:DHCPClose)
                  0001150e    00000002     --HOLE-- [fill = 0]
                  00011510    0000003e     stk.aem4f : nimu.oem4f (.text:NIMUAllocateName)
                  0001154e    0000003e     os.aem4f : task.oem4f (.text:TaskCreate)
                  0001158c    0000003e     stk.aem4f : tcpprot.oem4f (.text:TcpPrDisconnect)
                  000115ca    0000003e     rtsv7M4_T_le_v4SPD16_eabi.lib : _printfi.c.obj (.text:_fcpy)
                  00011608    0000003e     stk.aem4f : file.oem4f (.text:fdint_unlockfd)
                  00011646    0000003c     nettool_ipv4.aem4f : config.oem4f (.text:CfgEntryGetData)
                  00011682    0000003c     driverlib.lib : emac.obj (.text:EMACIntDisable)
                  000116be    0000003c     stk.aem4f : node.oem4f (.text:NodeUpdatePL)
                  000116fa    00000002     --HOLE-- [fill = 0]
                  000116fc    0000003c               : rtable.oem4f (.text:RtWalkBegin)
                  00011738    0000003c               : tcpprot.oem4f (.text:TcpPrConnect)
                  00011774    0000003c               : tcptime.oem4f (.text:TcpSetPersist)
                  000117b0    0000003c               : rtc.oem4f (.text:_RTCSendRtAdv)
                  000117ec    0000003c               : rtable.oem4f (.text:_RtNodeRemove)
                  00011828    0000003c     hal_timer_bios.aem4f : lltimer.oem4f (.text:_llTimerInit)
                  00011864    00000004     httpget_pem4f.oem4f (.text:ti_sysbios_family_arm_m3_TaskSupport_Module__startupDone__S)
                  00011868    0000003c     sysbios.aem4f : BIOS.obj (.text:ti_sysbios_family_arm_m3_Hwi_excSvCall__I)
                  000118a4    00000004     httpget_pem4f.oem4f (.text:ti_sysbios_heaps_HeapMem_Module_GateProxy_enter__E)
                  000118a8    0000003c     sysbios.aem4f : BIOS.obj (.text:ti_sysbios_heaps_HeapMem_init__I)
                  000118e4    00000004     httpget_pem4f.oem4f (.text:ti_sysbios_heaps_HeapMem_Module_GateProxy_leave__E)
                  000118e8    0000003c     sysbios.aem4f : BIOS.obj (.text:ti_sysbios_knl_Clock_Instance_init__E)
                  00011924    00000004     httpget_pem4f.oem4f (.text:ti_sysbios_knl_Clock_TimerProxy_getMaxTicks__E)
                  00011928    0000003c     sysbios.aem4f : BIOS.obj (.text:ti_sysbios_knl_Swi_restore__E)
                  00011964    0000003a     driverlib.lib : emac.obj (.text:EMACIntEnable)
                  0001199e    0000003a     drivers_tivaware.aem4f : I2CTiva.oem4f (.text:I2CTiva_completeTransfer)
                  000119d8    00000038     driverlib.lib : emac.obj (.text:EMACConfigGet)
                  00011a10    00000038     drivers_tivaware.aem4f : I2C.oem4f (.text:I2C_init)
                  00011a48    00000038     stk.aem4f : ipfrag.oem4f (.text:IPReasmTimeout)
                  00011a80    00000038               : node.oem4f (.text:NodeGetRt)
                  00011ab8    00000038     driverlib.lib : sysctl.obj (.text:SysCtlPeripheralReady)
                  00011af0    00000038     stk.aem4f : tcpprot.oem4f (.text:TcpClose)
                  00011b28    00000038               : timer.oem4f (.text:TimerHSTick)
                  00011b60    00000038     rtsv7M4_T_le_v4SPD16_eabi.lib : trgmsg.c.obj (.text:__TI_writemsg)
                  00011b98    00000038     nettool_ipv4.aem4f : dhcpbild.oem4f (.text:dhcpBuildDiscover)
                  00011bd0    00000038                        : dhcptags.oem4f (.text:dhcpOptionsClear)
                  00011c08    00000038     stk.aem4f : file.oem4f (.text:fdint_waitevent)
                  00011c40    00000038     rtsv7M4_T_le_v4SPD16_eabi.lib : fs_tod_t2.asm.obj (.text)
                  00011c78    00000038     sysbios.aem4f : BIOS.obj (.text:ti_sysbios_family_arm_m3_Hwi_excNoIsr__I)
                  00011cb0    00000038     httpget_pem4f.oem4f (.text:ti_sysbios_knl_Clock_create)
                  00011ce8    00000038     ti.targets.arm.rtsarm.aem4f : SysMin.oem4f (.text:xdc_runtime_SysMin_putch__E)
                  00011d20    00000038                                 : System.oem4f (.text:xdc_runtime_System_atexit__E)
                  00011d58    00000036     drivers_tivaware.aem4f : I2CTiva.oem4f (.text:I2CTiva_close)
                  00011d8e    00000036     stk.aem4f : ip.oem4f (.text:IPChecksum)
                  00011dc4    00000035     httpget.obj (.text:printError)
                  00011df9    00000003     --HOLE-- [fill = 0]
                  00011dfc    00000034     nettool_ipv4.aem4f : config.oem4f (.text:CfgSetService)
                  00011e30    00000034     driverlib.lib : emac.obj (.text:EMACConfigSet)
                  00011e64    00000034                   : emac.obj (.text:EMACIntClear)
                  00011e98    00000034     drivers_tivaware.aem4f : EMACSnow.oem4f (.text:EMACSnow_emacPoll)
                  00011ecc    00000034                            : EMACSnow.oem4f (.text:EMACSnow_isLinkUp)
                  00011f00    00000034                            : EMAC.oem4f (.text:EMAC_init)
                  00011f34    00000034     stk.aem4f : exec.oem4f (.text:ExecClose)
                  00011f68    00000034               : nimu.oem4f (.text:NIMUFindByName)
                  00011f9c    00000034               : nimu.oem4f (.text:NIMUInit)
                  00011fd0    00000034               : rawethsock.oem4f (.text:RawEthSockNotify)
                  00012004    00000034               : sockprot.oem4f (.text:SockPrCtlError)
                  00012038    00000034     driverlib.lib : sysctl.obj (.text:SysCtlPeripheralEnable)
                  0001206c    00000034     rtsv7M4_T_le_v4SPD16_eabi.lib : trgmsg.c.obj (.text:__TI_readmsg)
                  000120a0    00000034     os.aem4f : mem.oem4f (.text:mmUnInitPage)
                  000120d4    00000004     httpget_pem4f.oem4f (.text:ti_sysbios_knl_Queue_destruct)
                  000120d8    00000034     sysbios.aem4f : BIOS.obj (.text:ti_sysbios_family_arm_m3_Hwi_Instance_finalize__E)
                  0001210c    00000004     httpget_pem4f.oem4f (.text:ti_sysbios_knl_Semaphore_delete)
                  00012110    00000034     sysbios.aem4f : BIOS.obj (.text:ti_sysbios_family_arm_m3_Hwi_excNmi__I)
                  00012144    00000004     httpget_pem4f.oem4f (.text:ti_sysbios_knl_Semaphore_destruct)
                  00012148    00000034     sysbios.aem4f : BIOS.obj (.text:ti_sysbios_hal_Hwi_checkStack)
                  0001217c    00000034     httpget_pem4f.oem4f (.text:ti_sysbios_knl_Semaphore_create)
                  000121b0    00000034     ti.targets.arm.rtsarm.aem4f : Core-label.oem4f (.text:xdc_runtime_Core_assignLabel__I)
                  000121e4    00000033                                 : Text.oem4f (.text:xdc_runtime_Text_printVisFxn__I)
                  00012217    00000001     --HOLE-- [fill = 0]
                  00012218    00000032     nettool_ipv4.aem4f : config.oem4f (.text:CfgGetImmediate)
                  0001224a    00000032     stk.aem4f : route.oem4f (.text:RtDeRef)
                  0001227c    00000032               : route.oem4f (.text:RtSetFailure)
                  000122ae    00000032               : sb.oem4f (.text:SBFlush)
                  000122e0    00000032               : sb.oem4f (.text:SBSetMax)
                  00012312    00000032               : sock.oem4f (.text:SockIntAbort)
                  00012344    00000032     nettool_ipv4.aem4f : config.oem4f (.text:_CfgAcquire)
                  00012376    00000032                        : dhcpsm.oem4f (.text:dhcpIPRemove)
                  000123a8    00000032     sysbios.aem4f : BIOS.obj (.text:ti_sysbios_hal_Hwi_initStack)
                  000123da    00000006     driverlib.lib : emac.obj (.text:EMACRxDMADescriptorListSet)
                  000123e0    00000032     sysbios.aem4f : BIOS.obj (.text:ti_sysbios_knl_Semaphore_pendTimeout__I)
                  00012412    00000030     driverlib.lib : emac.obj (.text:EMACAddrSet)
                  00012442    00000002     --HOLE-- [fill = 0]
                  00012444    00000030     drivers_tivaware.aem4f : EMACSnow.oem4f (.text:EMACSnow_handlePackets)
                  00012474    00000030                            : I2C.oem4f (.text:I2C_open)
                  000124a4    00000030     netctrl_min_ipv4.aem4f : netsrv.oem4f (.text:NS_PreBoot)
                  000124d4    00000030     stk.aem4f : sock.oem4f (.text:SockBind)
                  00012504    00000030               : sock.oem4f (.text:SockGetName)
                  00012534    00000030     rtsv7M4_T_le_v4SPD16_eabi.lib : snprintf.c.obj (.text:_outs)
                  00012564    00000030     nettool_ipv4.aem4f : dhcpsock.oem4f (.text:dhcpPacketSend)
                  00012594    00000030     stk.aem4f : listlib.oem4f (.text:list_remove_node)
                  000125c4    00000030     httpget_pem4f.oem4f (.text:ti_sysbios_BIOS_atExitFunc__I)
                  000125f4    00000004     httpget_pem4f.oem4f (.text:ti_sysbios_knl_Swi_delete)
                  000125f8    00000030     sysbios.aem4f : BIOS.obj (.text:ti_sysbios_family_arm_lm4_Timer_stop__E)
                  00012628    00000030                   : BIOS.obj (.text:ti_sysbios_family_arm_m3_TaskSupport_start__E)
                  00012658    00000030     httpget_pem4f.oem4f (.text:ti_sysbios_gates_GateHwi_Object__create__S)
                  00012688    00000030     httpget_pem4f.oem4f (.text:ti_sysbios_gates_GateMutex_Object__create__S)
                  000126b8    00000030     sysbios.aem4f : BIOS.obj (.text:ti_sysbios_gates_GateMutex_enter__E)
                  000126e8    00000030     httpget_pem4f.oem4f (.text:ti_sysbios_heaps_HeapMem_Object__create__S)
                  00012718    00000030     sysbios.aem4f : BIOS.obj (.text:ti_sysbios_knl_Mailbox_postInit__I)
                  00012748    00000030     httpget_pem4f.oem4f (.text:ti_sysbios_knl_Semaphore_construct)
                  00012778    00000030     sysbios.aem4f : BIOS.obj (.text:ti_sysbios_knl_Task_processVitalTaskFlag__I)
                  000127a8    00000030     ti.targets.arm.rtsarm.aem4f : SysMin.oem4f (.text:xdc_runtime_SysMin_abort__E)
                  000127d8    00000030                                 : System.oem4f (.text:xdc_runtime_System_processAtExit__E)
                  00012808    0000002e     stk.aem4f : sb.oem4f (.text:SBFree)
                  00012836    0000002e     rtsv7M4_T_le_v4SPD16_eabi.lib : i_tofd_t2.asm.obj (.text)
                  00012864    0000002c     driverlib.lib : emac.obj (.text:EMACIntStatus)
                  00012890    0000002c     stk.aem4f : file.oem4f (.text:FdSignalEvent)
                  000128bc    0000002c               : igmp.oem4f (.text:IGMPTestGroup)
                  000128e8    0000002c     os.aem4f : task.oem4f (.text:NDK_hookCreate)
                  00012914    0000002c     stk.aem4f : nimu.oem4f (.text:NIMUAllocateIndex)
                  00012940    0000002c               : nimu.oem4f (.text:NIMUPacketServiceCheck)
                  0001296c    0000002c               : pipe.oem4f (.text:PipeClose)
                  00012998    0000002c               : sockpcb.oem4f (.text:SockPcbAttach)
                  000129c4    0000002c               : lli.oem4f (.text:_LLIExpListRemove)
                  000129f0    0000002c               : lli.oem4f (.text:_LLITimeoutFlush)
                  00012a1c    0000002c               : rtable.oem4f (.text:_RtExpListRemove)
                  00012a48    0000002c     httpget_pem4f.oem4f (.text:ti_sysbios_knl_Clock_doTick__I)
                  00012a74    0000002c     httpget_pem4f.oem4f (.text:ti_sysbios_knl_Queue_construct)
                  00012aa0    0000002c     sysbios.aem4f : BIOS.obj (.text:ti_sysbios_knl_Task_restore__E)
                  00012acc    0000002c     ti.targets.arm.rtsarm.aem4f : Text.oem4f (.text:xdc_runtime_Text_cordText__E)
                  00012af8    0000002a     driverlib.lib : gpio.obj (.text:GPIODirModeSet)
                  00012b22    0000002a     stk.aem4f : pbm.oem4f (.text:PBMQ_deq)
                  00012b4c    0000002a     netctrl_min_ipv4.aem4f : netsrv.oem4f (.text:ServiceCallback)
                  00012b76    0000002a     nettool_ipv4.aem4f : config.oem4f (.text:_CfgRelease)
                  00012ba0    0000002a     ti.targets.arm.rtsarm.aem4f : System.oem4f (.text:xdc_runtime_System_putchar__I)
                  00012bca    00000002     --HOLE-- [fill = 0]
                  00012bcc    00000028     stk.aem4f : bind.oem4f (.text:BindFindByNet)
                  00012bf4    00000028               : lli.oem4f (.text:LLIFree)
                  00012c1c    00000028     netctrl_min_ipv4.aem4f : netctrl.oem4f (.text:NC_SystemClose)
                  00012c44    00000028     stk.aem4f : nimu.oem4f (.text:NIMUCreatePacket)
                  00012c6c    00000028               : nimu.oem4f (.text:NIMUPacketService)
                  00012c94    00000028               : tcpin.oem4f (.text:TcpEnterTimeWait)
                  00012cbc    00000028               : timer.oem4f (.text:TimerListRemove)
                  00012ce4    00000028               : vlan.oem4f (.text:VLANFindSourceInterface)
                  00012d0c    00000028               : vlan.oem4f (.text:VLANInit)
                  00012d34    00000028     nettool_ipv4.aem4f : dhcpsock.oem4f (.text:dhcpPacketReceive)
                  00012d5c    00000028     drivers_tivaware.aem4f : EMACSnow.oem4f (.text:signalLinkChange)
                  00012d84    00000004     httpget_pem4f.oem4f (.text:ti_sysbios_knl_Task_delete)
                  00012d88    00000028     sysbios.aem4f : BIOS.obj (.text:ti_sysbios_knl_Clock_addI__E)
                  00012db0    00000028                   : BIOS.obj (.text:ti_sysbios_knl_Swi_Module_startup__E)
                  00012dd8    00000026     nettool_ipv4.aem4f : config.oem4f (.text:CfgEntryInfo)
                  00012dfe    00000026     driverlib.lib : emac.obj (.text:EMACPHYRead)
                  00012e24    00000026                   : emac.obj (.text:EMACPHYWrite)
                  00012e4a    00000026     stk.aem4f : rawethsock.oem4f (.text:RawEthSockClose)
                  00012e70    00000026     sysbios.aem4f : m3_Hwi_asm.obj (.text:ti_sysbios_family_arm_m3_Hwi_pendSV__I)
                  00012e96    00000026     ti.targets.arm.rtsarm.aem4f : System.oem4f (.text:xdc_runtime_System_avprintf__E)
                  00012ebc    00000024     stk.aem4f : bind.oem4f (.text:BindFindByHost)
                  00012ee0    00000024               : bind.oem4f (.text:BindGetIFByDBCast)
                  00012f04    00000024     drivers_tivaware.aem4f : EMACSnow.oem4f (.text:EMACSnow_pkt_service)
                  00012f28    00000024                            : EMACSnow.oem4f (.text:EMACSnow_primeRx)
                  00012f4c    00000024     stk.aem4f : exec.oem4f (.text:ExecTimer)
                  00012f70    00000024               : nimu.oem4f (.text:NIMUFindByIndex)
                  00012f94    00000024               : rtc.oem4f (.text:RTCAddHook)
                  00012fb8    00000024               : rawethsock_pcb.oem4f (.text:RawEthSockPcbFind)
                  00012fdc    00000024               : route.oem4f (.text:RtFree)
                  00013000    00000024               : route.oem4f (.text:RtSetTimeout)
                  00013024    00000024               : sockpcb.oem4f (.text:SockPcbCleanup)
                  00013048    00000024               : tcpprot.oem4f (.text:TcpPrListen)
                  0001306c    00000024               : tcptime.oem4f (.text:TcpTimeoutWait2)
                  00013090    00000024     nettool_ipv4.aem4f : config.oem4f (.text:_CfgEntryProcess)
                  000130b4    00000024     httpget.obj (.text:getTimeStr)
                  000130d8    00000024     httpget_pem4f.oem4f (.text:ti_sysbios_BIOS_errorRaiseHook__I)
                  000130fc    00000024     httpget_pem4f.oem4f (.text:ti_sysbios_BIOS_registerRTSLock__I)
                  00013120    00000024     httpget_pem4f.oem4f (.text:ti_sysbios_BIOS_removeRTSLock__I)
                  00013144    00000024     httpget_pem4f.oem4f (.text:ti_sysbios_BIOS_startFunc__I)
                  00013168    00000024     httpget_pem4f.oem4f (.text:ti_sysbios_gates_GateMutex_Object__delete__S)
                  0001318c    00000004     ti.targets.arm.rtsarm.aem4f : Error.oem4f (.text:xdc_runtime_Error_getMsg__E)
                  00013190    00000024     sysbios.aem4f : BIOS.obj (.text:ti_sysbios_knl_Clock_Module_startup__E)
                  000131b4    00000004     ti.targets.arm.rtsarm.aem4f : Error.oem4f (.text:xdc_runtime_Error_getSite__E)
                  000131b8    00000024     sysbios.aem4f : BIOS.obj (.text:ti_sysbios_knl_Clock_start__E)
                  000131dc    00000004     httpget_pem4f.oem4f (.text:xdc_runtime_System_Module_GateProxy_enter__E)
                  000131e0    00000024     sysbios.aem4f : BIOS.obj (.text:ti_sysbios_knl_Semaphore_Instance_init__E)
                  00013204    00000024     httpget_pem4f.oem4f (.text:ti_sysbios_knl_Semaphore_Object__delete__S)
                  00013228    00000024     sysbios.aem4f : BIOS.obj (.text:ti_sysbios_knl_Task_restoreHwi__E)
                  0001324c    00000024     ti.targets.arm.rtsarm.aem4f : System.oem4f (.text:xdc_runtime_System_vprintf__E)
                  00013270    00000022     nettool_ipv4.aem4f : config.oem4f (.text:CfgEntryRef)
                  00013292    00000022     stk.aem4f : vlan.oem4f (.text:VLANFindNode)
                  000132b4    00000004     httpget_pem4f.oem4f (.text:xdc_runtime_System_Module_GateProxy_leave__E)
                  000132b8    00000022     sysbios.aem4f : BIOS.obj (.text:ti_sysbios_family_arm_lm4_Timer_write__I)
                  000132da    00000022     httpget_pem4f.oem4f (.text:xdc_runtime_SysMin_output__I)
                  000132fc    00000020     netctrl_min_ipv4.aem4f : netctrl.oem4f (.text:NC_BootComplete)
                  0001331c    00000020     stk.aem4f : nimu.oem4f (.text:NIMUGetNumOfObject)
                  0001333c    00000020               : rtc.oem4f (.text:RTCRemoveHook)
                  0001335c    00000020               : tcp.oem4f (.text:TcpTimeoutRemove)
                  0001337c    00000020     httpget.obj (.text:Timer_ISR)
                  0001339c    00000020     Boot.aem4f : Boot_sysctl.oem4f (.text:_SysCtlMemTimingGet)
                  000133bc    00000020     httpget_pem4f.oem4f (.text:ti_sysbios_BIOS_rtsLock__I)
                  000133dc    00000004     ti.targets.arm.rtsarm.aem4f : System.oem4f (.text:xdc_runtime_System_aprintf_va__F)
                  000133e0    00000020     sysbios.aem4f : BIOS.obj (.text:ti_sysbios_family_arm_lm4_Timer_postInit__I)
                  00013400    00000020     httpget_pem4f.oem4f (.text:ti_sysbios_family_arm_m3_Hwi_Object__delete__S)
                  00013420    00000020     sysbios.aem4f : m3_Hwi_asm.obj (.text:ti_sysbios_family_arm_m3_Hwi_excHandlerAsm__I)
                  00013440    00000020                   : BIOS.obj (.text:ti_sysbios_family_arm_m3_Hwi_excHandler__I)
                  00013460    00000020     httpget_pem4f.oem4f (.text:ti_sysbios_gates_GateHwi_Object__delete__S)
                  00013480    00000020     httpget_pem4f.oem4f (.text:ti_sysbios_heaps_HeapMem_Object__delete__S)
                  000134a0    00000020     sysbios.aem4f : BIOS.obj (.text:ti_sysbios_knl_Idle_run__E)
                  000134c0    00000020     httpget_pem4f.oem4f (.text:ti_sysbios_knl_Semaphore_Object__destruct__S)
                  000134e0    00000020     httpget_pem4f.oem4f (.text:ti_sysbios_knl_Swi_Object__delete__S)
                  00013500    00000020     httpget_pem4f.oem4f (.text:ti_sysbios_knl_Task_Object__delete__S)
                  00013520    00000020     ti.targets.arm.rtsarm.aem4f : Registry.oem4f (.text:xdc_runtime_Registry_findById__E)
                  00013540    00000020                                 : SysMin.oem4f (.text:xdc_runtime_SysMin_Module_startup__E)
                  00013560    0000001e     stk.aem4f : listlib.oem4f (.text:list_remove)
                  0001357e    0000001e     httpget.obj (.text:recv)
                  0001359c    0000001e     httpget.obj (.text:send)
                  000135ba    0000001e     sysbios.aem4f : m3_Hwi_asm_switch.obj (.text:ti_sysbios_family_xxx_Hwi_switchAndRunFunc)
                  000135d8    0000001c     stk.aem4f : bind.oem4f (.text:BindFindByIF)
                  000135f4    0000001c               : exec.oem4f (.text:ExecBroadcast)
                  00013610    0000001c     os.aem4f : ossys.oem4f (.text:NDK_sprintf)
                  0001362c    0000001c     stk.aem4f : nimu.oem4f (.text:NIMUAddHeader)
                  00013648    0000001c               : sockprot.oem4f (.text:SockPrDetach)
                  00013664    0000001c     os.aem4f : task.oem4f (.text:TaskDestroy)
                  00013680    0000001c     drivers_tivaware.aem4f : GPIOTiva.oem4f (.text:getGpioIntIndex)
                  0001369c    0000001c     rtsv7M4_T_le_v4SPD16_eabi.lib : memccpy.c.obj (.text:memccpy)
                  000136b8    0000001c     httpget_pem4f.oem4f (.text:ti_ndk_config_global_taskCreateHook)
                  000136d4    0000001c     httpget_pem4f.oem4f (.text:ti_sysbios_family_arm_m3_Hwi_Object__destruct__S)
                  000136f0    0000001c     sysbios.aem4f : BIOS.obj (.text:ti_sysbios_gates_GateMutex_Instance_init__E)
                  0001370c    0000001c     httpget_pem4f.oem4f (.text:ti_sysbios_knl_Queue_Object__destruct__S)
                  00013728    0000001c     sysbios.aem4f : BIOS.obj (.text:ti_sysbios_knl_Queue_get__E)
                  00013744    00000004     ti.targets.arm.rtsarm.aem4f : System.oem4f (.text:xdc_runtime_System_printf_va__F)
                  00013748    0000001c     sysbios.aem4f : BIOS.obj (.text:ti_sysbios_knl_Queue_put__E)
                  00013764    00000004     --HOLE-- [fill = 0]
                  00013768    0000001c                   : BIOS.obj (.text:ti_sysbios_knl_Task_enter__I)
                  00013784    0000001c     ti.targets.arm.rtsarm.aem4f : Error.oem4f (.text:xdc_runtime_Error_raiseX__E)
                  000137a0    0000001c                                 : Memory.oem4f (.text:xdc_runtime_Memory_valloc__E)
                  000137bc    0000001c                                 : SysMin.oem4f (.text:xdc_runtime_SysMin_exit__E)
                  000137d8    0000001c                                 : System.oem4f (.text:xdc_runtime_System_abort__E)
                  000137f4    0000001a     stk.aem4f : bind.oem4f (.text:BindGetIP)
                  0001380e    0000001a               : sockint.oem4f (.text:SockSetOOBMark)
                  00013828    0000001a     rtsv7M4_T_le_v4SPD16_eabi.lib : s_copysign.c.obj (.text:copysign)
                  00013842    0000001a     stk.aem4f : file.oem4f (.text:fdint_getfdt)
                  0001385c    0000001a     httpget_pem4f.oem4f (.text:ti_sysbios_family_arm_m3_Hwi_Handle__label__S)
                  00013876    0000001a     httpget_pem4f.oem4f (.text:ti_sysbios_gates_GateHwi_Handle__label__S)
                  00013890    0000001a     httpget_pem4f.oem4f (.text:ti_sysbios_gates_GateMutex_Handle__label__S)
                  000138aa    0000001a     httpget_pem4f.oem4f (.text:ti_sysbios_heaps_HeapMem_Handle__label__S)
                  000138c4    0000001a     httpget_pem4f.oem4f (.text:ti_sysbios_knl_Swi_Handle__label__S)
                  000138de    0000001a     httpget_pem4f.oem4f (.text:ti_sysbios_knl_Task_Handle__label__S)
                  000138f8    0000001a     sysbios.aem4f : BIOS.obj (.text:ti_sysbios_knl_Task_sleepTimeout__I)
                  00013912    0000001a     httpget_pem4f.oem4f (.text:xdc_runtime_System_aprintf__E)
                  0001392c    0000001a     httpget_pem4f.oem4f (.text:xdc_runtime_System_printf__E)
                  00013946    00000002     --HOLE-- [fill = 0]
                  00013948    00000018     drivers_tivaware.aem4f : EMACSnow.oem4f (.text:EMACSnow_emacSend)
                  00013960    00000018     stk.aem4f : ip.oem4f (.text:IPRtChange)
                  00013978    00000018               : rawethsock_pcb.oem4f (.text:RawEthSockPcbCleanup)
                  00013990    00000018     nettool_ipv4.aem4f : ipaddr.oem4f (.text:RouteHook)
                  000139a8    00000018     stk.aem4f : tcpin.oem4f (.text:SEQ_GEQ)
                  000139c0    00000018               : tcpout.oem4f (.text:SEQ_GEQ)
                  000139d8    00000018               : tcpin.oem4f (.text:SEQ_GT)
                  000139f0    00000018               : tcpout.oem4f (.text:SEQ_GT)
                  00013a08    00000018               : tcpin.oem4f (.text:SEQ_LEQ)
                  00013a20    00000018               : tcpout.oem4f (.text:SEQ_LEQ)
                  00013a38    00000018               : tcpin.oem4f (.text:SEQ_LT)
                  00013a50    00000018               : tcpout.oem4f (.text:SEQ_LT)
                  00013a68    00000018               : tcp.oem4f (.text:TcpTimeoutAdd)
                  00013a80    00000018     rtsv7M4_T_le_v4SPD16_eabi.lib : args_main.c.obj (.text:_args_main)
                  00013a98    00000018                                   : snprintf.c.obj (.text:_outc)
                  00013ab0    00000018                                   : sprintf.c.obj (.text:_outs)
                  00013ac8    00000018     nettool_ipv4.aem4f : dhcpsock.oem4f (.text:dhcpSocketClose)
                  00013ae0    00000018     stk.aem4f : listlib.oem4f (.text:list_add)
                  00013af8    00000018     rtsv7M4_T_le_v4SPD16_eabi.lib : strcmp.c.obj (.text:strcmp)
                  00013b10    00000018     httpget_pem4f.oem4f (.text:ti_sysbios_BIOS_rtsUnlock__I)
                  00013b28    00000018     httpget_pem4f.oem4f (.text:ti_sysbios_family_arm_lm4_Timer_Module__startupDone__F)
                  00013b40    00000018     httpget_pem4f.oem4f (.text:ti_sysbios_family_arm_m3_Hwi_Module__startupDone__F)
                  00013b58    00000018     sysbios.aem4f : m3_TaskSupport_asm.obj (.text:ti_sysbios_family_arm_m3_TaskSupport_swap__E)
                  00013b70    00000018                   : BIOS.obj (.text:ti_sysbios_gates_GateMutex_leave__E)
                  00013b88    00000018                   : BIOS.obj (.text:ti_sysbios_knl_Task_unblock__E)
                  00013ba0    00000018     ti.targets.arm.rtsarm.aem4f : Error.oem4f (.text:xdc_runtime_Error_check__E)
                  00013bb8    00000018                                 : System.oem4f (.text:xdc_runtime_System_exit__E)
                  00013bd0    00000018                                 : Text.oem4f (.text:xdc_runtime_Text_ropeText__E)
                  00013be8    00000016     driverlib.lib : emac.obj (.text:EMACReset)
                  00013bfe    00000016                   : emac.obj (.text:EMACRxEnable)
                  00013c14    00000016                   : emac.obj (.text:EMACTxEnable)
                  00013c2a    00000016                   : i2c.obj (.text:I2CMasterErr)
                  00013c40    00000016     stk.aem4f : file.oem4f (.text:fdint_freefdt)
                  00013c56    00000016     rtsv7M4_T_le_v4SPD16_eabi.lib : strchr.c.obj (.text:strchr)
                  00013c6c    00000016     httpget_pem4f.oem4f (.text:ti_sysbios_BIOS_exitFunc__I)
                  00013c82    00000016     httpget.obj (.text:ti_sysbios_knl_Task_Params_init)
                  00013c98    00000016     ti.targets.arm.rtsarm.aem4f : System.oem4f (.text:xdc_runtime_System_vsprintf__E)
                  00013cae    00000014     stk.aem4f : bind.oem4f (.text:BindIPHost2IF)
                  00013cc2    00000002     --HOLE-- [fill = 0]
                  00013cc4    00000014     driverlib.lib : flash.obj (.text:FlashUserGet)
                  00013cd8    00000014     netctrl_min_ipv4.aem4f : netctrl.oem4f (.text:NC_NetStop)
                  00013cec    00000014     os.aem4f : task.oem4f (.text:NDK_hookExit)
                  00013d00    00000014     stk.aem4f : nimu.oem4f (.text:NIMUSendPacket)
                  00013d14    00000014     nettool_ipv4.aem4f : ipaddr.oem4f (.text:NtRemoveNetwork)
                  00013d28    00000014     stk.aem4f : rawethsock_pcb.oem4f (.text:RawEthSockPcbInit)
                  00013d3c    00000014               : timer.oem4f (.text:TimerFree)
                  00013d50    00000014     httpget.obj (.text:accept)
                  00013d64    00000014     httpget.obj (.text:bind)
                  00013d78    00000014     httpget.obj (.text:connect)
                  00013d8c    00000014     httpget.obj (.text:socket)
                  00013da0    00000014     rtsv7M4_T_le_v4SPD16_eabi.lib : strcpy.c.obj (.text:strcpy)
                  00013db4    00000014                                   : strlen.c.obj (.text:strlen)
                  00013dc8    00000014     httpget_pem4f.oem4f (.text:ti_ndk_config_global_taskExitHook)
                  00013ddc    00000014     httpget_pem4f.oem4f (.text:ti_sysbios_family_arm_m3_Hwi_Object__get__S)
                  00013df0    00000014     sysbios.aem4f : BIOS.obj (.text:ti_sysbios_family_arm_m3_Hwi_switchFromBootStack__E)
                  00013e04    00000014     httpget_pem4f.oem4f (.text:ti_sysbios_heaps_HeapMem_Object__get__S)
                  00013e18    00000014     httpget_pem4f.oem4f (.text:ti_sysbios_knl_Mailbox_Object__get__S)
                  00013e2c    00000014     httpget_pem4f.oem4f (.text:ti_sysbios_knl_Swi_Object__get__S)
                  00013e40    00000014     httpget_pem4f.oem4f (.text:ti_sysbios_knl_Task_Object__first__S)
                  00013e54    00000014     httpget_pem4f.oem4f (.text:ti_sysbios_knl_Task_Object__next__S)
                  00013e68    00000012     driverlib.lib : gpio.obj (.text:GPIOPinTypeEthernetLED)
                  00013e7a    00000012                   : gpio.obj (.text:GPIOPinTypeI2C)
                  00013e8c    00000012                   : gpio.obj (.text:GPIOPinTypeI2CSCL)
                  00013e9e    00000012     stk.aem4f : sockprot.oem4f (.text:SockPrAttach)
                  00013eb0    00000012               : sockint.oem4f (.text:SockSetOOBData)
                  00013ec2    00000012     httpget.obj (.text:netIPAddrHook)
                  00013ed4    00000004     --HOLE-- [fill = 0]
                  00013ed8    00000012     sysbios.aem4f : BIOS.obj (.text:ti_sysbios_hal_Hwi_Module_startup__E)
                  00013eea    00000006     driverlib.lib : emac.obj (.text:EMACTxDMADescriptorListSet)
                  00013ef0    00000012     sysbios.aem4f : BIOS.obj (.text:ti_sysbios_hal_Timer_Module_startup__E)
                  00013f02    00000006     driverlib.lib : gpio.obj (.text:GPIOIntClear)
                  00013f08    00000012     sysbios.aem4f : BIOS.obj (.text:ti_sysbios_knl_Semaphore_reset__E)
                  00013f1a    00000012     rtsv7M4_T_le_v4SPD16_eabi.lib : wcslen.c.obj (.text:wcslen)
                  00013f2c    00000012     httpget_pem4f.oem4f (.text:xdc_runtime_Startup_exec__I)
                  00013f3e    00000002     --HOLE-- [fill = 0]
                  00013f40    00000010     httpget_pem4f.oem4f (.text:.bootCodeSection:ti_catalog_arm_cortexm4_tiva_ce_Boot_init__I)
                  00013f50    00000010     stk.aem4f : bind.oem4f (.text:BindIF2IPHost)
                  00013f60    00000010               : bind.oem4f (.text:BindIFNet2IPHost)
                  00013f70    00000010     driverlib.lib : emac.obj (.text:EMACFrameFilterSet)
                  00013f80    00000010     stk.aem4f : exec.oem4f (.text:ExecHRef)
                  00013f90    00000010     drivers_tivaware.aem4f : I2C.oem4f (.text:I2C_Params_init)
                  00013fa0    00000010     netctrl_min_ipv4.aem4f : netctrl.oem4f (.text:NC_IPUpdate)
                  00013fb0    00000010     stk.aem4f : nimu.oem4f (.text:NIMUGetRsvdSizeInfo)
                  00013fc0    00000010     httpget.obj (.text:listen)
                  00013fd0    00000010     sysbios.aem4f : BIOS.obj (.text:ti_sysbios_BIOS_exit__E)
                  00013fe0    00000010                   : BIOS.obj (.text:ti_sysbios_BIOS_getCpuFreq__E)
                  00013ff0    00000010                   : BIOS.obj (.text:ti_sysbios_BIOS_setThreadType__E)
                  00014000    00000010                   : BIOS.obj (.text:ti_sysbios_BIOS_start__E)
                  00014010    00000010                   : m3_TaskSupport_asm.obj (.text:ti_sysbios_family_arm_m3_TaskSupport_glue)
                  00014020    00000010                   : BIOS.obj (.text:ti_sysbios_gates_GateMutex_Instance_finalize__E)
                  00014030    00000010                   : BIOS.obj (.text:ti_sysbios_knl_Semaphore_Instance_finalize__E)
                  00014040    00000010                   : BIOS.obj (.text:ti_sysbios_knl_Swi_disable__E)
                  00014050    00000010     httpget_pem4f.oem4f (.text:ti_sysbios_knl_Task_Object__get__S)
                  00014060    00000010     sysbios.aem4f : BIOS.obj (.text:ti_sysbios_knl_Task_disable__E)
                  00014070    00000010     ti.targets.arm.rtsarm.aem4f : Gate.oem4f (.text:xdc_runtime_Gate_leaveSystem__E)
                  00014080    00000010                                 : Memory.oem4f (.text:xdc_runtime_Memory_free__E)
                  00014090    00000010                                 : SysMin.oem4f (.text:xdc_runtime_SysMin_ready__E)
                  000140a0    00000010                                 : System.oem4f (.text:xdc_runtime_System_vsnprintf__E)
                  000140b0    00000010     httpget_pem4f.oem4f (.text:xdc_runtime_Text_visitRope__I)
                  000140c0    0000000e     drivers_tivaware.aem4f : EMACSnow.oem4f (.text:EMACSnow_emacioctl)
                  000140ce    0000000e     stk.aem4f : exec.oem4f (.text:ExecLowResource)
                  000140dc    0000000e     driverlib.lib : gpio.obj (.text:GPIOIntStatus)
                  000140ea    0000000e     rtsv7M4_T_le_v4SPD16_eabi.lib : copy_decompress_none.c.obj (.text:decompress:none:__TI_decompress_none)
                  000140f8    0000000e     sysbios.aem4f : BIOS.obj (.text:ti_sysbios_knl_Clock_removeI__E)
                  00014106    00000002     --HOLE-- [fill = 0]
                  00014108    0000000e                   : BIOS.obj (.text:ti_sysbios_knl_Idle_loop__E)
                  00014116    00000002     --HOLE-- [fill = 0]
                  00014118    0000000e                   : BIOS.obj (.text:ti_sysbios_knl_Queue_empty__E)
                  00014126    00000002     --HOLE-- [fill = 0]
                  00014128    0000000c     stk.aem4f : bind.oem4f (.text:BindGetFirst)
                  00014134    0000000c     nettool_ipv4.aem4f : config.oem4f (.text:CfgSetDefault)
                  00014140    0000000c     drivers_tivaware.aem4f : EMACSnow.oem4f (.text:EMACSnow_init)
                  0001414c    0000000c     os.aem4f : task.oem4f (.text:NDK_hookInit)
                  00014158    0000000c     stk.aem4f : nimu.oem4f (.text:NIMUSetRsvdSizeInfo)
                  00014164    0000000c     os.aem4f : task.oem4f (.text:NotifyLowResource)
                  00014170    0000000c     stk.aem4f : pbm.oem4f (.text:PBM_close)
                  0001417c    0000000c     os.aem4f : semaphore.oem4f (.text:SemDelete)
                  00014188    0000000c     rtsv7M4_T_le_v4SPD16_eabi.lib : ctime_.c.obj (.text:__ctime32)
                  00014194    0000000c     hal_timer_bios.aem4f : lltimer.oem4f (.text:_llTimerShutdown)
                  000141a0    0000000c     rtsv7M4_T_le_v4SPD16_eabi.lib : _lock.c.obj (.text:_register_lock)
                  000141ac    0000000c                                   : _lock.c.obj (.text:_register_unlock)
                  000141b8    0000000c     httpget.obj (.text:close)
                  000141c4    0000000c     rtsv7M4_T_le_v4SPD16_eabi.lib : copy_zero_init.c.obj (.text:decompress:ZI:__TI_zero_init)
                  000141d0    0000000c     hal_timer_bios.aem4f : lltimer.oem4f (.text:llTimerGetStartTime)
                  000141dc    00000004     --HOLE-- [fill = 0]
                  000141e0    0000000c     sysbios.aem4f : BIOS.obj (.text:ti_sysbios_BIOS_getThreadType__E)
                  000141ec    00000004     --HOLE-- [fill = 0]
                  000141f0    0000000c                   : BIOS.obj (.text:ti_sysbios_family_arm_lm4_Timer_getMaxTicks__E)
                  000141fc    0000000c     httpget_pem4f.oem4f (.text:ti_sysbios_family_arm_m3_Hwi_Params__init__S)
                  00014208    0000000c     sysbios.aem4f : BIOS.obj (.text:ti_sysbios_family_arm_m3_Hwi_disableFxn__E)
                  00014214    00000004     --HOLE-- [fill = 0]
                  00014218    0000000c                   : BIOS.obj (.text:ti_sysbios_family_arm_m3_TaskSupport_checkStack__E)
                  00014224    00000004     --HOLE-- [fill = 0]
                  00014228    0000000c                   : BIOS.obj (.text:ti_sysbios_family_arm_m3_TaskSupport_getStackAlignment__E)
                  00014234    00000004     --HOLE-- [fill = 0]
                  00014238    0000000c                   : BIOS.obj (.text:ti_sysbios_gates_GateHwi_enter__E)
                  00014244    0000000c     httpget_pem4f.oem4f (.text:ti_sysbios_knl_Clock_Params__init__S)
[...]
00016804  i2cTivaHWAttrs                                                       
0001681c  ti_sysbios_gates_GateHwi_Object__PARAMS__C                           
00016834  ti_sysbios_gates_GateMutex_Object__PARAMS__C                         
0001684c  ti_sysbios_knl_Queue_Object__PARAMS__C                               
00016864  ti_sysbios_knl_Task_hooks__A                                         
0001687c  GPIOTiva_config                                                      
00016890  xdc_runtime_Startup_firstFxns__A                                     
000168a4  xdc_runtime_Startup_sfxnRts__A                                       
000168b8  I2C_defaultParams                                                    
000168c8  emacHWAttrs                                                          
000168e0  EMACSnow_fxnTable                                                    
000168e8  ti_sysbios_family_arm_m3_Hwi_excHookFuncs__A                         
000168f0  ti_sysbios_knl_Idle_funcList__A                                      
000168f8  ti_sysbios_knl_Idle_funcList__C                                      
00016900  ti_sysbios_knl_Task_hooks__C                                         
00016908  xdc_runtime_Startup_firstFxns__C                                     
00016910  xdc_runtime_Startup_lastFxns__C                                      
00016918  ti_catalog_arm_cortexm4_tiva_ce_Boot_A_mustNotUseEnhancedClockMode__C
0001691c  ti_catalog_arm_cortexm4_tiva_ce_Boot_Module__diagsEnabled__C         
00016920  ti_catalog_arm_cortexm4_tiva_ce_Boot_Module__diagsIncluded__C        
00016924  ti_catalog_arm_cortexm4_tiva_ce_Boot_Module__diagsMask__C            
00016928  ti_sysbios_family_arm_lm4_Timer_enableFunc__C                        
0001692c  ti_sysbios_family_arm_lm4_Timer_numTimerDevices__C                   
00016930  ti_sysbios_family_arm_lm4_Timer_startupNeeded__C                     
00016934  ti_sysbios_family_arm_m3_Hwi_E_NMI__C                                
00016938  ti_sysbios_family_arm_m3_Hwi_E_alreadyDefined__C                     
0001693c  ti_sysbios_family_arm_m3_Hwi_E_busFault__C                           
00016940  ti_sysbios_family_arm_m3_Hwi_E_debugMon__C                           
00016944  ti_sysbios_family_arm_m3_Hwi_E_hardFault__C                          
00016948  ti_sysbios_family_arm_m3_Hwi_E_memFault__C                           
0001694c  ti_sysbios_family_arm_m3_Hwi_E_noIsr__C                              
00016950  ti_sysbios_family_arm_m3_Hwi_E_reserved__C                           
00016954  ti_sysbios_family_arm_m3_Hwi_E_svCall__C                             
00016958  ti_sysbios_family_arm_m3_Hwi_E_usageFault__C                         
0001695c  ti_sysbios_family_arm_m3_Hwi_NUM_INTERRUPTS__C                       
00016960  ti_sysbios_family_arm_m3_Hwi_Object__count__C                        
00016964  ti_sysbios_family_arm_m3_Hwi_ccr__C                                  
00016968  ti_sysbios_family_arm_m3_Hwi_excHandlerFunc__C                       
0001696c  ti_sysbios_family_arm_m3_Hwi_excHookFuncs__C                         
00016970  ti_sysbios_family_arm_m3_Hwi_nullIsrFunc__C                          
00016974  ti_sysbios_family_arm_m3_Hwi_priGroup__C                             
00016978  ti_sysbios_family_arm_m3_TaskSupport_stackAlignment__C               
0001697c  ti_sysbios_gates_GateMutex_Instance_State_sem__O                     
00016980  ti_sysbios_hal_Hwi_E_stackOverflow__C                                
00016984  ti_sysbios_heaps_HeapMem_E_memory__C                                 
00016988  ti_sysbios_heaps_HeapMem_Module__gateObj__C                          
0001698c  ti_sysbios_heaps_HeapMem_Object__count__C                            
00016990  ti_sysbios_heaps_HeapMem_reqAlign__C                                 
00016994  ti_sysbios_knl_Clock_Module_State_clockQ__O                          
00016998  ti_sysbios_knl_Mailbox_Instance_State_dataQue__O                     
0001699c  ti_sysbios_knl_Mailbox_Instance_State_dataSem__O                     
000169a0  ti_sysbios_knl_Mailbox_Instance_State_freeQue__O                     
000169a4  ti_sysbios_knl_Mailbox_Instance_State_freeSem__O                     
000169a8  ti_sysbios_knl_Mailbox_Object__count__C                              
000169ac  ti_sysbios_knl_Mailbox_maxTypeAlign__C                               
000169b0  ti_sysbios_knl_Semaphore_Instance_State_pendQ__O                     
000169b4  ti_sysbios_knl_Swi_Object__count__C                                  
000169b8  ti_sysbios_knl_Task_E_deleteNotAllowed__C                            
000169bc  ti_sysbios_knl_Task_E_spOutOfBounds__C                               
000169c0  ti_sysbios_knl_Task_E_stackOverflow__C                               
000169c4  ti_sysbios_knl_Task_Module_State_inactiveQ__O                        
000169c8  ti_sysbios_knl_Task_Module_State_terminatedQ__O                      
000169cc  ti_sysbios_knl_Task_Object__count__C                                 
000169d0  ti_sysbios_knl_Task_Object__heap__C                                  
000169d4  ti_sysbios_knl_Task_allBlockedFunc__C                                
000169d8  ti_sysbios_knl_Task_defaultStackHeap__C                              
000169dc  ti_sysbios_knl_Task_defaultStackSize__C                              
000169e0  ti_sysbios_knl_Task_numConstructedTasks__C                           
000169e4  xdc_runtime_Assert_E_assertFailed__C                                 
000169e8  xdc_runtime_Core_A_initializedParams__C                              
000169ec  xdc_runtime_Core_Module__diagsEnabled__C                             
000169f0  xdc_runtime_Core_Module__diagsIncluded__C                            
000169f4  xdc_runtime_Core_Module__diagsMask__C                                
000169f8  xdc_runtime_Error_E_memory__C                                        
000169fc  xdc_runtime_Error_Module__diagsEnabled__C                            
00016a00  xdc_runtime_Error_Module__diagsIncluded__C                           
00016a04  xdc_runtime_Error_Module__diagsMask__C                               
00016a08  xdc_runtime_Error_Module__loggerFxn8__C                              
00016a0c  xdc_runtime_Error_Module__loggerObj__C                               
00016a10  xdc_runtime_Error_policyFxn__C                                       
00016a14  xdc_runtime_Error_raiseHook__C                                       
00016a18  xdc_runtime_IGateProvider_Interface__BASE__C                         
00016a1c  xdc_runtime_IHeap_Interface__BASE__C                                 
00016a20  xdc_runtime_IModule_Interface__BASE__C                               
00016a24  xdc_runtime_Log_L_error__C                                           
00016a28  xdc_runtime_Memory_defaultHeapInstance__C                            
00016a2c  xdc_runtime_Startup_execImpl__C                                      
00016a30  xdc_runtime_Startup_maxPasses__C                                     
00016a34  xdc_runtime_Startup_sfxnRts__C                                       
00016a38  xdc_runtime_Startup_sfxnTab__C                                       
00016a3c  xdc_runtime_SysMin_bufSize__C                                        
00016a40  xdc_runtime_SysMin_outputFunc__C                                     
00016a44  xdc_runtime_System_Module__gateObj__C                                
00016a48  xdc_runtime_System_abortFxn__C                                       
00016a4c  xdc_runtime_System_exitFxn__C                                        
00016a50  xdc_runtime_System_extendFxn__C                                      
00016a54  xdc_runtime_System_maxAtexitHandlers__C                              
00016a58  xdc_runtime_Text_charTab__C                                          
00016a5c  xdc_runtime_Text_nameEmpty__C                                        
00016a60  xdc_runtime_Text_nameStatic__C                                       
00016a64  xdc_runtime_Text_nameUnknown__C                                      
00016a68  xdc_runtime_Text_nodeTab__C                                          
00016a6c  xdc_runtime_Text_visitRopeFxn__C                                     
00016a70  ti_sysbios_heaps_HeapMem_Module__id__C                               
00016a72  ti_sysbios_knl_Task_Module__id__C                                    
00016a74  xdc_runtime_Core_Module__id__C                                       
00016a76  xdc_runtime_Error_Module__loggerDefined__C                           
00016a78  xdc_runtime_Error_maxDepth__C                                        
00016a7a  xdc_runtime_Memory_Module__id__C                                     
00016a7c  xdc_runtime_SysMin_flushAtExit__C                                    
00016a7e  xdc_runtime_Text_charCnt__C                                          
00016a80  xdc_runtime_Text_isLoaded__C                                         
00016a82  xdc_runtime_Text_registryModsLastId__C                               
00016a84  xdc_runtime_Text_unnamedModsLastId__C                                
00016a86  xdc_runtime_Error_policy__C                                          
00016a88  __TI_static_base__                                                   
00016eac  __TI_Handler_Table_Base                                              
00016eb8  __TI_Handler_Table_Limit                                             
00016ec8  __TI_CINIT_Base                                                      
00016ee0  __TI_CINIT_Limit                                                     
20000000  __start___llvm_prf_cnts                                              
20000000  __stop___llvm_prf_cnts                                               
20000000  ti_sysbios_family_arm_m3_Hwi_ramVectors                              
20000380  ti_ndk_config_Global_pit                                             
20000498  ti_ndk_config_Global_pitBuffer                                       
2000cc98  ti_sysbios_heaps_HeapMem_Instance_State_0_buf__A                     
20014c98  ips                                                                  
20014d00  ti_ndk_config_Global_pBufMem                                         
20018900  ti_ndk_config_Global_pHdrMem                                         
20018bf8  ti_sysbios_knl_Task_Instance_State_0_stack__A                        
200191f8  ti_sysbios_knl_Task_Instance_State_1_stack__A                        
200193f8  ti_sysbios_family_arm_m3_Hwi_dispatchTable                           
20019758  __CIOBUF_                                                            
20019978  i2cTivaObjects                                                       
20019a78  tcps                                                                 
20019be8  ti_sysbios_knl_Mailbox_Instance_State_0_allocBuf__A                  
20019e38  xdc_runtime_SysMin_Module_State_0_outbuf__A                          
20019eb8  nimu_mcb                                                             
20019f1c  _ICMPIn                                                              
20019f68  _ICMPOut                                                             
20019ff4  vlan_mcb                                                             
2001a040  udps                                                                 
2001a080  BlockCount                                                           
2001a09c  BlockMax                                                             
2001a0b8  PageCount                                                            
2001a0d4  PageMax                                                              
2001a0f0  i2cTransaction                                                       
2001a124  stkEvent                                                             
2001a150  takenTime                                                            
2001a164  tempstr                                                              
2001a178  i2cParams                                                            
2001a198  raweths                                                              
2001a1a8  raws                                                                 
2001a1b8  ti_sysbios_knl_Mailbox_Instance_State_1_allocBuf__A                  
2001a1c8  PBMQ_free                                                            
2001a1d4  tpseudo                                                              
2001a1e0  upseudo                                                              
2001a1ec  emacObjects                                                          
2001a1f4  parmbuf                                                              
2001a21c  _IGMPInDiscard                                                       
2001a220  _IGMPInQuery                                                         
2001a224  _IGMPInQueryGroup                                                    
2001a228  _IGMPInResponse                                                      
2001a22c  _IGMPOutResponse                                                     
2001a230  g_ulStatus                                                           
2001a244  i2c                                                                  
2001a248  raweth_pcb                                                           
2001a24c  ti_sysbios_knl_Task_Instance_State_0_hookEnv__A                      
2001a250  ti_sysbios_knl_Task_Instance_State_1_hookEnv__A                      
2001a254  timestr                                                              
2001a258  ctr                                                                  
2001a25c  _ipcfg                                                               
2001a310  ti_sysbios_knl_Mailbox_Object__table__V                              
2001a3b0  ti_sysbios_knl_Task_Object__table__V                                 
2001a448  ti_sysbios_family_arm_lm4_Timer_Object__table__V                     
2001a4c8  ti_sysbios_knl_Swi_Module_State_0_readyQ__A                          
2001a548  ti_sysbios_knl_Task_Module_State_0_readyQ__A                         
2001a5c8  ti_sysbios_knl_Semaphore_Object__table__V                            
2001a666  ti_sysbios_family_arm_m3_Hwi_Module_State_0_excActive__A             
2001a668  ti_sysbios_knl_Task_Module__state__V                                 
2001a72c  ti_sysbios_family_arm_lm4_Timer_Module_State_0_device__A             
2001a76c  ti_sysbios_gates_GateMutex_Object__table__V                          
2001a7d8  ti_sysbios_family_arm_m3_Hwi_Module__state__V                        
2001a80c  enablePrefetch                                                       
2001a810  phyCounter                                                           
2001a83e  xdc_runtime_Error_Module__state__V                                   
2001a870  ti_sysbios_family_arm_m3_Hwi_Object__table__V                        
2001a8a0  ti_sysbios_knl_Swi_Object__table__V                                  
2001a8d0  ti_sysbios_knl_Clock_Module__state__V                                
2001a8fc  pstrMsgName                                                          
2001a924  _oscfg                                                               
2001a96c  PITCount                                                             
2001a970  PITUsed                                                              
2001a974  PITHigh                                                              
2001a990  ti_sysbios_BIOS_Module__state__V                                     
2001a9b4  ti_sysbios_family_arm_lm4_Timer_Module_State_0_handles__A            
2001a9f0  ti_ndk_config_Global_Id2Size                                         
2001aa0c  ti_sysbios_knl_Swi_Module__state__V                                  
2001aa70  ti_sysbios_heaps_HeapMem_Object__table__V                            
2001aac4  _tz                                                                  
2001aad4  gpioPinConfigs                                                       
2001aaec  _IGMPForceVersion1                                                   
2001aaf4  ti_sysbios_family_arm_lm4_Timer_Module__state__V                     
2001ab00  xdc_runtime_SysMin_Module__state__V                                  
2001ab18  _lock                                                                
2001ab1c  _unlock                                                              
2001ab20  NIMUDeviceTable                                                      
2001ab28  gpioCallbackFunctions                                                
2001ab30  ti_ndk_config_Global_HostName                                        
2001ab34  __xdc__init__addr                                                    
2001ab48  _ICMPInErrors                                                        
2001ab4c  _ICMPOutErrors                                                       
2001ab50  _IPExecuting                                                         
2001ab68  tcp_iss                                                              
2001ab6c  ptTimeFirst                                                          
2001ab78  ti_sysbios_family_arm_m3_Hwi_Module__root__V                         
2001ab80  ti_sysbios_gates_GateHwi_Module__root__V                             
2001ab88  ti_sysbios_gates_GateMutex_Module__root__V                           
2001ab90  ti_sysbios_hal_Timer_Object__table__V                                
2001ab98  ti_sysbios_heaps_HeapMem_Module__root__V                             
2001aba0  ti_sysbios_knl_Clock_Module__root__V                                 
2001aba8  ti_sysbios_knl_Queue_Module__root__V                                 
2001abb0  ti_sysbios_knl_Semaphore_Module__root__V                             
2001abb8  ti_sysbios_knl_Swi_Module__root__V                                   
2001abc0  ti_sysbios_knl_Task_Module__root__V                                  
2001abc8  xdc_runtime_Registry_Module__state__V                                
2001abd0  xdc_runtime_Startup_Module__state__V                                 
2001abd8  xdc_runtime_System_Module_State_0_atexitHandlers__A                  
2001abe0  xdc_runtime_System_Module__state__V                                  
2001abe8  macAddress                                                           
2001ac0c  errno                                                                
2001ac10  main_func_sp                                                         
2001ac18  _IPReasmPtr                                                          
2001ac28  ti_sysbios_family_arm_m3_Hwi_Module_State_0_excContext__A            
2001ac2c  ti_sysbios_family_arm_m3_Hwi_Module_State_0_excStack__A              
2001ac30  ti_sysbios_gates_GateHwi_Object__table__V                            
2001ac34  ti_sysbios_knl_Task_Module_State_0_idleTask__A                       
2001ac38  xdc_runtime_Memory_Module__state__V                                  
2001ac40  __stack                                                              
2001b440  __STACK_END                                                          
e000e000  ti_sysbios_family_arm_m3_Hwi_nvic                                    
ffffffff  __TI_pprof_out_hndl                                                  
ffffffff  __TI_prof_data_size                                                  
ffffffff  __TI_prof_data_start                                                 
ffffffff  __binit__                                                            
ffffffff  __c_args__                                                           
ffffffff  binit                                                                
UNDEFED   SHT$$INIT_ARRAY$$Base                                                
UNDEFED   SHT$$INIT_ARRAY$$Limit                                               

[1098 symbols]
